2600:387:f:5f18::6 - - [01/Sep/2024:17:46:34 +0000] "GET /api/syllabi HTTP/1.1" 200 15694 "https://syllabus.website/" "Mozilla/5.0 (Linux; Android 10; K) AppleWebKit/537.36 (KHTML, like Gecko) Chrome/128.0.0.0 Mobile Safari/537.36"
2600:387:f:5f18::6 - - [01/Sep/2024:17:46:44 +0000] "GET /api/syllabi/9 HTTP/1.1" 200 246933 "https://syllabus.website/" "Mozilla/5.0 (Linux; Android 10; K) AppleWebKit/537.36 (KHTML, like Gecko) Chrome/128.0.0.0 Mobile Safari/537.36"
173.52.87.172 - - [01/Sep/2024:17:47:01 +0000] "GET /api/syllabi HTTP/1.1" 200 15694 "https://syllabus.website/" "Mozilla/5.0 (Windows NT 10.0; Win64; x64) AppleWebKit/537.36 (KHTML, like Gecko) Chrome/128.0.0.0 Safari/537.36"
98.113.99.23 - - [01/Sep/2024:17:47:01 +0000] "GET /api/syllabi/52 HTTP/1.1" 200 796410 "https://syllabus.website/" "Mozilla/5.0 (iPhone; CPU iPhone OS 17_5_1 like Mac OS X) AppleWebKit/605.1.15 (KHTML, like Gecko) Version/17.5 Mobile/15E148 Safari/604.1"
130.245.192.3 - - [01/Sep/2024:17:47:03 +0000] "GET /api/syllabi HTTP/1.1" 200 15694 "https://syllabus.website/" "Mozilla/5.0 (iPhone; CPU iPhone OS 17_6_1 like Mac OS X) AppleWebKit/605.1.15 (KHTML, like Gecko) Version/17.6 Mobile/15E148 Safari/604.1"
173.3.137.61 - - [01/Sep/2024:17:47:11 +0000] "GET /api/syllabi HTTP/1.1" 200 15694 "https://syllabus.website/" "Mozilla/5.0 (Windows NT 10.0; Win64; x64; rv:129.0) Gecko/20100101 Firefox/129.0"
173.52.87.172 - - [01/Sep/2024:17:47:11 +0000] "GET /api/syllabi/7 HTTP/1.1" 200 43092 "https://syllabus.website/" "Mozilla/5.0 (Windows NT 10.0; Win64; x64) AppleWebKit/537.36 (KHTML, like Gecko) Chrome/128.0.0.0 Safari/537.36"
70.23.235.185 - - [01/Sep/2024:17:47:12 +0000] "GET /api/syllabi HTTP/1.1" 200 15694 "https://syllabus.website/" "Mozilla/5.0 (Windows NT 10.0; Win64; x64) AppleWebKit/537.36 (KHTML, like Gecko) Chrome/128.0.0.0 Safari/537.36"
130.245.192.3 - - [01/Sep/2024:17:47:12 +0000] "GET /api/syllabi HTTP/1.1" 304 - "https://syllabus.website/" "Mozilla/5.0 (iPhone; CPU iPhone OS 17_6_1 like Mac OS X) AppleWebKit/605.1.15 (KHTML, like Gecko) Version/17.6 Mobile/15E148 Safari/604.1"
130.245.192.3 - - [01/Sep/2024:17:47:17 +0000] "GET /api/syllabi HTTP/1.1" 304 - "https://syllabus.website/" "Mozilla/5.0 (iPhone; CPU iPhone OS 17_6_1 like Mac OS X) AppleWebKit/605.1.15 (KHTML, like Gecko) Version/17.6 Mobile/15E148 Safari/604.1"
2a09:bac2:a628:197d::28a:f4 - - [01/Sep/2024:17:47:27 +0000] "GET /api/syllabi HTTP/1.1" 200 15694 "https://syllabus.website/" "Mozilla/5.0 (iPhone; CPU iPhone OS 17_5_1 like Mac OS X) AppleWebKit/605.1.15 (KHTML, like Gecko) Version/17.5 Mobile/15E148 Safari/604.1"
2607:fb91:311c:1175:2ddc:7198:daf7:2b91 - - [01/Sep/2024:17:47:36 +0000] "GET /api/syllabi HTTP/1.1" 200 15694 "https://syllabus.website/" "Mozilla/5.0 (Android 14; Mobile; rv:131.0) Gecko/131.0 Firefox/131.0"
2a09:bac3:a62e:6e::b:2b7 - - [01/Sep/2024:17:47:36 +0000] "GET /api/syllabi HTTP/1.1" 200 15694 "https://syllabus.website/" "Mozilla/5.0 (iPhone; CPU iPhone OS 17_5_1 like Mac OS X) AppleWebKit/605.1.15 (KHTML, like Gecko) Version/17.5 Mobile/15E148 Safari/604.1"
130.245.192.3 - - [01/Sep/2024:17:47:37 +0000] "GET /api/syllabi HTTP/1.1" 304 - "https://syllabus.website/" "Mozilla/5.0 (iPhone; CPU iPhone OS 17_6_1 like Mac OS X) AppleWebKit/605.1.15 (KHTML, like Gecko) Version/17.6 Mobile/15E148 Safari/604.1"
2600:387:f:5f18::6 - - [01/Sep/2024:17:47:41 +0000] "GET /api/syllabi/21 HTTP/1.1" 200 1851589 "https://syllabus.website/" "Mozilla/5.0 (Linux; Android 10; K) AppleWebKit/537.36 (KHTML, like Gecko) Chrome/128.0.0.0 Mobile Safari/537.36"
2607:fb91:311c:1175:2ddc:7198:daf7:2b91 - - [01/Sep/2024:17:47:42 +0000] "GET /api/syllabi/5 HTTP/1.1" 200 96119 "-" "Mozilla/5.0 (Android 14; Mobile; rv:131.0) Gecko/131.0 Firefox/131.0"
130.245.192.3 - - [01/Sep/2024:17:47:44 +0000] "GET /api/syllabi HTTP/1.1" 304 - "https://syllabus.website/" "Mozilla/5.0 (iPhone; CPU iPhone OS 17_6_1 like Mac OS X) AppleWebKit/605.1.15 (KHTML, like Gecko) Version/17.6 Mobile/15E148 Safari/604.1"
24.47.135.51 - - [01/Sep/2024:17:47:49 +0000] "POST /api/upload HTTP/1.1" 200 154 "https://syllabus.website/" "Mozilla/5.0 (X11; Linux x86_64; rv:129.0) Gecko/20100101 Firefox/129.0"
173.3.137.61 - - [01/Sep/2024:17:47:53 +0000] "GET /api/syllabi/80 HTTP/1.1" 200 231246 "https://syllabus.website/" "Mozilla/5.0 (Windows NT 10.0; Win64; x64; rv:129.0) Gecko/20100101 Firefox/129.0"
2603:7000:153e:de86:189f:bc2d:9b3b:98aa - - [01/Sep/2024:17:47:54 +0000] "GET /api/syllabi HTTP/1.1" 200 15849 "https://syllabus.website/" "Mozilla/5.0 (iPhone; CPU iPhone OS 17_6_1 like Mac OS X) AppleWebKit/605.1.15 (KHTML, like Gecko) Version/17.6 Mobile/15E148 Safari/604.1"
24.47.135.51 - - [01/Sep/2024:17:47:54 +0000] "GET /api/syllabi HTTP/1.1" 200 15849 "https://syllabus.website/" "Mozilla/5.0 (X11; Linux x86_64; rv:129.0) Gecko/20100101 Firefox/129.0"
130.245.192.5 - - [01/Sep/2024:17:47:58 +0000] "GET /api/syllabi HTTP/1.1" 200 15849 "https://syllabus.website/" "Mozilla/5.0 (iPhone; CPU iPhone OS 16_7 like Mac OS X) AppleWebKit/605.1.15 (KHTML, like Gecko) Version/16.6 Mobile/15E148 Safari/604.1"
173.52.87.172 - - [01/Sep/2024:17:47:59 +0000] "GET /api/syllabi/21 HTTP/1.1" 200 1851589 "https://syllabus.website/" "Mozilla/5.0 (Windows NT 10.0; Win64; x64) AppleWebKit/537.36 (KHTML, like Gecko) Chrome/128.0.0.0 Safari/537.36"
2600:387:f:5f18::6 - - [01/Sep/2024:17:48:17 +0000] "GET /api/syllabi/57 HTTP/1.1" 200 192587 "https://syllabus.website/" "Mozilla/5.0 (Linux; Android 10; K) AppleWebKit/537.36 (KHTML, like Gecko) Chrome/128.0.0.0 Mobile Safari/537.36"
130.245.192.5 - - [01/Sep/2024:17:48:34 +0000] "GET /api/syllabi HTTP/1.1" 304 - "https://syllabus.website/" "Mozilla/5.0 (iPhone; CPU iPhone OS 16_7 like Mac OS X) AppleWebKit/605.1.15 (KHTML, like Gecko) Version/16.6 Mobile/15E148 Safari/604.1"
67.85.142.138 - - [01/Sep/2024:17:48:46 +0000] "GET /api/syllabi HTTP/1.1" 200 15849 "https://syllabus.website/?fbclid=IwZXh0bgNhZW0CMTEAAR2gcEN04WY4VGc-oyn3dIaArN03dwlkfw-kqnmXiIwR1uc4XFHaMArBfYM_aem_d1Slh5-iSVZqcrzVwSk9uw" "Mozilla/5.0 (iPhone; CPU iPhone OS 17_6_1 like Mac OS X) AppleWebKit/605.1.15 (KHTML, like Gecko) Mobile/15E148 [FBAN/FBIOS;FBAV/473.0.0.22.110;FBBV/636278666;FBDV/iPhone15,4;FBMD/iPhone;FBSN/iOS;FBSV/17.6.1;FBSS/3;FBCR/;FBID/phone;FBLC/en_US;FBOP/80]"
2603:7000:153e:de86:189f:bc2d:9b3b:98aa - - [01/Sep/2024:17:48:51 +0000] "GET /api/syllabi/51 HTTP/1.1" 200 186604 "https://syllabus.website/" "Mozilla/5.0 (iPhone; CPU iPhone OS 17_6_1 like Mac OS X) AppleWebKit/605.1.15 (KHTML, like Gecko) Version/17.6 Mobile/15E148 Safari/604.1"
130.245.192.15 - - [01/Sep/2024:17:49:20 +0000] "GET /api/syllabi HTTP/1.1" 200 15849 "https://syllabus.website/" "Mozilla/5.0 (Linux; Android 10; K) AppleWebKit/537.36 (KHTML, like Gecko) SamsungBrowser/26.0 Chrome/122.0.0.0 Mobile Safari/537.36"
130.245.192.5 - - [01/Sep/2024:17:49:27 +0000] "GET /api/syllabi HTTP/1.1" 304 - "https://syllabus.website/" "Mozilla/5.0 (iPhone; CPU iPhone OS 16_7 like Mac OS X) AppleWebKit/605.1.15 (KHTML, like Gecko) Version/16.6 Mobile/15E148 Safari/604.1"
2600:387:f:5f18::6 - - [01/Sep/2024:17:49:31 +0000] "GET /api/syllabi/73 HTTP/1.1" 200 188591 "https://syllabus.website/" "Mozilla/5.0 (Linux; Android 10; K) AppleWebKit/537.36 (KHTML, like Gecko) Chrome/128.0.0.0 Mobile Safari/537.36"
130.245.192.15 - - [01/Sep/2024:17:49:45 +0000] "GET /api/syllabi/16 HTTP/1.1" 200 1497059 "https://syllabus.website/" "Mozilla/5.0 (Linux; Android 10; K) AppleWebKit/537.36 (KHTML, like Gecko) SamsungBrowser/26.0 Chrome/122.0.0.0 Mobile Safari/537.36"
24.47.135.51 - - [01/Sep/2024:17:49:51 +0000] "POST /api/upload HTTP/1.1" 200 153 "https://syllabus.website/" "Mozilla/5.0 (X11; Linux x86_64; rv:129.0) Gecko/20100101 Firefox/129.0"
173.52.87.172 - - [01/Sep/2024:17:49:57 +0000] "GET /api/syllabi/57 HTTP/1.1" 200 192587 "https://syllabus.website/" "Mozilla/5.0 (Windows NT 10.0; Win64; x64) AppleWebKit/537.36 (KHTML, like Gecko) Chrome/128.0.0.0 Safari/537.36"
71.247.1.118 - - [01/Sep/2024:17:50:31 +0000] "GET /api/syllabi HTTP/1.1" 200 16003 "https://syllabus.website/" "Mozilla/5.0 (iPhone; CPU iPhone OS 17_6_1 like Mac OS X) AppleWebKit/605.1.15 (KHTML, like Gecko) Version/17.6 Mobile/15E148 Safari/604.1"
173.52.87.172 - - [01/Sep/2024:17:50:32 +0000] "GET /api/syllabi/62 HTTP/1.1" 200 197132 "https://syllabus.website/" "Mozilla/5.0 (Windows NT 10.0; Win64; x64) AppleWebKit/537.36 (KHTML, like Gecko) Chrome/128.0.0.0 Safari/537.36"
173.52.87.172 - - [01/Sep/2024:17:50:44 +0000] "GET /api/syllabi/84 HTTP/1.1" 200 141366 "https://syllabus.website/" "Mozilla/5.0 (Windows NT 10.0; Win64; x64) AppleWebKit/537.36 (KHTML, like Gecko) Chrome/128.0.0.0 Safari/537.36"
173.52.87.172 - - [01/Sep/2024:17:50:53 +0000] "GET /api/syllabi/91 HTTP/1.1" 200 106205 "https://syllabus.website/" "Mozilla/5.0 (Windows NT 10.0; Win64; x64) AppleWebKit/537.36 (KHTML, like Gecko) Chrome/128.0.0.0 Safari/537.36"
2600:387:f:5f18::6 - - [01/Sep/2024:17:51:01 +0000] "GET /api/syllabi/45 HTTP/1.1" 200 86153 "https://syllabus.website/" "Mozilla/5.0 (Linux; Android 10; K) AppleWebKit/537.36 (KHTML, like Gecko) Chrome/128.0.0.0 Mobile Safari/537.36"
2600:387:f:5f18::6 - - [01/Sep/2024:17:51:52 +0000] "GET /api/syllabi/37 HTTP/1.1" 200 89725 "https://syllabus.website/" "Mozilla/5.0 (Linux; Android 10; K) AppleWebKit/537.36 (KHTML, like Gecko) Chrome/128.0.0.0 Mobile Safari/537.36"
98.14.162.213 - - [01/Sep/2024:17:52:03 +0000] "GET /api/syllabi HTTP/1.1" 200 16003 "https://syllabus.website/" "Mozilla/5.0 (iPhone; CPU iPhone OS 17_6_1 like Mac OS X) AppleWebKit/605.1.15 (KHTML, like Gecko) Version/17.6 Mobile/15E148 Safari/604.1"
68.161.209.6 - - [01/Sep/2024:17:53:21 +0000] "GET /api/syllabi HTTP/1.1" 200 16003 "https://syllabus.website/" "Mozilla/5.0 (Macintosh; Intel Mac OS X 10_15_7) AppleWebKit/537.36 (KHTML, like Gecko) Chrome/128.0.0.0 Safari/537.36"
68.161.209.6 - - [01/Sep/2024:17:53:33 +0000] "GET /api/syllabi/97 HTTP/1.1" 200 684585 "https://syllabus.website/" "Mozilla/5.0 (Macintosh; Intel Mac OS X 10_15_7) AppleWebKit/537.36 (KHTML, like Gecko) Chrome/128.0.0.0 Safari/537.36"
100.38.85.37 - - [01/Sep/2024:17:53:53 +0000] "GET /api/syllabi HTTP/1.1" 200 16003 "https://syllabus.website/" "Mozilla/5.0 (Android 14; Mobile; rv:129.0) Gecko/129.0 Firefox/129.0"
98.113.99.23 - - [01/Sep/2024:17:54:46 +0000] "GET /api/syllabi HTTP/1.1" 200 16003 "https://syllabus.website/" "Mozilla/5.0 (iPhone; CPU iPhone OS 17_5_1 like Mac OS X) AppleWebKit/605.1.15 (KHTML, like Gecko) Version/17.5 Mobile/15E148 Safari/604.1"
98.113.99.23 - - [01/Sep/2024:17:55:05 +0000] "GET /api/syllabi/42 HTTP/1.1" 200 376031 "https://syllabus.website/" "Mozilla/5.0 (iPhone; CPU iPhone OS 17_5_1 like Mac OS X) AppleWebKit/605.1.15 (KHTML, like Gecko) Version/17.5 Mobile/15E148 Safari/604.1"
98.113.99.23 - - [01/Sep/2024:17:56:04 +0000] "GET /api/syllabi/43 HTTP/1.1" 200 244810 "https://syllabus.website/" "Mozilla/5.0 (iPhone; CPU iPhone OS 17_5_1 like Mac OS X) AppleWebKit/605.1.15 (KHTML, like Gecko) Version/17.5 Mobile/15E148 Safari/604.1"
98.113.99.23 - - [01/Sep/2024:17:56:13 +0000] "GET /api/syllabi/53 HTTP/1.1" 200 1492298 "https://syllabus.website/" "Mozilla/5.0 (iPhone; CPU iPhone OS 17_5_1 like Mac OS X) AppleWebKit/605.1.15 (KHTML, like Gecko) Version/17.5 Mobile/15E148 Safari/604.1"
173.52.101.155 - - [01/Sep/2024:17:56:24 +0000] "GET /api/syllabi HTTP/1.1" 200 16003 "https://syllabus.website/" "Mozilla/5.0 (Windows NT 10.0; Win64; x64) AppleWebKit/537.36 (KHTML, like Gecko) Chrome/128.0.0.0 Safari/537.36"
173.52.101.155 - - [01/Sep/2024:17:56:39 +0000] "GET /api/syllabi/100 HTTP/1.1" 200 141261 "https://syllabus.website/" "Mozilla/5.0 (Windows NT 10.0; Win64; x64) AppleWebKit/537.36 (KHTML, like Gecko) Chrome/128.0.0.0 Safari/537.36"
98.113.99.23 - - [01/Sep/2024:17:56:41 +0000] "GET /api/syllabi/77 HTTP/1.1" 200 294141 "https://syllabus.website/" "Mozilla/5.0 (iPhone; CPU iPhone OS 17_5_1 like Mac OS X) AppleWebKit/605.1.15 (KHTML, like Gecko) Version/17.5 Mobile/15E148 Safari/604.1"
173.52.101.155 - - [01/Sep/2024:17:57:37 +0000] "GET /api/syllabi/51 HTTP/1.1" 200 186604 "https://syllabus.website/" "Mozilla/5.0 (Windows NT 10.0; Win64; x64) AppleWebKit/537.36 (KHTML, like Gecko) Chrome/128.0.0.0 Safari/537.36"
2607:fb91:1c91:319:f127:1a34:dadd:8233 - - [01/Sep/2024:17:59:58 +0000] "GET /api/syllabi HTTP/1.1" 200 16003 "https://syllabus.website/" "Mozilla/5.0 (iPhone; CPU iPhone OS 17_6_1 like Mac OS X) AppleWebKit/605.1.15 (KHTML, like Gecko) Version/17.6 Mobile/15E148 Safari/604.1"
68.161.209.180 - - [01/Sep/2024:18:00:15 +0000] "GET /api/syllabi HTTP/1.1" 200 16003 "https://syllabus.website/" "Mozilla/5.0 (iPhone; CPU iPhone OS 17_5_1 like Mac OS X) AppleWebKit/605.1.15 (KHTML, like Gecko) Version/17.5 Mobile/15E148 Safari/604.1"
98.113.99.23 - - [01/Sep/2024:18:00:49 +0000] "GET /api/syllabi/89 HTTP/1.1" 200 13635 "https://syllabus.website/" "Mozilla/5.0 (iPhone; CPU iPhone OS 17_5_1 like Mac OS X) AppleWebKit/605.1.15 (KHTML, like Gecko) Version/17.5 Mobile/15E148 Safari/604.1"
68.161.209.180 - - [01/Sep/2024:18:00:55 +0000] "GET /api/syllabi/3 HTTP/1.1" 200 379405 "https://syllabus.website/" "Mozilla/5.0 (iPhone; CPU iPhone OS 17_5_1 like Mac OS X) AppleWebKit/605.1.15 (KHTML, like Gecko) Version/17.5 Mobile/15E148 Safari/604.1"
98.113.99.23 - - [01/Sep/2024:18:00:55 +0000] "GET /api/syllabi/104 HTTP/1.1" 200 247368 "https://syllabus.website/" "Mozilla/5.0 (iPhone; CPU iPhone OS 17_5_1 like Mac OS X) AppleWebKit/605.1.15 (KHTML, like Gecko) Version/17.5 Mobile/15E148 Safari/604.1"
2607:fb91:3294:4ee9:9cf0:fb78:2dc1:7859 - - [01/Sep/2024:18:01:32 +0000] "GET /api/syllabi HTTP/1.1" 200 16003 "https://syllabus.website/" "Mozilla/5.0 (iPhone; CPU iPhone OS 17_6 like Mac OS X) AppleWebKit/605.1.15 (KHTML, like Gecko) CriOS/128.0.6613.98 Mobile/15E148 Safari/604.1"
2607:fb91:3294:4ee9:9cf0:fb78:2dc1:7859 - - [01/Sep/2024:18:01:33 +0000] "GET /api/syllabi HTTP/1.1" 200 16003 "https://syllabus.website/" "Mozilla/5.0 (iPhone; CPU iPhone OS 17_6 like Mac OS X) AppleWebKit/605.1.15 (KHTML, like Gecko) CriOS/128.0.6613.98 Mobile/15E148 Safari/604.1"
98.113.99.23 - - [01/Sep/2024:18:01:36 +0000] "GET /api/syllabi/102 HTTP/1.1" 200 158196 "https://syllabus.website/" "Mozilla/5.0 (iPhone; CPU iPhone OS 17_5_1 like Mac OS X) AppleWebKit/605.1.15 (KHTML, like Gecko) Version/17.5 Mobile/15E148 Safari/604.1"
130.245.192.2 - - [01/Sep/2024:18:02:42 +0000] "GET /api/syllabi HTTP/1.1" 200 16003 "https://syllabus.website/" "Mozilla/5.0 (Windows NT 10.0; Win64; x64) AppleWebKit/537.36 (KHTML, like Gecko) Chrome/128.0.0.0 Safari/537.36 Edg/128.0.0.0"
69.117.106.42 - - [01/Sep/2024:18:07:07 +0000] "GET /api/syllabi HTTP/1.1" 200 16003 "https://syllabus.website/" "Mozilla/5.0 (iPhone; CPU iPhone OS 17_5_1 like Mac OS X) AppleWebKit/605.1.15 (KHTML, like Gecko) Version/17.5 Mobile/15E148 Safari/604.1"
209.122.202.142 - - [01/Sep/2024:18:07:39 +0000] "GET /api/syllabi HTTP/1.1" 200 16003 "https://syllabus.website/" "Mozilla/5.0 (iPhone; CPU iPhone OS 17_6_1 like Mac OS X) AppleWebKit/605.1.15 (KHTML, like Gecko) Version/17.6 Mobile/15E148 Safari/604.1"
146.190.101.202 - - [01/Sep/2024:18:08:21 +0000] "GET //wp-includes/wlwmanifest.xml HTTP/1.1" 200 892 "-" "Mozilla/5.0 (Windows NT 10.0; Win64; x64) AppleWebKit/537.36 (KHTML, like Gecko) Chrome/78.0.3904.108 Safari/537.36"
146.190.101.202 - - [01/Sep/2024:18:08:22 +0000] "GET //xmlrpc.php?rsd HTTP/1.1" 200 892 "-" "Mozilla/5.0 (Windows NT 10.0; Win64; x64) AppleWebKit/537.36 (KHTML, like Gecko) Chrome/78.0.3904.108 Safari/537.36"
146.190.101.202 - - [01/Sep/2024:18:08:22 +0000] "GET //blog/wp-includes/wlwmanifest.xml HTTP/1.1" 200 892 "-" "Mozilla/5.0 (Windows NT 10.0; Win64; x64) AppleWebKit/537.36 (KHTML, like Gecko) Chrome/78.0.3904.108 Safari/537.36"
146.190.101.202 - - [01/Sep/2024:18:08:22 +0000] "GET //web/wp-includes/wlwmanifest.xml HTTP/1.1" 200 892 "-" "Mozilla/5.0 (Windows NT 10.0; Win64; x64) AppleWebKit/537.36 (KHTML, like Gecko) Chrome/78.0.3904.108 Safari/537.36"
146.190.101.202 - - [01/Sep/2024:18:08:23 +0000] "GET //wordpress/wp-includes/wlwmanifest.xml HTTP/1.1" 200 892 "-" "Mozilla/5.0 (Windows NT 10.0; Win64; x64) AppleWebKit/537.36 (KHTML, like Gecko) Chrome/78.0.3904.108 Safari/537.36"
146.190.101.202 - - [01/Sep/2024:18:08:23 +0000] "GET //website/wp-includes/wlwmanifest.xml HTTP/1.1" 200 892 "-" "Mozilla/5.0 (Windows NT 10.0; Win64; x64) AppleWebKit/537.36 (KHTML, like Gecko) Chrome/78.0.3904.108 Safari/537.36"
146.190.101.202 - - [01/Sep/2024:18:08:23 +0000] "GET //wp/wp-includes/wlwmanifest.xml HTTP/1.1" 200 892 "-" "Mozilla/5.0 (Windows NT 10.0; Win64; x64) AppleWebKit/537.36 (KHTML, like Gecko) Chrome/78.0.3904.108 Safari/537.36"
146.190.101.202 - - [01/Sep/2024:18:08:23 +0000] "GET //news/wp-includes/wlwmanifest.xml HTTP/1.1" 200 892 "-" "Mozilla/5.0 (Windows NT 10.0; Win64; x64) AppleWebKit/537.36 (KHTML, like Gecko) Chrome/78.0.3904.108 Safari/537.36"
146.190.101.202 - - [01/Sep/2024:18:08:24 +0000] "GET //2018/wp-includes/wlwmanifest.xml HTTP/1.1" 200 892 "-" "Mozilla/5.0 (Windows NT 10.0; Win64; x64) AppleWebKit/537.36 (KHTML, like Gecko) Chrome/78.0.3904.108 Safari/537.36"
146.190.101.202 - - [01/Sep/2024:18:08:24 +0000] "GET //2019/wp-includes/wlwmanifest.xml HTTP/1.1" 200 892 "-" "Mozilla/5.0 (Windows NT 10.0; Win64; x64) AppleWebKit/537.36 (KHTML, like Gecko) Chrome/78.0.3904.108 Safari/537.36"
146.190.101.202 - - [01/Sep/2024:18:08:24 +0000] "GET //shop/wp-includes/wlwmanifest.xml HTTP/1.1" 200 892 "-" "Mozilla/5.0 (Windows NT 10.0; Win64; x64) AppleWebKit/537.36 (KHTML, like Gecko) Chrome/78.0.3904.108 Safari/537.36"
146.190.101.202 - - [01/Sep/2024:18:08:24 +0000] "GET //wp1/wp-includes/wlwmanifest.xml HTTP/1.1" 200 892 "-" "Mozilla/5.0 (Windows NT 10.0; Win64; x64) AppleWebKit/537.36 (KHTML, like Gecko) Chrome/78.0.3904.108 Safari/537.36"
146.190.101.202 - - [01/Sep/2024:18:08:25 +0000] "GET //test/wp-includes/wlwmanifest.xml HTTP/1.1" 200 892 "-" "Mozilla/5.0 (Windows NT 10.0; Win64; x64) AppleWebKit/537.36 (KHTML, like Gecko) Chrome/78.0.3904.108 Safari/537.36"
146.190.101.202 - - [01/Sep/2024:18:08:25 +0000] "GET //media/wp-includes/wlwmanifest.xml HTTP/1.1" 200 892 "-" "Mozilla/5.0 (Windows NT 10.0; Win64; x64) AppleWebKit/537.36 (KHTML, like Gecko) Chrome/78.0.3904.108 Safari/537.36"
146.190.101.202 - - [01/Sep/2024:18:08:25 +0000] "GET //wp2/wp-includes/wlwmanifest.xml HTTP/1.1" 200 892 "-" "Mozilla/5.0 (Windows NT 10.0; Win64; x64) AppleWebKit/537.36 (KHTML, like Gecko) Chrome/78.0.3904.108 Safari/537.36"
146.190.101.202 - - [01/Sep/2024:18:08:25 +0000] "GET //site/wp-includes/wlwmanifest.xml HTTP/1.1" 200 892 "-" "Mozilla/5.0 (Windows NT 10.0; Win64; x64) AppleWebKit/537.36 (KHTML, like Gecko) Chrome/78.0.3904.108 Safari/537.36"
146.190.101.202 - - [01/Sep/2024:18:08:26 +0000] "GET //cms/wp-includes/wlwmanifest.xml HTTP/1.1" 200 892 "-" "Mozilla/5.0 (Windows NT 10.0; Win64; x64) AppleWebKit/537.36 (KHTML, like Gecko) Chrome/78.0.3904.108 Safari/537.36"
146.190.101.202 - - [01/Sep/2024:18:08:26 +0000] "GET //sito/wp-includes/wlwmanifest.xml HTTP/1.1" 200 892 "-" "Mozilla/5.0 (Windows NT 10.0; Win64; x64) AppleWebKit/537.36 (KHTML, like Gecko) Chrome/78.0.3904.108 Safari/537.36"
71.183.154.146 - - [01/Sep/2024:18:08:30 +0000] "GET /api/syllabi HTTP/1.1" 200 16003 "https://syllabus.website/" "Mozilla/5.0 (iPhone; CPU iPhone OS 17_5_1 like Mac OS X) AppleWebKit/605.1.15 (KHTML, like Gecko) Version/17.5 Mobile/15E148 Safari/604.1"
71.183.154.146 - - [01/Sep/2024:18:09:02 +0000] "GET /api/syllabi/93 HTTP/1.1" 200 674952 "https://syllabus.website/" "Mozilla/5.0 (iPhone; CPU iPhone OS 17_5_1 like Mac OS X) AppleWebKit/605.1.15 (KHTML, like Gecko) Version/17.5 Mobile/15E148 Safari/604.1"
71.183.154.146 - - [01/Sep/2024:18:09:19 +0000] "GET /api/syllabi HTTP/1.1" 304 - "https://syllabus.website/" "Mozilla/5.0 (iPhone; CPU iPhone OS 17_5_1 like Mac OS X) AppleWebKit/605.1.15 (KHTML, like Gecko) Version/17.5 Mobile/15E148 Safari/604.1"
161.253.25.28 - - [01/Sep/2024:18:10:36 +0000] "GET /api/syllabi HTTP/1.1" 200 16003 "https://syllabus.website/" "Mozilla/5.0 (Windows NT 10.0; Win64; x64) AppleWebKit/537.36 (KHTML, like Gecko) Chrome/128.0.0.0 Safari/537.36"
161.253.25.28 - - [01/Sep/2024:18:10:41 +0000] "GET /api/syllabi/5 HTTP/1.1" 200 96119 "https://syllabus.website/" "Mozilla/5.0 (Windows NT 10.0; Win64; x64) AppleWebKit/537.36 (KHTML, like Gecko) Chrome/128.0.0.0 Safari/537.36"
161.253.25.28 - - [01/Sep/2024:18:10:42 +0000] "GET /api/syllabi/5 HTTP/1.1" 206 1025 "-" "Mozilla/5.0 (Windows NT 10.0; Win64; x64) AppleWebKit/537.36 (KHTML, like Gecko) Chrome/128.0.0.0 Safari/537.36"
161.253.25.28 - - [01/Sep/2024:18:10:42 +0000] "GET /api/syllabi/5 HTTP/1.1" 200 96119 "-" "Mozilla/5.0 (Windows NT 10.0; Win64; x64) AppleWebKit/537.36 (KHTML, like Gecko) Chrome/128.0.0.0 Safari/537.36"
108.27.44.109 - - [01/Sep/2024:18:11:06 +0000] "GET /api/syllabi HTTP/1.1" 200 16003 "https://syllabus.website/" "Mozilla/5.0 (iPhone; CPU iPhone OS 17_6_1 like Mac OS X) AppleWebKit/605.1.15 (KHTML, like Gecko) Version/17.6 Mobile/15E148 Safari/604.1"
98.14.176.25 - - [01/Sep/2024:18:13:19 +0000] "GET /api/syllabi HTTP/1.1" 200 16003 "https://syllabus.website/" "Mozilla/5.0 (Windows NT 10.0; Win64; x64) AppleWebKit/537.36 (KHTML, like Gecko) Chrome/128.0.0.0 Safari/537.36"
98.14.176.25 - - [01/Sep/2024:18:13:29 +0000] "GET /api/syllabi/97 HTTP/1.1" 200 684585 "https://syllabus.website/" "Mozilla/5.0 (Windows NT 10.0; Win64; x64) AppleWebKit/537.36 (KHTML, like Gecko) Chrome/128.0.0.0 Safari/537.36"
98.14.176.25 - - [01/Sep/2024:18:13:42 +0000] "GET /api/syllabi/91 HTTP/1.1" 200 106205 "https://syllabus.website/" "Mozilla/5.0 (Windows NT 10.0; Win64; x64) AppleWebKit/537.36 (KHTML, like Gecko) Chrome/128.0.0.0 Safari/537.36"
98.14.162.213 - - [01/Sep/2024:18:19:02 +0000] "GET /api/syllabi HTTP/1.1" 304 - "https://syllabus.website/" "Mozilla/5.0 (iPhone; CPU iPhone OS 17_6_1 like Mac OS X) AppleWebKit/605.1.15 (KHTML, like Gecko) Version/17.6 Mobile/15E148 Safari/604.1"
98.14.162.213 - - [01/Sep/2024:18:19:53 +0000] "GET /api/syllabi HTTP/1.1" 304 - "https://syllabus.website/" "Mozilla/5.0 (iPhone; CPU iPhone OS 17_6_1 like Mac OS X) AppleWebKit/605.1.15 (KHTML, like Gecko) Version/17.6 Mobile/15E148 Safari/604.1"
98.14.162.213 - - [01/Sep/2024:18:20:12 +0000] "GET /api/syllabi/45 HTTP/1.1" 200 86153 "https://syllabus.website/" "Mozilla/5.0 (iPhone; CPU iPhone OS 17_6_1 like Mac OS X) AppleWebKit/605.1.15 (KHTML, like Gecko) Version/17.6 Mobile/15E148 Safari/604.1"
98.14.162.213 - - [01/Sep/2024:18:20:35 +0000] "GET /api/syllabi HTTP/1.1" 304 - "https://syllabus.website/" "Mozilla/5.0 (iPhone; CPU iPhone OS 17_6_1 like Mac OS X) AppleWebKit/605.1.15 (KHTML, like Gecko) Version/17.6 Mobile/15E148 Safari/604.1"
98.14.162.213 - - [01/Sep/2024:18:21:19 +0000] "GET /api/syllabi/48 HTTP/1.1" 304 - "https://syllabus.website/" "Mozilla/5.0 (iPhone; CPU iPhone OS 17_6_1 like Mac OS X) AppleWebKit/605.1.15 (KHTML, like Gecko) Version/17.6 Mobile/15E148 Safari/604.1"
98.14.162.213 - - [01/Sep/2024:18:21:43 +0000] "GET /api/syllabi HTTP/1.1" 304 - "https://syllabus.website/" "Mozilla/5.0 (iPhone; CPU iPhone OS 17_6_1 like Mac OS X) AppleWebKit/605.1.15 (KHTML, like Gecko) Version/17.6 Mobile/15E148 Safari/604.1"
98.14.162.213 - - [01/Sep/2024:18:22:17 +0000] "GET /api/syllabi/44 HTTP/1.1" 304 - "https://syllabus.website/" "Mozilla/5.0 (iPhone; CPU iPhone OS 17_6_1 like Mac OS X) AppleWebKit/605.1.15 (KHTML, like Gecko) Version/17.6 Mobile/15E148 Safari/604.1"
181.214.107.31 - - [01/Sep/2024:18:24:24 +0000] "GET /api/syllabi HTTP/1.1" 200 16003 "https://syllabus.website/" "Mozilla/5.0 (Windows NT 10.0; Win64; x64) AppleWebKit/537.36 (KHTML, like Gecko) Chrome/128.0.0.0 Safari/537.36"
72.89.52.241 - - [01/Sep/2024:18:24:56 +0000] "GET /api/syllabi HTTP/1.1" 200 16003 "https://syllabus.website/" "Mozilla/5.0 (iPhone; CPU iPhone OS 17_5_1 like Mac OS X) AppleWebKit/605.1.15 (KHTML, like Gecko) Version/17.5 Mobile/15E148 Safari/604.1"
2600:1017:b4c1:f992:64f4:508b:6113:fa87 - - [01/Sep/2024:18:25:04 +0000] "GET /api/syllabi HTTP/1.1" 200 16003 "https://syllabus.website/" "Mozilla/5.0 (iPhone; CPU iPhone OS 15_6_1 like Mac OS X) AppleWebKit/605.1.15 (KHTML, like Gecko) Version/15.6.1 Mobile/15E148 Safari/604.1"
2600:1017:b4c1:f992:64f4:508b:6113:fa87 - - [01/Sep/2024:18:25:10 +0000] "GET /api/syllabi/3 HTTP/1.1" 200 379405 "https://syllabus.website/" "Mozilla/5.0 (iPhone; CPU iPhone OS 15_6_1 like Mac OS X) AppleWebKit/605.1.15 (KHTML, like Gecko) Version/15.6.1 Mobile/15E148 Safari/604.1"
181.214.107.31 - - [01/Sep/2024:18:25:24 +0000] "GET /api/syllabi/101 HTTP/1.1" 200 303354 "https://syllabus.website/" "Mozilla/5.0 (Windows NT 10.0; Win64; x64) AppleWebKit/537.36 (KHTML, like Gecko) Chrome/128.0.0.0 Safari/537.36"
181.214.107.31 - - [01/Sep/2024:18:25:24 +0000] "GET /api/syllabi/101 HTTP/1.1" 206 1025 "-" "Mozilla/5.0 (Windows NT 10.0; Win64; x64) AppleWebKit/537.36 (KHTML, like Gecko) Chrome/128.0.0.0 Safari/537.36"
181.214.107.31 - - [01/Sep/2024:18:25:24 +0000] "GET /api/syllabi/101 HTTP/1.1" 200 303354 "-" "Mozilla/5.0 (Windows NT 10.0; Win64; x64) AppleWebKit/537.36 (KHTML, like Gecko) Chrome/128.0.0.0 Safari/537.36"
2a09:bac3:a629:197d::28a:b2 - - [01/Sep/2024:18:25:46 +0000] "GET /api/syllabi HTTP/1.1" 200 16003 "https://syllabus.website/" "Mozilla/5.0 (iPhone; CPU iPhone OS 17_6_1 like Mac OS X) AppleWebKit/605.1.15 (KHTML, like Gecko) Version/17.6 Mobile/15E148 Safari/604.1"
98.14.162.213 - - [01/Sep/2024:18:25:48 +0000] "GET /api/syllabi/37 HTTP/1.1" 304 - "https://syllabus.website/" "Mozilla/5.0 (iPhone; CPU iPhone OS 17_6_1 like Mac OS X) AppleWebKit/605.1.15 (KHTML, like Gecko) Version/17.6 Mobile/15E148 Safari/604.1"
2a09:bac3:a629:197d::28a:b2 - - [01/Sep/2024:18:25:54 +0000] "GET /api/syllabi/5 HTTP/1.1" 200 96119 "https://syllabus.website/" "Mozilla/5.0 (iPhone; CPU iPhone OS 17_6_1 like Mac OS X) AppleWebKit/605.1.15 (KHTML, like Gecko) Version/17.6 Mobile/15E148 Safari/604.1"
72.89.52.241 - - [01/Sep/2024:18:25:57 +0000] "GET /api/syllabi/65 HTTP/1.1" 200 260812 "https://syllabus.website/" "Mozilla/5.0 (iPhone; CPU iPhone OS 17_5_1 like Mac OS X) AppleWebKit/605.1.15 (KHTML, like Gecko) Version/17.5 Mobile/15E148 Safari/604.1"
72.89.52.241 - - [01/Sep/2024:18:26:11 +0000] "GET /api/syllabi/65 HTTP/1.1" 200 260812 "-" "Mozilla/5.0 (iPhone; CPU iPhone OS 17_5_1 like Mac OS X) AppleWebKit/605.1.15 (KHTML, like Gecko) Version/17.5 Mobile/15E148 Safari/604.1"
181.214.107.31 - - [01/Sep/2024:18:27:21 +0000] "GET /api/syllabi/99 HTTP/1.1" 200 740176 "https://syllabus.website/" "Mozilla/5.0 (Windows NT 10.0; Win64; x64) AppleWebKit/537.36 (KHTML, like Gecko) Chrome/128.0.0.0 Safari/537.36"
181.214.107.31 - - [01/Sep/2024:18:27:22 +0000] "GET /api/syllabi/99 HTTP/1.1" 200 740176 "-" "Mozilla/5.0 (Windows NT 10.0; Win64; x64) AppleWebKit/537.36 (KHTML, like Gecko) Chrome/128.0.0.0 Safari/537.36"
181.214.107.31 - - [01/Sep/2024:18:27:22 +0000] "GET /api/syllabi/99 HTTP/1.1" 206 1025 "-" "Mozilla/5.0 (Windows NT 10.0; Win64; x64) AppleWebKit/537.36 (KHTML, like Gecko) Chrome/128.0.0.0 Safari/537.36"
181.214.107.31 - - [01/Sep/2024:18:27:37 +0000] "GET /api/syllabi/96 HTTP/1.1" 200 354154 "https://syllabus.website/" "Mozilla/5.0 (Windows NT 10.0; Win64; x64) AppleWebKit/537.36 (KHTML, like Gecko) Chrome/128.0.0.0 Safari/537.36"
181.214.107.31 - - [01/Sep/2024:18:27:37 +0000] "GET /api/syllabi/96 HTTP/1.1" 206 1025 "-" "Mozilla/5.0 (Windows NT 10.0; Win64; x64) AppleWebKit/537.36 (KHTML, like Gecko) Chrome/128.0.0.0 Safari/537.36"
181.214.107.31 - - [01/Sep/2024:18:27:37 +0000] "GET /api/syllabi/96 HTTP/1.1" 200 354154 "-" "Mozilla/5.0 (Windows NT 10.0; Win64; x64) AppleWebKit/537.36 (KHTML, like Gecko) Chrome/128.0.0.0 Safari/537.36"
130.245.192.6 - - [01/Sep/2024:18:27:44 +0000] "GET /api/syllabi HTTP/1.1" 200 16003 "https://syllabus.website/" "Mozilla/5.0 (Windows NT 10.0; Win64; x64) AppleWebKit/537.36 (KHTML, like Gecko) Chrome/128.0.0.0 Safari/537.36"
181.214.107.31 - - [01/Sep/2024:18:27:52 +0000] "GET /api/syllabi/91 HTTP/1.1" 200 106205 "https://syllabus.website/" "Mozilla/5.0 (Windows NT 10.0; Win64; x64) AppleWebKit/537.36 (KHTML, like Gecko) Chrome/128.0.0.0 Safari/537.36"
181.214.107.31 - - [01/Sep/2024:18:27:53 +0000] "GET /api/syllabi/91 HTTP/1.1" 206 1025 "-" "Mozilla/5.0 (Windows NT 10.0; Win64; x64) AppleWebKit/537.36 (KHTML, like Gecko) Chrome/128.0.0.0 Safari/537.36"
181.214.107.31 - - [01/Sep/2024:18:27:53 +0000] "GET /api/syllabi/91 HTTP/1.1" 200 106205 "-" "Mozilla/5.0 (Windows NT 10.0; Win64; x64) AppleWebKit/537.36 (KHTML, like Gecko) Chrome/128.0.0.0 Safari/537.36"
181.214.107.31 - - [01/Sep/2024:18:28:08 +0000] "GET /api/syllabi/89 HTTP/1.1" 200 13635 "https://syllabus.website/" "Mozilla/5.0 (Windows NT 10.0; Win64; x64) AppleWebKit/537.36 (KHTML, like Gecko) Chrome/128.0.0.0 Safari/537.36"
2600:4041:549e:5400:474c:8351:8e24:d152 - - [01/Sep/2024:18:28:28 +0000] "GET /api/syllabi HTTP/1.1" 200 16003 "https://syllabus.website/" "Mozilla/5.0 (Linux; Android 10; K) AppleWebKit/537.36 (KHTML, like Gecko) Chrome/128.0.0.0 Mobile Safari/537.36"
2600:4041:549e:5400:474c:8351:8e24:d152 - - [01/Sep/2024:18:28:38 +0000] "GET /api/syllabi/7 HTTP/1.1" 200 43092 "https://syllabus.website/" "Mozilla/5.0 (Linux; Android 10; K) AppleWebKit/537.36 (KHTML, like Gecko) Chrome/128.0.0.0 Mobile Safari/537.36"
181.214.107.31 - - [01/Sep/2024:18:28:39 +0000] "GET /api/syllabi/78 HTTP/1.1" 200 392542 "https://syllabus.website/" "Mozilla/5.0 (Windows NT 10.0; Win64; x64) AppleWebKit/537.36 (KHTML, like Gecko) Chrome/128.0.0.0 Safari/537.36"
181.214.107.31 - - [01/Sep/2024:18:28:40 +0000] "GET /api/syllabi/78 HTTP/1.1" 206 1025 "-" "Mozilla/5.0 (Windows NT 10.0; Win64; x64) AppleWebKit/537.36 (KHTML, like Gecko) Chrome/128.0.0.0 Safari/537.36"
181.214.107.31 - - [01/Sep/2024:18:28:40 +0000] "GET /api/syllabi/78 HTTP/1.1" 200 392542 "-" "Mozilla/5.0 (Windows NT 10.0; Win64; x64) AppleWebKit/537.36 (KHTML, like Gecko) Chrome/128.0.0.0 Safari/537.36"
181.214.107.31 - - [01/Sep/2024:18:29:16 +0000] "GET /api/syllabi/66 HTTP/1.1" 200 304145 "https://syllabus.website/" "Mozilla/5.0 (Windows NT 10.0; Win64; x64) AppleWebKit/537.36 (KHTML, like Gecko) Chrome/128.0.0.0 Safari/537.36"
181.214.107.31 - - [01/Sep/2024:18:29:17 +0000] "GET /api/syllabi/66 HTTP/1.1" 206 1025 "-" "Mozilla/5.0 (Windows NT 10.0; Win64; x64) AppleWebKit/537.36 (KHTML, like Gecko) Chrome/128.0.0.0 Safari/537.36"
181.214.107.31 - - [01/Sep/2024:18:29:17 +0000] "GET /api/syllabi/66 HTTP/1.1" 200 304145 "-" "Mozilla/5.0 (Windows NT 10.0; Win64; x64) AppleWebKit/537.36 (KHTML, like Gecko) Chrome/128.0.0.0 Safari/537.36"
181.214.107.31 - - [01/Sep/2024:18:30:01 +0000] "GET /api/syllabi/48 HTTP/1.1" 200 293683 "https://syllabus.website/" "Mozilla/5.0 (Windows NT 10.0; Win64; x64) AppleWebKit/537.36 (KHTML, like Gecko) Chrome/128.0.0.0 Safari/537.36"
181.214.107.31 - - [01/Sep/2024:18:30:02 +0000] "GET /api/syllabi/48 HTTP/1.1" 206 1025 "-" "Mozilla/5.0 (Windows NT 10.0; Win64; x64) AppleWebKit/537.36 (KHTML, like Gecko) Chrome/128.0.0.0 Safari/537.36"
181.214.107.31 - - [01/Sep/2024:18:30:02 +0000] "GET /api/syllabi/48 HTTP/1.1" 200 293683 "-" "Mozilla/5.0 (Windows NT 10.0; Win64; x64) AppleWebKit/537.36 (KHTML, like Gecko) Chrome/128.0.0.0 Safari/537.36"
130.245.192.6 - - [01/Sep/2024:18:30:06 +0000] "GET /api/syllabi/37 HTTP/1.1" 200 89725 "https://syllabus.website/" "Mozilla/5.0 (Windows NT 10.0; Win64; x64) AppleWebKit/537.36 (KHTML, like Gecko) Chrome/128.0.0.0 Safari/537.36"
181.214.107.31 - - [01/Sep/2024:18:30:22 +0000] "GET /api/syllabi/30 HTTP/1.1" 200 199063 "https://syllabus.website/" "Mozilla/5.0 (Windows NT 10.0; Win64; x64) AppleWebKit/537.36 (KHTML, like Gecko) Chrome/128.0.0.0 Safari/537.36"
181.214.107.31 - - [01/Sep/2024:18:30:22 +0000] "GET /api/syllabi/30 HTTP/1.1" 206 1025 "-" "Mozilla/5.0 (Windows NT 10.0; Win64; x64) AppleWebKit/537.36 (KHTML, like Gecko) Chrome/128.0.0.0 Safari/537.36"
181.214.107.31 - - [01/Sep/2024:18:30:22 +0000] "GET /api/syllabi/30 HTTP/1.1" 200 199063 "-" "Mozilla/5.0 (Windows NT 10.0; Win64; x64) AppleWebKit/537.36 (KHTML, like Gecko) Chrome/128.0.0.0 Safari/537.36"
130.245.192.6 - - [01/Sep/2024:18:30:40 +0000] "POST /api/upload HTTP/1.1" 200 165 "https://syllabus.website/" "Mozilla/5.0 (Windows NT 10.0; Win64; x64) AppleWebKit/537.36 (KHTML, like Gecko) Chrome/128.0.0.0 Safari/537.36"
181.214.107.31 - - [01/Sep/2024:18:31:31 +0000] "GET /api/syllabi/7 HTTP/1.1" 200 43092 "https://syllabus.website/" "Mozilla/5.0 (Windows NT 10.0; Win64; x64) AppleWebKit/537.36 (KHTML, like Gecko) Chrome/128.0.0.0 Safari/537.36"
181.214.107.31 - - [01/Sep/2024:18:31:32 +0000] "GET /api/syllabi/7 HTTP/1.1" 206 1025 "-" "Mozilla/5.0 (Windows NT 10.0; Win64; x64) AppleWebKit/537.36 (KHTML, like Gecko) Chrome/128.0.0.0 Safari/537.36"
181.214.107.31 - - [01/Sep/2024:18:31:32 +0000] "GET /api/syllabi/7 HTTP/1.1" 200 43092 "-" "Mozilla/5.0 (Windows NT 10.0; Win64; x64) AppleWebKit/537.36 (KHTML, like Gecko) Chrome/128.0.0.0 Safari/537.36"
2603:7000:201:c633:a349:8cf9:acd5:5bc0 - - [01/Sep/2024:18:31:39 +0000] "GET /api/syllabi HTTP/1.1" 200 16169 "https://syllabus.website/" "Mozilla/5.0 (Android 14; Mobile; rv:129.0) Gecko/129.0 Firefox/129.0"
2603:7000:201:c633:a349:8cf9:acd5:5bc0 - - [01/Sep/2024:18:32:00 +0000] "GET /api/syllabi/44 HTTP/1.1" 200 105258 "https://syllabus.website/" "Mozilla/5.0 (Android 14; Mobile; rv:129.0) Gecko/129.0 Firefox/129.0"
2603:7000:201:c633:a349:8cf9:acd5:5bc0 - - [01/Sep/2024:18:32:01 +0000] "GET /api/syllabi/44 HTTP/1.1" 206 39722 "https://syllabus.website/" "Mozilla/5.0 (Android 14; Mobile; rv:129.0) Gecko/129.0 Firefox/129.0"
181.214.107.31 - - [01/Sep/2024:18:32:09 +0000] "GET /api/syllabi/45 HTTP/1.1" 200 86153 "https://syllabus.website/" "Mozilla/5.0 (Windows NT 10.0; Win64; x64) AppleWebKit/537.36 (KHTML, like Gecko) Chrome/128.0.0.0 Safari/537.36"
181.214.107.31 - - [01/Sep/2024:18:32:09 +0000] "GET /api/syllabi/45 HTTP/1.1" 206 1025 "-" "Mozilla/5.0 (Windows NT 10.0; Win64; x64) AppleWebKit/537.36 (KHTML, like Gecko) Chrome/128.0.0.0 Safari/537.36"
181.214.107.31 - - [01/Sep/2024:18:32:09 +0000] "GET /api/syllabi/45 HTTP/1.1" 200 86153 "-" "Mozilla/5.0 (Windows NT 10.0; Win64; x64) AppleWebKit/537.36 (KHTML, like Gecko) Chrome/128.0.0.0 Safari/537.36"
24.188.4.110 - - [01/Sep/2024:18:32:54 +0000] "GET /api/syllabi HTTP/1.1" 200 16169 "https://syllabus.website/" "Mozilla/5.0 (iPhone; CPU iPhone OS 17_5_1 like Mac OS X) AppleWebKit/605.1.15 (KHTML, like Gecko) Version/17.5 Mobile/15E148 Safari/604.1"
34.174.144.215 - - [01/Sep/2024:18:33:06 +0000] "GET //wp-includes/wlwmanifest.xml HTTP/1.1" 200 892 "-" "Mozilla/5.0 (Windows NT 10.0; Win64; x64) AppleWebKit/537.36 (KHTML, like Gecko) Chrome/78.0.3904.108 Safari/537.36"
34.174.144.215 - - [01/Sep/2024:18:33:06 +0000] "GET //xmlrpc.php?rsd HTTP/1.1" 200 892 "-" "Mozilla/5.0 (Windows NT 10.0; Win64; x64) AppleWebKit/537.36 (KHTML, like Gecko) Chrome/78.0.3904.108 Safari/537.36"
34.174.144.215 - - [01/Sep/2024:18:33:06 +0000] "GET //blog/wp-includes/wlwmanifest.xml HTTP/1.1" 200 892 "-" "Mozilla/5.0 (Windows NT 10.0; Win64; x64) AppleWebKit/537.36 (KHTML, like Gecko) Chrome/78.0.3904.108 Safari/537.36"
34.174.144.215 - - [01/Sep/2024:18:33:06 +0000] "GET //web/wp-includes/wlwmanifest.xml HTTP/1.1" 200 892 "-" "Mozilla/5.0 (Windows NT 10.0; Win64; x64) AppleWebKit/537.36 (KHTML, like Gecko) Chrome/78.0.3904.108 Safari/537.36"
34.174.144.215 - - [01/Sep/2024:18:33:06 +0000] "GET //wordpress/wp-includes/wlwmanifest.xml HTTP/1.1" 200 892 "-" "Mozilla/5.0 (Windows NT 10.0; Win64; x64) AppleWebKit/537.36 (KHTML, like Gecko) Chrome/78.0.3904.108 Safari/537.36"
34.174.144.215 - - [01/Sep/2024:18:33:06 +0000] "GET //website/wp-includes/wlwmanifest.xml HTTP/1.1" 200 892 "-" "Mozilla/5.0 (Windows NT 10.0; Win64; x64) AppleWebKit/537.36 (KHTML, like Gecko) Chrome/78.0.3904.108 Safari/537.36"
34.174.144.215 - - [01/Sep/2024:18:33:06 +0000] "GET //wp/wp-includes/wlwmanifest.xml HTTP/1.1" 200 892 "-" "Mozilla/5.0 (Windows NT 10.0; Win64; x64) AppleWebKit/537.36 (KHTML, like Gecko) Chrome/78.0.3904.108 Safari/537.36"
34.174.144.215 - - [01/Sep/2024:18:33:06 +0000] "GET //news/wp-includes/wlwmanifest.xml HTTP/1.1" 200 892 "-" "Mozilla/5.0 (Windows NT 10.0; Win64; x64) AppleWebKit/537.36 (KHTML, like Gecko) Chrome/78.0.3904.108 Safari/537.36"
34.174.144.215 - - [01/Sep/2024:18:33:07 +0000] "GET //2018/wp-includes/wlwmanifest.xml HTTP/1.1" 200 892 "-" "Mozilla/5.0 (Windows NT 10.0; Win64; x64) AppleWebKit/537.36 (KHTML, like Gecko) Chrome/78.0.3904.108 Safari/537.36"
34.174.144.215 - - [01/Sep/2024:18:33:07 +0000] "GET //2019/wp-includes/wlwmanifest.xml HTTP/1.1" 200 892 "-" "Mozilla/5.0 (Windows NT 10.0; Win64; x64) AppleWebKit/537.36 (KHTML, like Gecko) Chrome/78.0.3904.108 Safari/537.36"
34.174.144.215 - - [01/Sep/2024:18:33:07 +0000] "GET //shop/wp-includes/wlwmanifest.xml HTTP/1.1" 200 892 "-" "Mozilla/5.0 (Windows NT 10.0; Win64; x64) AppleWebKit/537.36 (KHTML, like Gecko) Chrome/78.0.3904.108 Safari/537.36"
34.174.144.215 - - [01/Sep/2024:18:33:07 +0000] "GET //wp1/wp-includes/wlwmanifest.xml HTTP/1.1" 200 892 "-" "Mozilla/5.0 (Windows NT 10.0; Win64; x64) AppleWebKit/537.36 (KHTML, like Gecko) Chrome/78.0.3904.108 Safari/537.36"
34.174.144.215 - - [01/Sep/2024:18:33:07 +0000] "GET //test/wp-includes/wlwmanifest.xml HTTP/1.1" 200 892 "-" "Mozilla/5.0 (Windows NT 10.0; Win64; x64) AppleWebKit/537.36 (KHTML, like Gecko) Chrome/78.0.3904.108 Safari/537.36"
34.174.144.215 - - [01/Sep/2024:18:33:07 +0000] "GET //media/wp-includes/wlwmanifest.xml HTTP/1.1" 200 892 "-" "Mozilla/5.0 (Windows NT 10.0; Win64; x64) AppleWebKit/537.36 (KHTML, like Gecko) Chrome/78.0.3904.108 Safari/537.36"
34.174.144.215 - - [01/Sep/2024:18:33:07 +0000] "GET //wp2/wp-includes/wlwmanifest.xml HTTP/1.1" 200 892 "-" "Mozilla/5.0 (Windows NT 10.0; Win64; x64) AppleWebKit/537.36 (KHTML, like Gecko) Chrome/78.0.3904.108 Safari/537.36"
34.174.144.215 - - [01/Sep/2024:18:33:07 +0000] "GET //site/wp-includes/wlwmanifest.xml HTTP/1.1" 200 892 "-" "Mozilla/5.0 (Windows NT 10.0; Win64; x64) AppleWebKit/537.36 (KHTML, like Gecko) Chrome/78.0.3904.108 Safari/537.36"
34.174.144.215 - - [01/Sep/2024:18:33:07 +0000] "GET //cms/wp-includes/wlwmanifest.xml HTTP/1.1" 200 892 "-" "Mozilla/5.0 (Windows NT 10.0; Win64; x64) AppleWebKit/537.36 (KHTML, like Gecko) Chrome/78.0.3904.108 Safari/537.36"
34.174.144.215 - - [01/Sep/2024:18:33:07 +0000] "GET //sito/wp-includes/wlwmanifest.xml HTTP/1.1" 200 892 "-" "Mozilla/5.0 (Windows NT 10.0; Win64; x64) AppleWebKit/537.36 (KHTML, like Gecko) Chrome/78.0.3904.108 Safari/537.36"
24.188.4.110 - - [01/Sep/2024:18:33:10 +0000] "GET /api/syllabi/48 HTTP/1.1" 200 293683 "https://syllabus.website/" "Mozilla/5.0 (iPhone; CPU iPhone OS 17_5_1 like Mac OS X) AppleWebKit/605.1.15 (KHTML, like Gecko) Version/17.5 Mobile/15E148 Safari/604.1"
69.127.112.49 - - [01/Sep/2024:18:33:25 +0000] "GET /api/syllabi HTTP/1.1" 200 16169 "https://syllabus.website/" "Mozilla/5.0 (Windows NT 10.0; Win64; x64) AppleWebKit/537.36 (KHTML, like Gecko) Chrome/128.0.0.0 Safari/537.36"
24.188.4.110 - - [01/Sep/2024:18:33:32 +0000] "GET /api/syllabi HTTP/1.1" 304 - "https://syllabus.website/" "Mozilla/5.0 (iPhone; CPU iPhone OS 17_5_1 like Mac OS X) AppleWebKit/605.1.15 (KHTML, like Gecko) Version/17.5 Mobile/15E148 Safari/604.1"
69.127.112.49 - - [01/Sep/2024:18:33:40 +0000] "GET /api/syllabi/91 HTTP/1.1" 200 106205 "https://syllabus.website/" "Mozilla/5.0 (Windows NT 10.0; Win64; x64) AppleWebKit/537.36 (KHTML, like Gecko) Chrome/128.0.0.0 Safari/537.36"
130.245.192.10 - - [01/Sep/2024:18:34:07 +0000] "GET /api/syllabi HTTP/1.1" 200 16169 "https://syllabus.website/" "Mozilla/5.0 (iPhone; CPU iPhone OS 17_5_1 like Mac OS X) AppleWebKit/605.1.15 (KHTML, like Gecko) Version/17.5 Mobile/15E148 Safari/604.1"
69.127.112.49 - - [01/Sep/2024:18:35:54 +0000] "GET /api/syllabi/97 HTTP/1.1" 200 684585 "https://syllabus.website/" "Mozilla/5.0 (Windows NT 10.0; Win64; x64) AppleWebKit/537.36 (KHTML, like Gecko) Chrome/128.0.0.0 Safari/537.36"
69.127.112.49 - - [01/Sep/2024:18:37:10 +0000] "GET /api/syllabi/99 HTTP/1.1" 200 740176 "https://syllabus.website/" "Mozilla/5.0 (Windows NT 10.0; Win64; x64) AppleWebKit/537.36 (KHTML, like Gecko) Chrome/128.0.0.0 Safari/537.36"
149.88.23.77 - - [01/Sep/2024:18:37:11 +0000] "GET //wp-includes/ID3/license.txt HTTP/1.1" 200 892 "-" "Mozilla/5.0 (Windows NT 10.0; Win64; x64) AppleWebKit/537.36 (KHTML, like Gecko) Chrome/95.0.4638.69 Safari/537.36"
149.88.23.77 - - [01/Sep/2024:18:37:11 +0000] "GET //feed/ HTTP/1.1" 200 892 "-" "Mozilla/5.0 (Windows NT 10.0; Win64; x64) AppleWebKit/537.36 (KHTML, like Gecko) Chrome/95.0.4638.69 Safari/537.36"
149.88.23.77 - - [01/Sep/2024:18:37:12 +0000] "GET //xmlrpc.php?rsd HTTP/1.1" 200 892 "-" "Mozilla/5.0 (Windows NT 10.0; Win64; x64) AppleWebKit/537.36 (KHTML, like Gecko) Chrome/95.0.4638.69 Safari/537.36"
149.88.23.77 - - [01/Sep/2024:18:37:12 +0000] "GET //blog/wp-includes/wlwmanifest.xml HTTP/1.1" 200 892 "-" "Mozilla/5.0 (Windows NT 10.0; Win64; x64) AppleWebKit/537.36 (KHTML, like Gecko) Chrome/95.0.4638.69 Safari/537.36"
149.88.23.77 - - [01/Sep/2024:18:37:12 +0000] "GET //web/wp-includes/wlwmanifest.xml HTTP/1.1" 200 892 "-" "Mozilla/5.0 (Windows NT 10.0; Win64; x64) AppleWebKit/537.36 (KHTML, like Gecko) Chrome/95.0.4638.69 Safari/537.36"
149.88.23.77 - - [01/Sep/2024:18:37:12 +0000] "GET //wordpress/wp-includes/wlwmanifest.xml HTTP/1.1" 200 892 "-" "Mozilla/5.0 (Windows NT 10.0; Win64; x64) AppleWebKit/537.36 (KHTML, like Gecko) Chrome/95.0.4638.69 Safari/537.36"
149.88.23.77 - - [01/Sep/2024:18:37:13 +0000] "GET //wp/wp-includes/wlwmanifest.xml HTTP/1.1" 200 892 "-" "Mozilla/5.0 (Windows NT 10.0; Win64; x64) AppleWebKit/537.36 (KHTML, like Gecko) Chrome/95.0.4638.69 Safari/537.36"
149.88.23.77 - - [01/Sep/2024:18:37:13 +0000] "GET //2020/wp-includes/wlwmanifest.xml HTTP/1.1" 200 892 "-" "Mozilla/5.0 (Windows NT 10.0; Win64; x64) AppleWebKit/537.36 (KHTML, like Gecko) Chrome/95.0.4638.69 Safari/537.36"
149.88.23.77 - - [01/Sep/2024:18:37:13 +0000] "GET //2019/wp-includes/wlwmanifest.xml HTTP/1.1" 200 892 "-" "Mozilla/5.0 (Windows NT 10.0; Win64; x64) AppleWebKit/537.36 (KHTML, like Gecko) Chrome/95.0.4638.69 Safari/537.36"
149.88.23.77 - - [01/Sep/2024:18:37:13 +0000] "GET //2021/wp-includes/wlwmanifest.xml HTTP/1.1" 200 892 "-" "Mozilla/5.0 (Windows NT 10.0; Win64; x64) AppleWebKit/537.36 (KHTML, like Gecko) Chrome/95.0.4638.69 Safari/537.36"
149.88.23.77 - - [01/Sep/2024:18:37:14 +0000] "GET //shop/wp-includes/wlwmanifest.xml HTTP/1.1" 200 892 "-" "Mozilla/5.0 (Windows NT 10.0; Win64; x64) AppleWebKit/537.36 (KHTML, like Gecko) Chrome/95.0.4638.69 Safari/537.36"
149.88.23.77 - - [01/Sep/2024:18:37:14 +0000] "GET //wp1/wp-includes/wlwmanifest.xml HTTP/1.1" 200 892 "-" "Mozilla/5.0 (Windows NT 10.0; Win64; x64) AppleWebKit/537.36 (KHTML, like Gecko) Chrome/95.0.4638.69 Safari/537.36"
149.88.23.77 - - [01/Sep/2024:18:37:14 +0000] "GET //test/wp-includes/wlwmanifest.xml HTTP/1.1" 200 892 "-" "Mozilla/5.0 (Windows NT 10.0; Win64; x64) AppleWebKit/537.36 (KHTML, like Gecko) Chrome/95.0.4638.69 Safari/537.36"
149.88.23.77 - - [01/Sep/2024:18:37:14 +0000] "GET //site/wp-includes/wlwmanifest.xml HTTP/1.1" 200 892 "-" "Mozilla/5.0 (Windows NT 10.0; Win64; x64) AppleWebKit/537.36 (KHTML, like Gecko) Chrome/95.0.4638.69 Safari/537.36"
149.88.23.77 - - [01/Sep/2024:18:37:15 +0000] "GET //cms/wp-includes/wlwmanifest.xml HTTP/1.1" 200 892 "-" "Mozilla/5.0 (Windows NT 10.0; Win64; x64) AppleWebKit/537.36 (KHTML, like Gecko) Chrome/95.0.4638.69 Safari/537.36"
69.127.112.49 - - [01/Sep/2024:18:38:11 +0000] "GET /api/syllabi/92 HTTP/1.1" 200 110125 "https://syllabus.website/" "Mozilla/5.0 (Windows NT 10.0; Win64; x64) AppleWebKit/537.36 (KHTML, like Gecko) Chrome/128.0.0.0 Safari/537.36"
2607:fb91:3294:4ee9:9cf0:fb78:2dc1:7859 - - [01/Sep/2024:18:38:22 +0000] "GET /api/syllabi HTTP/1.1" 200 16169 "https://syllabus.website/" "Mozilla/5.0 (iPhone; CPU iPhone OS 17_6 like Mac OS X) AppleWebKit/605.1.15 (KHTML, like Gecko) CriOS/128.0.6613.98 Mobile/15E148 Safari/604.1"
24.90.32.115 - - [01/Sep/2024:18:38:22 +0000] "GET /api/syllabi HTTP/1.1" 200 16169 "https://syllabus.website/" "Mozilla/5.0 (iPhone; CPU iPhone OS 17_6_1 like Mac OS X) AppleWebKit/605.1.15 (KHTML, like Gecko) Version/17.6 Mobile/15E148 Safari/604.1"
108.21.145.65 - - [01/Sep/2024:18:38:35 +0000] "GET /api/syllabi HTTP/1.1" 200 16169 "https://syllabus.website/" "Mozilla/5.0 (Linux; Android 10; K) AppleWebKit/537.36 (KHTML, like Gecko) SamsungBrowser/26.0 Chrome/122.0.0.0 Mobile Safari/537.36"
108.21.145.65 - - [01/Sep/2024:18:38:44 +0000] "GET /api/syllabi HTTP/1.1" 304 - "https://syllabus.website/" "Mozilla/5.0 (Linux; Android 10; K) AppleWebKit/537.36 (KHTML, like Gecko) SamsungBrowser/26.0 Chrome/122.0.0.0 Mobile Safari/537.36"
130.245.238.161 - - [01/Sep/2024:18:39:27 +0000] "GET /api/syllabi HTTP/1.1" 200 16169 "https://syllabus.website/" "Mozilla/5.0 (iPhone; CPU iPhone OS 17_6_1 like Mac OS X) AppleWebKit/605.1.15 (KHTML, like Gecko) Version/17.6 Mobile/15E148 Safari/604.1"
143.110.236.170 - - [01/Sep/2024:18:39:27 +0000] "GET //wp-includes/wlwmanifest.xml HTTP/1.1" 200 892 "-" "Mozilla/5.0 (Windows NT 10.0; Win64; x64) AppleWebKit/537.36 (KHTML, like Gecko) Chrome/78.0.3904.108 Safari/537.36"
143.110.236.170 - - [01/Sep/2024:18:39:28 +0000] "GET //xmlrpc.php?rsd HTTP/1.1" 200 892 "-" "Mozilla/5.0 (Windows NT 10.0; Win64; x64) AppleWebKit/537.36 (KHTML, like Gecko) Chrome/78.0.3904.108 Safari/537.36"
143.110.236.170 - - [01/Sep/2024:18:39:28 +0000] "GET //blog/wp-includes/wlwmanifest.xml HTTP/1.1" 200 892 "-" "Mozilla/5.0 (Windows NT 10.0; Win64; x64) AppleWebKit/537.36 (KHTML, like Gecko) Chrome/78.0.3904.108 Safari/537.36"
143.110.236.170 - - [01/Sep/2024:18:39:28 +0000] "GET //web/wp-includes/wlwmanifest.xml HTTP/1.1" 200 892 "-" "Mozilla/5.0 (Windows NT 10.0; Win64; x64) AppleWebKit/537.36 (KHTML, like Gecko) Chrome/78.0.3904.108 Safari/537.36"
143.110.236.170 - - [01/Sep/2024:18:39:28 +0000] "GET //wordpress/wp-includes/wlwmanifest.xml HTTP/1.1" 200 892 "-" "Mozilla/5.0 (Windows NT 10.0; Win64; x64) AppleWebKit/537.36 (KHTML, like Gecko) Chrome/78.0.3904.108 Safari/537.36"
143.110.236.170 - - [01/Sep/2024:18:39:28 +0000] "GET //website/wp-includes/wlwmanifest.xml HTTP/1.1" 200 892 "-" "Mozilla/5.0 (Windows NT 10.0; Win64; x64) AppleWebKit/537.36 (KHTML, like Gecko) Chrome/78.0.3904.108 Safari/537.36"
143.110.236.170 - - [01/Sep/2024:18:39:28 +0000] "GET //wp/wp-includes/wlwmanifest.xml HTTP/1.1" 200 892 "-" "Mozilla/5.0 (Windows NT 10.0; Win64; x64) AppleWebKit/537.36 (KHTML, like Gecko) Chrome/78.0.3904.108 Safari/537.36"
143.110.236.170 - - [01/Sep/2024:18:39:28 +0000] "GET //news/wp-includes/wlwmanifest.xml HTTP/1.1" 200 892 "-" "Mozilla/5.0 (Windows NT 10.0; Win64; x64) AppleWebKit/537.36 (KHTML, like Gecko) Chrome/78.0.3904.108 Safari/537.36"
143.110.236.170 - - [01/Sep/2024:18:39:28 +0000] "GET //2018/wp-includes/wlwmanifest.xml HTTP/1.1" 200 892 "-" "Mozilla/5.0 (Windows NT 10.0; Win64; x64) AppleWebKit/537.36 (KHTML, like Gecko) Chrome/78.0.3904.108 Safari/537.36"
143.110.236.170 - - [01/Sep/2024:18:39:28 +0000] "GET //2019/wp-includes/wlwmanifest.xml HTTP/1.1" 200 892 "-" "Mozilla/5.0 (Windows NT 10.0; Win64; x64) AppleWebKit/537.36 (KHTML, like Gecko) Chrome/78.0.3904.108 Safari/537.36"
143.110.236.170 - - [01/Sep/2024:18:39:28 +0000] "GET //shop/wp-includes/wlwmanifest.xml HTTP/1.1" 200 892 "-" "Mozilla/5.0 (Windows NT 10.0; Win64; x64) AppleWebKit/537.36 (KHTML, like Gecko) Chrome/78.0.3904.108 Safari/537.36"
143.110.236.170 - - [01/Sep/2024:18:39:28 +0000] "GET //wp1/wp-includes/wlwmanifest.xml HTTP/1.1" 200 892 "-" "Mozilla/5.0 (Windows NT 10.0; Win64; x64) AppleWebKit/537.36 (KHTML, like Gecko) Chrome/78.0.3904.108 Safari/537.36"
143.110.236.170 - - [01/Sep/2024:18:39:28 +0000] "GET //test/wp-includes/wlwmanifest.xml HTTP/1.1" 200 892 "-" "Mozilla/5.0 (Windows NT 10.0; Win64; x64) AppleWebKit/537.36 (KHTML, like Gecko) Chrome/78.0.3904.108 Safari/537.36"
143.110.236.170 - - [01/Sep/2024:18:39:29 +0000] "GET //media/wp-includes/wlwmanifest.xml HTTP/1.1" 200 892 "-" "Mozilla/5.0 (Windows NT 10.0; Win64; x64) AppleWebKit/537.36 (KHTML, like Gecko) Chrome/78.0.3904.108 Safari/537.36"
143.110.236.170 - - [01/Sep/2024:18:39:29 +0000] "GET //wp2/wp-includes/wlwmanifest.xml HTTP/1.1" 200 892 "-" "Mozilla/5.0 (Windows NT 10.0; Win64; x64) AppleWebKit/537.36 (KHTML, like Gecko) Chrome/78.0.3904.108 Safari/537.36"
143.110.236.170 - - [01/Sep/2024:18:39:29 +0000] "GET //site/wp-includes/wlwmanifest.xml HTTP/1.1" 200 892 "-" "Mozilla/5.0 (Windows NT 10.0; Win64; x64) AppleWebKit/537.36 (KHTML, like Gecko) Chrome/78.0.3904.108 Safari/537.36"
143.110.236.170 - - [01/Sep/2024:18:39:29 +0000] "GET //cms/wp-includes/wlwmanifest.xml HTTP/1.1" 200 892 "-" "Mozilla/5.0 (Windows NT 10.0; Win64; x64) AppleWebKit/537.36 (KHTML, like Gecko) Chrome/78.0.3904.108 Safari/537.36"
143.110.236.170 - - [01/Sep/2024:18:39:29 +0000] "GET //sito/wp-includes/wlwmanifest.xml HTTP/1.1" 200 892 "-" "Mozilla/5.0 (Windows NT 10.0; Win64; x64) AppleWebKit/537.36 (KHTML, like Gecko) Chrome/78.0.3904.108 Safari/537.36"
108.21.145.65 - - [01/Sep/2024:18:39:48 +0000] "GET /api/syllabi/62 HTTP/1.1" 200 197132 "https://syllabus.website/" "Mozilla/5.0 (Linux; Android 10; K) AppleWebKit/537.36 (KHTML, like Gecko) SamsungBrowser/26.0 Chrome/122.0.0.0 Mobile Safari/537.36"
108.21.145.65 - - [01/Sep/2024:18:39:51 +0000] "GET /api/syllabi/62 HTTP/1.1" 200 197132 "-" "Dalvik/2.1.0 (Linux; U; Android 14; SM-S906U1 Build/UP1A.231005.007)"
2603:7000:201:c633:a349:8cf9:acd5:5bc0 - - [01/Sep/2024:18:40:50 +0000] "GET /api/syllabi/48 HTTP/1.1" 200 293683 "https://syllabus.website/" "Mozilla/5.0 (Android 14; Mobile; rv:129.0) Gecko/129.0 Firefox/129.0"
