98.14.162.213 - - [01/Sep/2024:05:15:56 +0000] "GET /api/syllabi/42 HTTP/1.1" 200 376031 "https://syllabus.website/" "Mozilla/5.0 (iPhone; CPU iPhone OS 17_6_1 like Mac OS X) AppleWebKit/605.1.15 (KHTML, like Gecko) Version/17.6 Mobile/15E148 Safari/604.1"
98.14.162.213 - - [01/Sep/2024:05:16:00 +0000] "GET /api/syllabi/37 HTTP/1.1" 200 89725 "https://syllabus.website/" "Mozilla/5.0 (iPhone; CPU iPhone OS 17_6_1 like Mac OS X) AppleWebKit/605.1.15 (KHTML, like Gecko) Version/17.6 Mobile/15E148 Safari/604.1"
98.113.158.59 - - [01/Sep/2024:05:16:04 +0000] "GET /api/syllabi HTTP/1.1" 200 5819 "https://syllabus.website/" "Mozilla/5.0 (Macintosh; Intel Mac OS X 10_15_7) AppleWebKit/537.36 (KHTML, like Gecko) Chrome/128.0.0.0 Safari/537.36"
98.113.158.59 - - [01/Sep/2024:05:16:06 +0000] "GET /sw.js HTTP/1.1" 304 - "https://syllabus.website/sw.js" "Mozilla/5.0 (Macintosh; Intel Mac OS X 10_15_7) AppleWebKit/537.36 (KHTML, like Gecko) Chrome/128.0.0.0 Safari/537.36"
2405:201:3013:11a7:a5:ffae:c1b:26f4 - - [01/Sep/2024:05:16:08 +0000] "GET /api/syllabi HTTP/1.1" 200 5819 "https://syllabus.website/" "Mozilla/5.0 (Windows NT 10.0; Win64; x64) AppleWebKit/537.36 (KHTML, like Gecko) Chrome/128.0.0.0 Safari/537.36 Edg/128.0.0.0"
98.14.162.213 - - [01/Sep/2024:05:16:12 +0000] "GET /api/syllabi/31 HTTP/1.1" 200 219607 "https://syllabus.website/" "Mozilla/5.0 (iPhone; CPU iPhone OS 17_6_1 like Mac OS X) AppleWebKit/605.1.15 (KHTML, like Gecko) Version/17.6 Mobile/15E148 Safari/604.1"
207.38.233.194 - - [01/Sep/2024:05:16:27 +0000] "GET /api/syllabi HTTP/1.1" 200 5819 "https://syllabus.website/" "Mozilla/5.0 (Linux; Android 10; K) AppleWebKit/537.36 (KHTML, like Gecko) Chrome/127.0.0.0 Mobile Safari/537.36"
2405:201:3013:11a7:a5:ffae:c1b:26f4 - - [01/Sep/2024:05:16:29 +0000] "GET /api/syllabi/7 HTTP/1.1" 200 43092 "https://syllabus.website/" "Mozilla/5.0 (Windows NT 10.0; Win64; x64) AppleWebKit/537.36 (KHTML, like Gecko) Chrome/128.0.0.0 Safari/537.36 Edg/128.0.0.0"
98.113.158.59 - - [01/Sep/2024:05:16:31 +0000] "GET /api/syllabi HTTP/1.1" 304 - "https://syllabus.website/" "Mozilla/5.0 (Macintosh; Intel Mac OS X 10_15_7) AppleWebKit/537.36 (KHTML, like Gecko) Chrome/128.0.0.0 Safari/537.36"
98.113.158.59 - - [01/Sep/2024:05:16:33 +0000] "GET /sw.js HTTP/1.1" 304 - "https://syllabus.website/sw.js" "Mozilla/5.0 (Macintosh; Intel Mac OS X 10_15_7) AppleWebKit/537.36 (KHTML, like Gecko) Chrome/128.0.0.0 Safari/537.36"
207.38.233.194 - - [01/Sep/2024:05:16:34 +0000] "GET /api/syllabi/21 HTTP/1.1" 200 1851589 "https://syllabus.website/" "Mozilla/5.0 (Linux; Android 10; K) AppleWebKit/537.36 (KHTML, like Gecko) Chrome/127.0.0.0 Mobile Safari/537.36"
98.113.158.59 - - [01/Sep/2024:05:16:40 +0000] "GET /api/syllabi/37 HTTP/1.1" 200 89725 "https://syllabus.website/" "Mozilla/5.0 (Macintosh; Intel Mac OS X 10_15_7) AppleWebKit/537.36 (KHTML, like Gecko) Chrome/128.0.0.0 Safari/537.36"
98.113.158.59 - - [01/Sep/2024:05:16:41 +0000] "GET /sw.js HTTP/1.1" 304 - "https://syllabus.website/sw.js" "Mozilla/5.0 (Macintosh; Intel Mac OS X 10_15_7) AppleWebKit/537.36 (KHTML, like Gecko) Chrome/128.0.0.0 Safari/537.36"
98.113.158.59 - - [01/Sep/2024:05:17:12 +0000] "GET /api/syllabi HTTP/1.1" 304 - "https://syllabus.website/" "Mozilla/5.0 (Macintosh; Intel Mac OS X 10_15_7) AppleWebKit/537.36 (KHTML, like Gecko) Chrome/128.0.0.0 Safari/537.36"
98.113.158.59 - - [01/Sep/2024:05:17:14 +0000] "GET /sw.js HTTP/1.1" 304 - "https://syllabus.website/sw.js" "Mozilla/5.0 (Macintosh; Intel Mac OS X 10_15_7) AppleWebKit/537.36 (KHTML, like Gecko) Chrome/128.0.0.0 Safari/537.36"
98.113.158.59 - - [01/Sep/2024:05:17:48 +0000] "GET /sw.js HTTP/1.1" 304 - "https://syllabus.website/sw.js" "Mozilla/5.0 (Macintosh; Intel Mac OS X 10_15_7) AppleWebKit/537.36 (KHTML, like Gecko) Chrome/128.0.0.0 Safari/537.36"
98.14.162.213 - - [01/Sep/2024:05:18:07 +0000] "POST /api/upload HTTP/1.1" 200 175 "https://syllabus.website/" "Mozilla/5.0 (iPhone; CPU iPhone OS 17_6_1 like Mac OS X) AppleWebKit/605.1.15 (KHTML, like Gecko) Version/17.6 Mobile/15E148 Safari/604.1"
2603:7000:300:113c:4d08:ecdc:94a2:ca28 - - [01/Sep/2024:05:18:53 +0000] "GET /api/syllabi HTTP/1.1" 200 5995 "https://syllabus.website/" "Mozilla/5.0 (Windows NT 10.0; Win64; x64) AppleWebKit/537.36 (KHTML, like Gecko) Chrome/128.0.0.0 Safari/537.36 Edg/128.0.0.0"
2a09:bac2:9c47:1973::289:70 - - [01/Sep/2024:05:19:19 +0000] "GET /api/syllabi HTTP/1.1" 200 5995 "https://syllabus.website/" "Mozilla/5.0 (iPhone; CPU iPhone OS 17_5_1 like Mac OS X) AppleWebKit/605.1.15 (KHTML, like Gecko) Version/17.5 Mobile/15E148 Safari/604.1"
2a09:bac2:9c47:1973::289:70 - - [01/Sep/2024:05:19:53 +0000] "GET /api/syllabi/21 HTTP/1.1" 200 1851589 "https://syllabus.website/" "Mozilla/5.0 (iPhone; CPU iPhone OS 17_5_1 like Mac OS X) AppleWebKit/605.1.15 (KHTML, like Gecko) Version/17.5 Mobile/15E148 Safari/604.1"
98.14.162.213 - - [01/Sep/2024:05:20:14 +0000] "POST /api/upload HTTP/1.1" 200 155 "https://syllabus.website/" "Mozilla/5.0 (iPhone; CPU iPhone OS 17_6_1 like Mac OS X) AppleWebKit/605.1.15 (KHTML, like Gecko) Version/17.6 Mobile/15E148 Safari/604.1"
98.113.158.59 - - [01/Sep/2024:05:20:40 +0000] "GET /api/syllabi HTTP/1.1" 200 6151 "https://syllabus.website/" "Mozilla/5.0 (Macintosh; Intel Mac OS X 10_15_7) AppleWebKit/537.36 (KHTML, like Gecko) Chrome/128.0.0.0 Safari/537.36"
98.113.158.59 - - [01/Sep/2024:05:20:42 +0000] "GET /sw.js HTTP/1.1" 304 - "https://syllabus.website/sw.js" "Mozilla/5.0 (Macintosh; Intel Mac OS X 10_15_7) AppleWebKit/537.36 (KHTML, like Gecko) Chrome/128.0.0.0 Safari/537.36"
98.113.158.59 - - [01/Sep/2024:05:21:05 +0000] "GET /api/syllabi/41 HTTP/1.1" 200 44522 "https://syllabus.website/" "Mozilla/5.0 (Macintosh; Intel Mac OS X 10_15_7) AppleWebKit/537.36 (KHTML, like Gecko) Chrome/128.0.0.0 Safari/537.36"
98.113.158.59 - - [01/Sep/2024:05:21:07 +0000] "GET /sw.js HTTP/1.1" 304 - "https://syllabus.website/sw.js" "Mozilla/5.0 (Macintosh; Intel Mac OS X 10_15_7) AppleWebKit/537.36 (KHTML, like Gecko) Chrome/128.0.0.0 Safari/537.36"
66.249.79.134 - - [01/Sep/2024:05:21:08 +0000] "GET /ads.txt HTTP/1.1" 200 892 "-" "Mozilla/5.0 (compatible; Googlebot/2.1; +http://www.google.com/bot.html)"
32.216.177.7 - - [01/Sep/2024:05:21:14 +0000] "GET /api/syllabi HTTP/1.1" 200 6151 "https://syllabus.website/" "Mozilla/5.0 (iPhone; CPU iPhone OS 17_5_1 like Mac OS X) AppleWebKit/605.1.15 (KHTML, like Gecko) Version/17.5 Mobile/15E148 Safari/604.1"
2a09:bac2:9c47:1973::289:70 - - [01/Sep/2024:05:21:18 +0000] "GET /api/syllabi HTTP/1.1" 200 6151 "https://syllabus.website/" "Mozilla/5.0 (iPhone; CPU iPhone OS 17_5_1 like Mac OS X) AppleWebKit/605.1.15 (KHTML, like Gecko) Version/17.5 Mobile/15E148 Safari/604.1"
2a09:bac2:9c47:1973::289:70 - - [01/Sep/2024:05:21:34 +0000] "GET /api/syllabi/35 HTTP/1.1" 200 133592 "https://syllabus.website/" "Mozilla/5.0 (iPhone; CPU iPhone OS 17_5_1 like Mac OS X) AppleWebKit/605.1.15 (KHTML, like Gecko) Version/17.5 Mobile/15E148 Safari/604.1"
98.113.158.59 - - [01/Sep/2024:05:21:39 +0000] "GET /sw.js HTTP/1.1" 304 - "https://syllabus.website/sw.js" "Mozilla/5.0 (Macintosh; Intel Mac OS X 10_15_7) AppleWebKit/537.36 (KHTML, like Gecko) Chrome/128.0.0.0 Safari/537.36"
2a09:bac2:9c47:1973::289:70 - - [01/Sep/2024:05:21:45 +0000] "GET /api/syllabi/38 HTTP/1.1" 200 213948 "https://syllabus.website/" "Mozilla/5.0 (iPhone; CPU iPhone OS 17_5_1 like Mac OS X) AppleWebKit/605.1.15 (KHTML, like Gecko) Version/17.5 Mobile/15E148 Safari/604.1"
98.14.162.213 - - [01/Sep/2024:05:21:57 +0000] "POST /api/upload HTTP/1.1" 200 156 "https://syllabus.website/" "Mozilla/5.0 (iPhone; CPU iPhone OS 17_6_1 like Mac OS X) AppleWebKit/605.1.15 (KHTML, like Gecko) Version/17.6 Mobile/15E148 Safari/604.1"
98.14.162.213 - - [01/Sep/2024:05:22:09 +0000] "GET /api/syllabi/45 HTTP/1.1" 200 86153 "https://syllabus.website/" "Mozilla/5.0 (iPhone; CPU iPhone OS 17_6_1 like Mac OS X) AppleWebKit/605.1.15 (KHTML, like Gecko) Version/17.6 Mobile/15E148 Safari/604.1"
2a09:bac2:9c47:1973::289:70 - - [01/Sep/2024:05:22:10 +0000] "GET /api/syllabi/42 HTTP/1.1" 200 376031 "https://syllabus.website/" "Mozilla/5.0 (iPhone; CPU iPhone OS 17_5_1 like Mac OS X) AppleWebKit/605.1.15 (KHTML, like Gecko) Version/17.5 Mobile/15E148 Safari/604.1"
2a09:bac2:9c47:1973::289:70 - - [01/Sep/2024:05:24:07 +0000] "GET /api/syllabi HTTP/1.1" 200 6308 "https://syllabus.website/" "Mozilla/5.0 (iPhone; CPU iPhone OS 17_5_1 like Mac OS X) AppleWebKit/605.1.15 (KHTML, like Gecko) Version/17.5 Mobile/15E148 Safari/604.1"
2a09:bac2:9c47:1973::289:70 - - [01/Sep/2024:05:24:08 +0000] "GET /api/syllabi HTTP/1.1" 200 6308 "https://syllabus.website/" "Mozilla/5.0 (iPhone; CPU iPhone OS 17_5_1 like Mac OS X) AppleWebKit/605.1.15 (KHTML, like Gecko) Version/17.5 Mobile/15E148 Safari/604.1"
130.245.192.6 - - [01/Sep/2024:05:24:12 +0000] "GET /api/syllabi HTTP/1.1" 200 6308 "https://syllabus.website/" "Mozilla/5.0 (Linux; Android 10; K) AppleWebKit/537.36 (KHTML, like Gecko) Chrome/128.0.0.0 Mobile Safari/537.36"
130.245.192.14 - - [01/Sep/2024:05:24:43 +0000] "GET /api/syllabi HTTP/1.1" 200 6308 "https://syllabus.website/" "Mozilla/5.0 (iPhone; CPU iPhone OS 17_5_1 like Mac OS X) AppleWebKit/605.1.15 (KHTML, like Gecko) Version/17.5 Mobile/15E148 Safari/604.1"
130.245.192.11 - - [01/Sep/2024:05:24:45 +0000] "GET /api/syllabi HTTP/1.1" 200 6308 "https://syllabus.website/" "Mozilla/5.0 (Windows NT 10.0; Win64; x64) AppleWebKit/537.36 (KHTML, like Gecko) Chrome/128.0.0.0 Safari/537.36"
130.245.192.14 - - [01/Sep/2024:05:24:50 +0000] "GET /api/syllabi/5 HTTP/1.1" 200 96119 "https://syllabus.website/" "Mozilla/5.0 (iPhone; CPU iPhone OS 17_5_1 like Mac OS X) AppleWebKit/605.1.15 (KHTML, like Gecko) Version/17.5 Mobile/15E148 Safari/604.1"
130.245.192.14 - - [01/Sep/2024:05:24:52 +0000] "GET /api/syllabi HTTP/1.1" 200 6142 "https://syllabus.website/" "Mozilla/5.0 (iPhone; CPU iPhone OS 17_5_1 like Mac OS X) AppleWebKit/605.1.15 (KHTML, like Gecko) Version/17.5 Mobile/15E148 Safari/604.1"
98.113.158.59 - - [01/Sep/2024:05:24:59 +0000] "GET /api/syllabi HTTP/1.1" 200 6142 "https://syllabus.website/" "Mozilla/5.0 (Macintosh; Intel Mac OS X 10_15_7) AppleWebKit/537.36 (KHTML, like Gecko) Chrome/128.0.0.0 Safari/537.36"
98.113.158.59 - - [01/Sep/2024:05:25:00 +0000] "GET /sw.js HTTP/1.1" 304 - "https://syllabus.website/sw.js" "Mozilla/5.0 (Macintosh; Intel Mac OS X 10_15_7) AppleWebKit/537.36 (KHTML, like Gecko) Chrome/128.0.0.0 Safari/537.36"
98.113.158.59 - - [01/Sep/2024:05:25:37 +0000] "POST /api/upload HTTP/1.1" 200 165 "https://syllabus.website/" "Mozilla/5.0 (Macintosh; Intel Mac OS X 10_15_7) AppleWebKit/537.36 (KHTML, like Gecko) Chrome/128.0.0.0 Safari/537.36"
98.113.158.59 - - [01/Sep/2024:05:25:45 +0000] "GET /api/syllabi HTTP/1.1" 200 6308 "https://syllabus.website/" "Mozilla/5.0 (Macintosh; Intel Mac OS X 10_15_7) AppleWebKit/537.36 (KHTML, like Gecko) Chrome/128.0.0.0 Safari/537.36"
98.113.158.59 - - [01/Sep/2024:05:25:47 +0000] "GET /sw.js HTTP/1.1" 304 - "https://syllabus.website/sw.js" "Mozilla/5.0 (Macintosh; Intel Mac OS X 10_15_7) AppleWebKit/537.36 (KHTML, like Gecko) Chrome/128.0.0.0 Safari/537.36"
98.14.162.213 - - [01/Sep/2024:05:25:55 +0000] "POST /api/upload HTTP/1.1" 200 170 "https://syllabus.website/" "Mozilla/5.0 (iPhone; CPU iPhone OS 17_6_1 like Mac OS X) AppleWebKit/605.1.15 (KHTML, like Gecko) Version/17.6 Mobile/15E148 Safari/604.1"
98.113.158.59 - - [01/Sep/2024:05:26:21 +0000] "GET /sw.js HTTP/1.1" 304 - "https://syllabus.website/sw.js" "Mozilla/5.0 (Macintosh; Intel Mac OS X 10_15_7) AppleWebKit/537.36 (KHTML, like Gecko) Chrome/128.0.0.0 Safari/537.36"
2a02:26f7:f6ee:a4f3:0:e800:0:46 - - [01/Sep/2024:05:26:30 +0000] "GET /api/syllabi HTTP/1.1" 200 6479 "https://syllabus.website/" "Mozilla/5.0 (iPhone; CPU iPhone OS 17_5_1 like Mac OS X) AppleWebKit/605.1.15 (KHTML, like Gecko) Version/17.5 Mobile/15E148 Safari/604.1"
2a02:26f7:f6ee:a4f3:0:e800:0:46 - - [01/Sep/2024:05:26:49 +0000] "GET /api/syllabi/43 HTTP/1.1" 200 244810 "https://syllabus.website/" "Mozilla/5.0 (iPhone; CPU iPhone OS 17_5_1 like Mac OS X) AppleWebKit/605.1.15 (KHTML, like Gecko) Version/17.5 Mobile/15E148 Safari/604.1"
98.14.162.213 - - [01/Sep/2024:05:27:52 +0000] "POST /api/upload HTTP/1.1" 200 172 "https://syllabus.website/" "Mozilla/5.0 (iPhone; CPU iPhone OS 17_6_1 like Mac OS X) AppleWebKit/605.1.15 (KHTML, like Gecko) Version/17.6 Mobile/15E148 Safari/604.1"
130.245.192.7 - - [01/Sep/2024:05:28:08 +0000] "GET /api/syllabi HTTP/1.1" 200 6652 "https://syllabus.website/" "Mozilla/5.0 (iPhone; CPU iPhone OS 17_6_1 like Mac OS X) AppleWebKit/605.1.15 (KHTML, like Gecko) Version/17.6 Mobile/15E148 Safari/604.1"
2a09:bac3:a62b:6e::b:235 - - [01/Sep/2024:05:29:51 +0000] "GET /api/syllabi HTTP/1.1" 200 6652 "https://syllabus.website/" "Mozilla/5.0 (iPhone; CPU iPhone OS 17_5_1 like Mac OS X) AppleWebKit/605.1.15 (KHTML, like Gecko) Version/17.5 Mobile/15E148 Safari/604.1"
2a09:bac3:a62b:6e::b:235 - - [01/Sep/2024:05:30:04 +0000] "GET /api/syllabi/13 HTTP/1.1" 200 238299 "https://syllabus.website/" "Mozilla/5.0 (iPhone; CPU iPhone OS 17_5_1 like Mac OS X) AppleWebKit/605.1.15 (KHTML, like Gecko) Version/17.5 Mobile/15E148 Safari/604.1"
2600:4808:3870:df00:6142:859d:8e55:e0a2 - - [01/Sep/2024:05:30:12 +0000] "GET /api/syllabi HTTP/1.1" 200 6652 "https://syllabus.website/" "Mozilla/5.0 (iPhone; CPU iPhone OS 17_5_1 like Mac OS X) AppleWebKit/605.1.15 (KHTML, like Gecko) Version/17.5 Mobile/15E148 Safari/604.1"
98.113.158.59 - - [01/Sep/2024:05:30:40 +0000] "GET /api/syllabi HTTP/1.1" 200 6652 "https://syllabus.website/" "Mozilla/5.0 (Macintosh; Intel Mac OS X 10_15_7) AppleWebKit/537.36 (KHTML, like Gecko) Chrome/128.0.0.0 Safari/537.36"
98.113.158.59 - - [01/Sep/2024:05:30:42 +0000] "GET /sw.js HTTP/1.1" 304 - "https://syllabus.website/sw.js" "Mozilla/5.0 (Macintosh; Intel Mac OS X 10_15_7) AppleWebKit/537.36 (KHTML, like Gecko) Chrome/128.0.0.0 Safari/537.36"
2a09:bac3:a62b:6e::b:235 - - [01/Sep/2024:05:30:44 +0000] "GET /api/syllabi HTTP/1.1" 304 - "https://syllabus.website/" "Mozilla/5.0 (iPhone; CPU iPhone OS 17_5_1 like Mac OS X) AppleWebKit/605.1.15 (KHTML, like Gecko) Version/17.5 Mobile/15E148 Safari/604.1"
2600:4808:896:8e01:f1ba:4f43:7c9a:6587 - - [01/Sep/2024:05:30:45 +0000] "GET /api/syllabi HTTP/1.1" 200 6652 "https://syllabus.website/" "Mozilla/5.0 (iPhone; CPU iPhone OS 18_0 like Mac OS X) AppleWebKit/605.1.15 (KHTML, like Gecko) Version/18.0 Mobile/15E148 Safari/604.1"
2a09:bac3:a62b:6e::b:235 - - [01/Sep/2024:05:30:46 +0000] "GET /api/syllabi/3 HTTP/1.1" 200 379405 "https://syllabus.website/" "Mozilla/5.0 (iPhone; CPU iPhone OS 17_5_1 like Mac OS X) AppleWebKit/605.1.15 (KHTML, like Gecko) Version/17.5 Mobile/15E148 Safari/604.1"
2600:4808:896:8e01:f1ba:4f43:7c9a:6587 - - [01/Sep/2024:05:30:48 +0000] "GET /api/syllabi/8 HTTP/1.1" 200 234919 "https://syllabus.website/" "Mozilla/5.0 (iPhone; CPU iPhone OS 18_0 like Mac OS X) AppleWebKit/605.1.15 (KHTML, like Gecko) Version/18.0 Mobile/15E148 Safari/604.1"
2a09:bac3:a62b:6e::b:235 - - [01/Sep/2024:05:30:49 +0000] "GET /api/syllabi HTTP/1.1" 304 - "https://syllabus.website/" "Mozilla/5.0 (iPhone; CPU iPhone OS 17_5_1 like Mac OS X) AppleWebKit/605.1.15 (KHTML, like Gecko) Version/17.5 Mobile/15E148 Safari/604.1"
2600:4808:896:8e01:f1ba:4f43:7c9a:6587 - - [01/Sep/2024:05:30:50 +0000] "GET /api/syllabi HTTP/1.1" 304 - "https://syllabus.website/" "Mozilla/5.0 (iPhone; CPU iPhone OS 18_0 like Mac OS X) AppleWebKit/605.1.15 (KHTML, like Gecko) Version/18.0 Mobile/15E148 Safari/604.1"
2a09:bac3:a62b:6e::b:235 - - [01/Sep/2024:05:30:51 +0000] "GET /api/syllabi/4 HTTP/1.1" 200 230348 "https://syllabus.website/" "Mozilla/5.0 (iPhone; CPU iPhone OS 17_5_1 like Mac OS X) AppleWebKit/605.1.15 (KHTML, like Gecko) Version/17.5 Mobile/15E148 Safari/604.1"
2a09:bac3:a62b:6e::b:235 - - [01/Sep/2024:05:30:53 +0000] "GET /api/syllabi HTTP/1.1" 304 - "https://syllabus.website/" "Mozilla/5.0 (iPhone; CPU iPhone OS 17_5_1 like Mac OS X) AppleWebKit/605.1.15 (KHTML, like Gecko) Version/17.5 Mobile/15E148 Safari/604.1"
2a09:bac3:a62b:6e::b:235 - - [01/Sep/2024:05:30:54 +0000] "GET /api/syllabi/7 HTTP/1.1" 200 43092 "https://syllabus.website/" "Mozilla/5.0 (iPhone; CPU iPhone OS 17_5_1 like Mac OS X) AppleWebKit/605.1.15 (KHTML, like Gecko) Version/17.5 Mobile/15E148 Safari/604.1"
2a09:bac3:a62b:6e::b:235 - - [01/Sep/2024:05:30:57 +0000] "GET /api/syllabi HTTP/1.1" 304 - "https://syllabus.website/" "Mozilla/5.0 (iPhone; CPU iPhone OS 17_5_1 like Mac OS X) AppleWebKit/605.1.15 (KHTML, like Gecko) Version/17.5 Mobile/15E148 Safari/604.1"
2a09:bac3:a62b:6e::b:235 - - [01/Sep/2024:05:30:59 +0000] "GET /api/syllabi/8 HTTP/1.1" 200 234919 "https://syllabus.website/" "Mozilla/5.0 (iPhone; CPU iPhone OS 17_5_1 like Mac OS X) AppleWebKit/605.1.15 (KHTML, like Gecko) Version/17.5 Mobile/15E148 Safari/604.1"
2a09:bac3:a62b:6e::b:235 - - [01/Sep/2024:05:31:05 +0000] "GET /api/syllabi/9 HTTP/1.1" 200 246933 "https://syllabus.website/" "Mozilla/5.0 (iPhone; CPU iPhone OS 17_5_1 like Mac OS X) AppleWebKit/605.1.15 (KHTML, like Gecko) Version/17.5 Mobile/15E148 Safari/604.1"
98.113.158.59 - - [01/Sep/2024:05:31:08 +0000] "GET /api/syllabi/9 HTTP/1.1" 200 246933 "https://syllabus.website/" "Mozilla/5.0 (Macintosh; Intel Mac OS X 10_15_7) AppleWebKit/537.36 (KHTML, like Gecko) Chrome/128.0.0.0 Safari/537.36"
2600:4808:896:8e01:f1ba:4f43:7c9a:6587 - - [01/Sep/2024:05:31:08 +0000] "GET /api/syllabi/43 HTTP/1.1" 200 244810 "https://syllabus.website/" "Mozilla/5.0 (iPhone; CPU iPhone OS 18_0 like Mac OS X) AppleWebKit/605.1.15 (KHTML, like Gecko) Version/18.0 Mobile/15E148 Safari/604.1"
98.113.158.59 - - [01/Sep/2024:05:31:09 +0000] "GET /sw.js HTTP/1.1" 304 - "https://syllabus.website/sw.js" "Mozilla/5.0 (Macintosh; Intel Mac OS X 10_15_7) AppleWebKit/537.36 (KHTML, like Gecko) Chrome/128.0.0.0 Safari/537.36"
2a09:bac3:a62b:6e::b:235 - - [01/Sep/2024:05:31:27 +0000] "GET /api/syllabi HTTP/1.1" 304 - "https://syllabus.website/" "Mozilla/5.0 (iPhone; CPU iPhone OS 17_5_1 like Mac OS X) AppleWebKit/605.1.15 (KHTML, like Gecko) Version/17.5 Mobile/15E148 Safari/604.1"
2600:4808:896:8e01:f1ba:4f43:7c9a:6587 - - [01/Sep/2024:05:31:40 +0000] "GET /api/syllabi HTTP/1.1" 304 - "https://syllabus.website/" "Mozilla/5.0 (iPhone; CPU iPhone OS 18_0 like Mac OS X) AppleWebKit/605.1.15 (KHTML, like Gecko) Version/18.0 Mobile/15E148 Safari/604.1"
98.113.158.59 - - [01/Sep/2024:05:31:40 +0000] "GET /sw.js HTTP/1.1" 304 - "https://syllabus.website/sw.js" "Mozilla/5.0 (Macintosh; Intel Mac OS X 10_15_7) AppleWebKit/537.36 (KHTML, like Gecko) Chrome/128.0.0.0 Safari/537.36"
98.14.162.213 - - [01/Sep/2024:05:32:18 +0000] "GET /api/syllabi/37 HTTP/1.1" 304 - "https://syllabus.website/" "Mozilla/5.0 (iPhone; CPU iPhone OS 17_6_1 like Mac OS X) AppleWebKit/605.1.15 (KHTML, like Gecko) Version/17.6 Mobile/15E148 Safari/604.1"
98.113.158.59 - - [01/Sep/2024:05:32:26 +0000] "GET /api/syllabi HTTP/1.1" 304 - "https://syllabus.website/" "Mozilla/5.0 (Macintosh; Intel Mac OS X 10_15_7) AppleWebKit/537.36 (KHTML, like Gecko) Chrome/128.0.0.0 Safari/537.36"
98.113.158.59 - - [01/Sep/2024:05:32:27 +0000] "GET /sw.js HTTP/1.1" 304 - "https://syllabus.website/sw.js" "Mozilla/5.0 (Macintosh; Intel Mac OS X 10_15_7) AppleWebKit/537.36 (KHTML, like Gecko) Chrome/128.0.0.0 Safari/537.36"
24.187.177.56 - - [01/Sep/2024:05:32:29 +0000] "GET /api/syllabi HTTP/1.1" 200 6652 "https://syllabus.website/" "Mozilla/5.0 (Windows NT 10.0; Win64; x64) AppleWebKit/537.36 (KHTML, like Gecko) Chrome/128.0.0.0 Safari/537.36 Edg/128.0.0.0"
98.113.158.59 - - [01/Sep/2024:05:33:02 +0000] "GET /sw.js HTTP/1.1" 304 - "https://syllabus.website/sw.js" "Mozilla/5.0 (Macintosh; Intel Mac OS X 10_15_7) AppleWebKit/537.36 (KHTML, like Gecko) Chrome/128.0.0.0 Safari/537.36"
98.14.162.213 - - [01/Sep/2024:05:33:27 +0000] "GET /api/syllabi HTTP/1.1" 200 6652 "https://syllabus.website/" "Mozilla/5.0 (iPhone; CPU iPhone OS 17_6_1 like Mac OS X) AppleWebKit/605.1.15 (KHTML, like Gecko) Version/17.6 Mobile/15E148 Safari/604.1"
130.245.192.11 - - [01/Sep/2024:05:33:50 +0000] "GET /api/syllabi HTTP/1.1" 200 6652 "https://syllabus.website/" "Mozilla/5.0 (Windows NT 10.0; Win64; x64; rv:129.0) Gecko/20100101 Firefox/129.0"
130.245.192.11 - - [01/Sep/2024:05:33:55 +0000] "GET /api/syllabi/5 HTTP/1.1" 200 96119 "https://syllabus.website/" "Mozilla/5.0 (Windows NT 10.0; Win64; x64; rv:129.0) Gecko/20100101 Firefox/129.0"
2a09:bac2:a535:197d::28a:e7 - - [01/Sep/2024:05:34:19 +0000] "GET /api/syllabi HTTP/1.1" 200 6652 "https://syllabus.website/" "Mozilla/5.0 (iPhone; CPU iPhone OS 17_5_1 like Mac OS X) AppleWebKit/605.1.15 (KHTML, like Gecko) Version/17.5 Mobile/15E148 Safari/604.1"
2a09:bac2:a535:197d::28a:e7 - - [01/Sep/2024:05:34:24 +0000] "GET /api/syllabi/7 HTTP/1.1" 200 43092 "https://syllabus.website/" "Mozilla/5.0 (iPhone; CPU iPhone OS 17_5_1 like Mac OS X) AppleWebKit/605.1.15 (KHTML, like Gecko) Version/17.5 Mobile/15E148 Safari/604.1"
2a09:bac2:a535:197d::28a:e7 - - [01/Sep/2024:05:34:28 +0000] "GET /api/syllabi HTTP/1.1" 304 - "https://syllabus.website/" "Mozilla/5.0 (iPhone; CPU iPhone OS 17_5_1 like Mac OS X) AppleWebKit/605.1.15 (KHTML, like Gecko) Version/17.5 Mobile/15E148 Safari/604.1"
2a09:bac2:a535:197d::28a:e7 - - [01/Sep/2024:05:34:51 +0000] "GET /api/syllabi/21 HTTP/1.1" 200 1851589 "https://syllabus.website/" "Mozilla/5.0 (iPhone; CPU iPhone OS 17_5_1 like Mac OS X) AppleWebKit/605.1.15 (KHTML, like Gecko) Version/17.5 Mobile/15E148 Safari/604.1"
69.118.109.100 - - [01/Sep/2024:05:35:00 +0000] "GET /api/syllabi HTTP/1.1" 200 6652 "https://syllabus.website/" "Mozilla/5.0 (iPhone; CPU iPhone OS 17_5_1 like Mac OS X) AppleWebKit/605.1.15 (KHTML, like Gecko) Version/17.5 Mobile/15E148 Safari/604.1"
98.14.162.213 - - [01/Sep/2024:05:35:25 +0000] "GET /api/syllabi HTTP/1.1" 304 - "https://syllabus.website/" "Mozilla/5.0 (iPhone; CPU iPhone OS 17_6_1 like Mac OS X) AppleWebKit/605.1.15 (KHTML, like Gecko) Version/17.6 Mobile/15E148 Safari/604.1"
::1 - - [01/Sep/2024:05:35:58 +0000] "GET /api/v1/cav/client/status/../../admin/options HTTP/1.1" 200 892 "-" "Mozilla/5.0 (X11; Linux x86_64; rv:109.0) Gecko/20100101 Firefox/115.0"
69.118.109.100 - - [01/Sep/2024:05:36:01 +0000] "GET /api/syllabi HTTP/1.1" 304 - "https://syllabus.website/" "Mozilla/5.0 (iPhone; CPU iPhone OS 17_5_1 like Mac OS X) AppleWebKit/605.1.15 (KHTML, like Gecko) Version/17.5 Mobile/15E148 Safari/604.1"
173.56.114.199 - - [01/Sep/2024:05:36:10 +0000] "GET /api/syllabi HTTP/1.1" 200 6652 "https://syllabus.website/" "Mozilla/5.0 (iPhone; CPU iPhone OS 17_3_1 like Mac OS X) AppleWebKit/605.1.15 (KHTML, like Gecko) Version/17.3.1 Mobile/15E148 Safari/604.1"
173.56.114.199 - - [01/Sep/2024:05:36:15 +0000] "GET /api/syllabi/7 HTTP/1.1" 200 43092 "https://syllabus.website/" "Mozilla/5.0 (iPhone; CPU iPhone OS 17_3_1 like Mac OS X) AppleWebKit/605.1.15 (KHTML, like Gecko) Version/17.3.1 Mobile/15E148 Safari/604.1"
98.14.162.213 - - [01/Sep/2024:05:37:17 +0000] "GET /api/syllabi HTTP/1.1" 304 - "https://syllabus.website/" "Mozilla/5.0 (iPhone; CPU iPhone OS 17_6_1 like Mac OS X) AppleWebKit/605.1.15 (KHTML, like Gecko) Version/17.6 Mobile/15E148 Safari/604.1"
98.14.162.213 - - [01/Sep/2024:05:37:38 +0000] "GET /api/syllabi/43 HTTP/1.1" 200 244810 "https://syllabus.website/" "Mozilla/5.0 (iPhone; CPU iPhone OS 17_6_1 like Mac OS X) AppleWebKit/605.1.15 (KHTML, like Gecko) Version/17.6 Mobile/15E148 Safari/604.1"
130.245.192.11 - - [01/Sep/2024:05:37:48 +0000] "GET /api/syllabi HTTP/1.1" 200 6652 "https://syllabus.website/" "Mozilla/5.0 (iPhone; CPU iPhone OS 17_6_1 like Mac OS X) AppleWebKit/605.1.15 (KHTML, like Gecko) Version/17.6 Mobile/15E148 Safari/604.1"
98.14.162.213 - - [01/Sep/2024:05:38:02 +0000] "GET /api/syllabi HTTP/1.1" 304 - "https://syllabus.website/" "Mozilla/5.0 (iPhone; CPU iPhone OS 17_6_1 like Mac OS X) AppleWebKit/605.1.15 (KHTML, like Gecko) Version/17.6 Mobile/15E148 Safari/604.1"
98.14.162.213 - - [01/Sep/2024:05:38:16 +0000] "GET /api/syllabi/37 HTTP/1.1" 200 89725 "https://syllabus.website/" "Mozilla/5.0 (iPhone; CPU iPhone OS 17_6_1 like Mac OS X) AppleWebKit/605.1.15 (KHTML, like Gecko) Version/17.6 Mobile/15E148 Safari/604.1"
71.167.94.180 - - [01/Sep/2024:05:38:42 +0000] "GET /api/syllabi HTTP/1.1" 200 6652 "https://syllabus.website/" "Mozilla/5.0 (iPhone; CPU iPhone OS 17_6_1 like Mac OS X) AppleWebKit/605.1.15 (KHTML, like Gecko) Version/17.6 Mobile/15E148 Safari/604.1"
71.167.94.180 - - [01/Sep/2024:05:38:49 +0000] "GET /api/syllabi/6 HTTP/1.1" 200 374134 "https://syllabus.website/" "Mozilla/5.0 (iPhone; CPU iPhone OS 17_6_1 like Mac OS X) AppleWebKit/605.1.15 (KHTML, like Gecko) Version/17.6 Mobile/15E148 Safari/604.1"
98.14.162.213 - - [01/Sep/2024:05:38:49 +0000] "GET /api/syllabi HTTP/1.1" 304 - "https://syllabus.website/" "Mozilla/5.0 (iPhone; CPU iPhone OS 17_6_1 like Mac OS X) AppleWebKit/605.1.15 (KHTML, like Gecko) Version/17.6 Mobile/15E148 Safari/604.1"
130.245.192.11 - - [01/Sep/2024:05:39:56 +0000] "GET /api/syllabi HTTP/1.1" 304 - "https://syllabus.website/" "Mozilla/5.0 (iPhone; CPU iPhone OS 17_6_1 like Mac OS X) AppleWebKit/605.1.15 (KHTML, like Gecko) Version/17.6 Mobile/15E148 Safari/604.1"
130.245.192.11 - - [01/Sep/2024:05:39:58 +0000] "GET /api/syllabi HTTP/1.1" 200 6652 "https://syllabus.website/" "Mozilla/5.0 (iPhone; CPU iPhone OS 17_6_1 like Mac OS X) AppleWebKit/605.1.15 (KHTML, like Gecko) Version/17.6 Mobile/15E148 Safari/604.1"
108.41.218.30 - - [01/Sep/2024:05:40:06 +0000] "GET /api/syllabi HTTP/1.1" 200 6652 "https://syllabus.website/" "Mozilla/5.0 (iPhone; CPU iPhone OS 16_6 like Mac OS X) AppleWebKit/605.1.15 (KHTML, like Gecko) Version/16.6 Mobile/15E148 Safari/604.1"
130.245.192.11 - - [01/Sep/2024:05:40:21 +0000] "GET /api/syllabi/7 HTTP/1.1" 200 43092 "https://syllabus.website/" "Mozilla/5.0 (iPhone; CPU iPhone OS 17_6_1 like Mac OS X) AppleWebKit/605.1.15 (KHTML, like Gecko) Version/17.6 Mobile/15E148 Safari/604.1"
130.245.192.11 - - [01/Sep/2024:05:41:52 +0000] "GET /api/syllabi HTTP/1.1" 200 6652 "https://syllabus.website/" "Mozilla/5.0 (Linux; Android 10; K) AppleWebKit/537.36 (KHTML, like Gecko) SamsungBrowser/26.0 Chrome/122.0.0.0 Mobile Safari/537.36"
71.183.46.181 - - [01/Sep/2024:05:41:52 +0000] "GET /api/syllabi HTTP/1.1" 200 6652 "https://syllabus.website/" "Mozilla/5.0 (Macintosh; Intel Mac OS X 10_15_7) AppleWebKit/537.36 (KHTML, like Gecko) Chrome/128.0.0.0 Safari/537.36"
130.245.192.11 - - [01/Sep/2024:05:41:56 +0000] "GET /api/syllabi/7 HTTP/1.1" 200 43092 "https://syllabus.website/" "Mozilla/5.0 (Linux; Android 10; K) AppleWebKit/537.36 (KHTML, like Gecko) SamsungBrowser/26.0 Chrome/122.0.0.0 Mobile Safari/537.36"
130.245.192.6 - - [01/Sep/2024:05:42:08 +0000] "GET /api/syllabi HTTP/1.1" 200 6652 "https://syllabus.website/" "Mozilla/5.0 (iPhone; CPU iPhone OS 17_5_1 like Mac OS X) AppleWebKit/605.1.15 (KHTML, like Gecko) Version/17.5 Mobile/15E148 Safari/604.1"
24.184.209.206 - - [01/Sep/2024:05:42:31 +0000] "GET /api/syllabi HTTP/1.1" 200 6652 "https://syllabus.website/" "Mozilla/5.0 (Macintosh; Intel Mac OS X 10_15_7) AppleWebKit/605.1.15 (KHTML, like Gecko) Version/17.6 Safari/605.1.15"
130.245.192.10 - - [01/Sep/2024:05:43:38 +0000] "GET /api/syllabi HTTP/1.1" 200 6652 "https://syllabus.website/" "Mozilla/5.0 (iPhone; CPU iPhone OS 17_5_1 like Mac OS X) AppleWebKit/605.1.15 (KHTML, like Gecko) Version/17.5 Mobile/15E148 Safari/604.1"
98.14.162.213 - - [01/Sep/2024:05:44:22 +0000] "GET /api/syllabi/48 HTTP/1.1" 200 293683 "https://syllabus.website/" "Mozilla/5.0 (iPhone; CPU iPhone OS 17_6_1 like Mac OS X) AppleWebKit/605.1.15 (KHTML, like Gecko) Version/17.6 Mobile/15E148 Safari/604.1"
69.125.182.21 - - [01/Sep/2024:05:44:36 +0000] "GET /api/syllabi HTTP/1.1" 200 6652 "https://syllabus.website/" "Mozilla/5.0 (iPhone; CPU iPhone OS 17_5_1 like Mac OS X) AppleWebKit/605.1.15 (KHTML, like Gecko) Version/17.5 Mobile/15E148 Safari/604.1"
2a04:4e41:18:9d::de6f:e829 - - [01/Sep/2024:05:45:03 +0000] "GET /api/syllabi HTTP/1.1" 200 6652 "https://syllabus.website/" "Mozilla/5.0 (iPhone; CPU iPhone OS 17_5_1 like Mac OS X) AppleWebKit/605.1.15 (KHTML, like Gecko) Version/17.5 Mobile/15E148 Safari/604.1"
130.245.192.7 - - [01/Sep/2024:05:45:07 +0000] "GET /api/syllabi HTTP/1.1" 200 6652 "https://syllabus.website/" "Mozilla/5.0 (Windows NT 10.0; Win64; x64) AppleWebKit/537.36 (KHTML, like Gecko) Chrome/128.0.0.0 Safari/537.36 Edg/128.0.0.0"
98.14.162.213 - - [01/Sep/2024:05:45:15 +0000] "GET /api/syllabi HTTP/1.1" 304 - "https://syllabus.website/" "Mozilla/5.0 (iPhone; CPU iPhone OS 17_6_1 like Mac OS X) AppleWebKit/605.1.15 (KHTML, like Gecko) Version/17.6 Mobile/15E148 Safari/604.1"
98.14.162.213 - - [01/Sep/2024:05:45:28 +0000] "GET /api/syllabi/47 HTTP/1.1" 200 378256 "https://syllabus.website/" "Mozilla/5.0 (iPhone; CPU iPhone OS 17_6_1 like Mac OS X) AppleWebKit/605.1.15 (KHTML, like Gecko) Version/17.6 Mobile/15E148 Safari/604.1"
69.125.182.21 - - [01/Sep/2024:05:46:08 +0000] "GET /api/syllabi/44 HTTP/1.1" 200 105258 "https://syllabus.website/" "Mozilla/5.0 (iPhone; CPU iPhone OS 17_5_1 like Mac OS X) AppleWebKit/605.1.15 (KHTML, like Gecko) Version/17.5 Mobile/15E148 Safari/604.1"
98.14.162.213 - - [01/Sep/2024:05:46:09 +0000] "GET /api/syllabi HTTP/1.1" 304 - "https://syllabus.website/" "Mozilla/5.0 (iPhone; CPU iPhone OS 17_6_1 like Mac OS X) AppleWebKit/605.1.15 (KHTML, like Gecko) Version/17.6 Mobile/15E148 Safari/604.1"
2607:fb91:3018:10aa:6857:28c1:7a5d:1186 - - [01/Sep/2024:05:46:24 +0000] "GET /api/syllabi HTTP/1.1" 200 6652 "https://syllabus.website/" "Mozilla/5.0 (Linux; Android 10; K) AppleWebKit/537.36 (KHTML, like Gecko) Chrome/127.0.0.0 Mobile Safari/537.36"
204.186.55.229 - - [01/Sep/2024:05:46:25 +0000] "GET /api/syllabi HTTP/1.1" 200 6652 "https://syllabus.website/" "Mozilla/5.0 (Linux; Android 14; SM-S901U) AppleWebKit/537.36 (KHTML, like Gecko) Chrome/126.0.0.0 Mobile Safari/537.36"
98.14.162.213 - - [01/Sep/2024:05:46:39 +0000] "GET /api/syllabi/37 HTTP/1.1" 304 - "https://syllabus.website/" "Mozilla/5.0 (iPhone; CPU iPhone OS 17_6_1 like Mac OS X) AppleWebKit/605.1.15 (KHTML, like Gecko) Version/17.6 Mobile/15E148 Safari/604.1"
2607:fb91:3018:10aa:6857:28c1:7a5d:1186 - - [01/Sep/2024:05:46:58 +0000] "GET /api/syllabi/21 HTTP/1.1" 200 1851589 "https://syllabus.website/" "Mozilla/5.0 (Linux; Android 10; K) AppleWebKit/537.36 (KHTML, like Gecko) Chrome/127.0.0.0 Mobile Safari/537.36"
98.14.162.213 - - [01/Sep/2024:05:46:59 +0000] "GET /api/syllabi HTTP/1.1" 304 - "https://syllabus.website/" "Mozilla/5.0 (iPhone; CPU iPhone OS 17_6_1 like Mac OS X) AppleWebKit/605.1.15 (KHTML, like Gecko) Version/17.6 Mobile/15E148 Safari/604.1"
98.14.162.213 - - [01/Sep/2024:05:47:08 +0000] "GET /api/syllabi/44 HTTP/1.1" 200 105258 "https://syllabus.website/" "Mozilla/5.0 (iPhone; CPU iPhone OS 17_6_1 like Mac OS X) AppleWebKit/605.1.15 (KHTML, like Gecko) Version/17.6 Mobile/15E148 Safari/604.1"
130.245.192.6 - - [01/Sep/2024:05:47:12 +0000] "GET /api/syllabi HTTP/1.1" 200 6652 "https://syllabus.website/" "Mozilla/5.0 (Macintosh; Intel Mac OS X 10_15_7) AppleWebKit/605.1.15 (KHTML, like Gecko) Version/17.6 Safari/605.1.15"
98.116.54.75 - - [01/Sep/2024:05:47:21 +0000] "GET /api/syllabi HTTP/1.1" 200 6652 "https://syllabus.website/" "Mozilla/5.0 (iPhone; CPU iPhone OS 17_5_1 like Mac OS X) AppleWebKit/605.1.15 (KHTML, like Gecko) Version/17.5 Mobile/15E148 Safari/604.1"
98.116.54.75 - - [01/Sep/2024:05:47:53 +0000] "GET /api/syllabi HTTP/1.1" 304 - "https://syllabus.website/" "Mozilla/5.0 (iPhone; CPU iPhone OS 17_5_1 like Mac OS X) AppleWebKit/605.1.15 (KHTML, like Gecko) Version/17.5 Mobile/15E148 Safari/604.1"
98.116.54.75 - - [01/Sep/2024:05:47:58 +0000] "GET /api/syllabi HTTP/1.1" 304 - "https://syllabus.website/" "Mozilla/5.0 (iPhone; CPU iPhone OS 17_5_1 like Mac OS X) AppleWebKit/605.1.15 (KHTML, like Gecko) Version/17.5 Mobile/15E148 Safari/604.1"
98.116.54.75 - - [01/Sep/2024:05:48:00 +0000] "GET /api/syllabi/7 HTTP/1.1" 200 43092 "https://syllabus.website/" "Mozilla/5.0 (iPhone; CPU iPhone OS 17_5_1 like Mac OS X) AppleWebKit/605.1.15 (KHTML, like Gecko) Version/17.5 Mobile/15E148 Safari/604.1"
98.14.162.213 - - [01/Sep/2024:05:48:02 +0000] "GET /api/syllabi HTTP/1.1" 304 - "https://syllabus.website/" "Mozilla/5.0 (iPhone; CPU iPhone OS 17_6_1 like Mac OS X) AppleWebKit/605.1.15 (KHTML, like Gecko) Version/17.6 Mobile/15E148 Safari/604.1"
108.29.222.144 - - [01/Sep/2024:05:48:04 +0000] "GET /api/syllabi HTTP/1.1" 200 6652 "https://syllabus.website/" "Mozilla/5.0 (Windows NT 10.0; Win64; x64) AppleWebKit/537.36 (KHTML, like Gecko) Chrome/128.0.0.0 Safari/537.36"
98.116.54.75 - - [01/Sep/2024:05:48:07 +0000] "GET /api/syllabi HTTP/1.1" 304 - "https://syllabus.website/" "Mozilla/5.0 (iPhone; CPU iPhone OS 17_5_1 like Mac OS X) AppleWebKit/605.1.15 (KHTML, like Gecko) Version/17.5 Mobile/15E148 Safari/604.1"
108.29.222.144 - - [01/Sep/2024:05:48:23 +0000] "GET /api/syllabi/3 HTTP/1.1" 200 379405 "https://syllabus.website/" "Mozilla/5.0 (Windows NT 10.0; Win64; x64) AppleWebKit/537.36 (KHTML, like Gecko) Chrome/128.0.0.0 Safari/537.36"
130.245.192.7 - - [01/Sep/2024:05:48:37 +0000] "GET /api/syllabi HTTP/1.1" 304 - "https://syllabus.website/" "Mozilla/5.0 (Windows NT 10.0; Win64; x64) AppleWebKit/537.36 (KHTML, like Gecko) Chrome/128.0.0.0 Safari/537.36 Edg/128.0.0.0"
2600:1017:b4a8:edb7:a017:5ca4:77d5:22d1 - - [01/Sep/2024:05:48:42 +0000] "GET /api/syllabi HTTP/1.1" 200 6652 "https://syllabus.website/" "Mozilla/5.0 (iPhone; CPU iPhone OS 17_6_1 like Mac OS X) AppleWebKit/605.1.15 (KHTML, like Gecko) Version/17.6 Mobile/15E148 Safari/604.1"
2607:fb91:2d8a:c2cb:402b:8d12:40e6:4db7 - - [01/Sep/2024:05:49:06 +0000] "GET /api/syllabi HTTP/1.1" 200 6652 "https://syllabus.website/" "Mozilla/5.0 (Macintosh; Intel Mac OS X 10_15_7) AppleWebKit/537.36 (KHTML, like Gecko) Chrome/125.0.0.0 Safari/537.36"
2607:fb91:1cef:e223:2d5e:7e45:5210:3642 - - [01/Sep/2024:05:49:47 +0000] "GET /api/syllabi HTTP/1.1" 200 6652 "https://syllabus.website/" "Mozilla/5.0 (Linux; Android 10; K) AppleWebKit/537.36 (KHTML, like Gecko) SamsungBrowser/26.0 Chrome/122.0.0.0 Mobile Safari/537.36"
207.237.44.223 - - [01/Sep/2024:05:51:02 +0000] "GET /api/syllabi HTTP/1.1" 200 6652 "https://syllabus.website/" "Mozilla/5.0 (iPhone; CPU iPhone OS 17_5_1 like Mac OS X) AppleWebKit/605.1.15 (KHTML, like Gecko) Version/17.5 Mobile/15E148 Safari/604.1"
24.184.209.206 - - [01/Sep/2024:05:52:11 +0000] "GET /api/syllabi/33 HTTP/1.1" 200 122443 "https://syllabus.website/" "Mozilla/5.0 (Macintosh; Intel Mac OS X 10_15_7) AppleWebKit/605.1.15 (KHTML, like Gecko) Version/17.6 Safari/605.1.15"
68.192.81.112 - - [01/Sep/2024:05:53:30 +0000] "GET /api/syllabi HTTP/1.1" 200 6652 "https://syllabus.website/" "Mozilla/5.0 (iPhone; CPU iPhone OS 17_6_1 like Mac OS X) AppleWebKit/605.1.15 (KHTML, like Gecko) Version/17.6 Mobile/15E148 Safari/604.1"
130.245.192.5 - - [01/Sep/2024:05:54:00 +0000] "GET /api/syllabi HTTP/1.1" 200 6652 "https://syllabus.website/" "Mozilla/5.0 (iPhone; CPU iPhone OS 16_7 like Mac OS X) AppleWebKit/605.1.15 (KHTML, like Gecko) Version/16.6 Mobile/15E148 Safari/604.1"
130.245.192.5 - - [01/Sep/2024:05:54:02 +0000] "GET /api/syllabi/3 HTTP/1.1" 200 379405 "https://syllabus.website/" "Mozilla/5.0 (iPhone; CPU iPhone OS 16_7 like Mac OS X) AppleWebKit/605.1.15 (KHTML, like Gecko) Version/16.6 Mobile/15E148 Safari/604.1"
130.245.192.5 - - [01/Sep/2024:05:54:11 +0000] "GET /api/syllabi/5 HTTP/1.1" 200 96119 "https://syllabus.website/" "Mozilla/5.0 (iPhone; CPU iPhone OS 16_7 like Mac OS X) AppleWebKit/605.1.15 (KHTML, like Gecko) Version/16.6 Mobile/15E148 Safari/604.1"
151.204.145.213 - - [01/Sep/2024:05:54:16 +0000] "GET /api/syllabi HTTP/1.1" 200 6652 "https://syllabus.website/" "Mozilla/5.0 (iPhone; CPU iPhone OS 18_0 like Mac OS X) AppleWebKit/605.1.15 (KHTML, like Gecko) Version/18.0 Mobile/15E148 Safari/604.1"
24.184.209.206 - - [01/Sep/2024:05:54:36 +0000] "GET /api/syllabi HTTP/1.1" 304 - "https://syllabus.website/" "Mozilla/5.0 (Macintosh; Intel Mac OS X 10_15_7) AppleWebKit/605.1.15 (KHTML, like Gecko) Version/17.6 Safari/605.1.15"
114.119.139.207 - - [01/Sep/2024:05:54:42 +0000] "GET /tnpsc-engineering-service-examination HTTP/1.1" 200 892 "-" "Mozilla/5.0 (Linux; Android 7.0;) AppleWebKit/537.36 (KHTML, like Gecko) Mobile Safari/537.36 (compatible; PetalBot;+https://webmaster.petalsearch.com/site/petalbot)"
130.245.192.4 - - [01/Sep/2024:05:54:47 +0000] "GET /api/syllabi HTTP/1.1" 200 6652 "https://syllabus.website/" "Mozilla/5.0 (iPhone; CPU iPhone OS 17_5_1 like Mac OS X) AppleWebKit/605.1.15 (KHTML, like Gecko) Version/17.5 Mobile/15E148 Safari/604.1"
130.245.192.4 - - [01/Sep/2024:05:54:50 +0000] "GET /api/syllabi/3 HTTP/1.1" 200 379405 "https://syllabus.website/" "Mozilla/5.0 (iPhone; CPU iPhone OS 17_5_1 like Mac OS X) AppleWebKit/605.1.15 (KHTML, like Gecko) Version/17.5 Mobile/15E148 Safari/604.1"
98.113.158.59 - - [01/Sep/2024:05:54:54 +0000] "GET /sw.js HTTP/1.1" 304 - "https://syllabus.website/sw.js" "Mozilla/5.0 (Macintosh; Intel Mac OS X 10_15_7) AppleWebKit/537.36 (KHTML, like Gecko) Chrome/128.0.0.0 Safari/537.36"
130.245.192.4 - - [01/Sep/2024:05:54:58 +0000] "GET /api/syllabi HTTP/1.1" 304 - "https://syllabus.website/" "Mozilla/5.0 (iPhone; CPU iPhone OS 17_5_1 like Mac OS X) AppleWebKit/605.1.15 (KHTML, like Gecko) Version/17.5 Mobile/15E148 Safari/604.1"
98.113.158.59 - - [01/Sep/2024:05:55:03 +0000] "GET /api/syllabi HTTP/1.1" 304 - "https://syllabus.website/" "Mozilla/5.0 (Macintosh; Intel Mac OS X 10_15_7) AppleWebKit/537.36 (KHTML, like Gecko) Chrome/128.0.0.0 Safari/537.36"
24.184.209.206 - - [01/Sep/2024:05:55:04 +0000] "GET /api/syllabi/36 HTTP/1.1" 200 198448 "https://syllabus.website/" "Mozilla/5.0 (Macintosh; Intel Mac OS X 10_15_7) AppleWebKit/605.1.15 (KHTML, like Gecko) Version/17.6 Safari/605.1.15"
98.113.158.59 - - [01/Sep/2024:05:55:05 +0000] "GET /sw.js HTTP/1.1" 304 - "https://syllabus.website/sw.js" "Mozilla/5.0 (Macintosh; Intel Mac OS X 10_15_7) AppleWebKit/537.36 (KHTML, like Gecko) Chrome/128.0.0.0 Safari/537.36"
98.14.162.213 - - [01/Sep/2024:05:55:38 +0000] "GET /api/syllabi HTTP/1.1" 304 - "https://syllabus.website/" "Mozilla/5.0 (iPhone; CPU iPhone OS 17_6_1 like Mac OS X) AppleWebKit/605.1.15 (KHTML, like Gecko) Version/17.6 Mobile/15E148 Safari/604.1"
98.113.158.59 - - [01/Sep/2024:05:55:44 +0000] "GET /sw.js HTTP/1.1" 304 - "https://syllabus.website/sw.js" "Mozilla/5.0 (Macintosh; Intel Mac OS X 10_15_7) AppleWebKit/537.36 (KHTML, like Gecko) Chrome/128.0.0.0 Safari/537.36"
130.245.192.4 - - [01/Sep/2024:05:55:59 +0000] "GET /api/syllabi HTTP/1.1" 200 6652 "https://syllabus.website/" "Mozilla/5.0 (Macintosh; Intel Mac OS X 10_15_7) AppleWebKit/537.36 (KHTML, like Gecko) Chrome/128.0.0.0 Safari/537.36 Edg/128.0.0.0"
2603:7000:a900:38ec:f461:4844:95d8:93c0 - - [01/Sep/2024:05:57:00 +0000] "GET /api/syllabi HTTP/1.1" 200 6652 "https://syllabus.website/" "Mozilla/5.0 (iPhone; CPU iPhone OS 17_6_1 like Mac OS X) AppleWebKit/605.1.15 (KHTML, like Gecko) Version/17.6 Mobile/15E148 Safari/604.1"
130.245.192.4 - - [01/Sep/2024:05:57:00 +0000] "GET /api/syllabi HTTP/1.1" 304 - "https://syllabus.website/" "Mozilla/5.0 (Macintosh; Intel Mac OS X 10_15_7) AppleWebKit/537.36 (KHTML, like Gecko) Chrome/128.0.0.0 Safari/537.36 Edg/128.0.0.0"
2603:7000:a900:38ec:f461:4844:95d8:93c0 - - [01/Sep/2024:05:57:02 +0000] "GET /api/syllabi/3 HTTP/1.1" 200 379405 "https://syllabus.website/" "Mozilla/5.0 (iPhone; CPU iPhone OS 17_6_1 like Mac OS X) AppleWebKit/605.1.15 (KHTML, like Gecko) Version/17.6 Mobile/15E148 Safari/604.1"
2603:7000:a900:38ec:f461:4844:95d8:93c0 - - [01/Sep/2024:05:57:16 +0000] "GET /api/syllabi/7 HTTP/1.1" 200 43092 "https://syllabus.website/" "Mozilla/5.0 (iPhone; CPU iPhone OS 17_6_1 like Mac OS X) AppleWebKit/605.1.15 (KHTML, like Gecko) Version/17.6 Mobile/15E148 Safari/604.1"
2603:7000:a900:38ec:f461:4844:95d8:93c0 - - [01/Sep/2024:05:57:28 +0000] "GET /api/syllabi/31 HTTP/1.1" 200 219607 "https://syllabus.website/" "Mozilla/5.0 (iPhone; CPU iPhone OS 17_6_1 like Mac OS X) AppleWebKit/605.1.15 (KHTML, like Gecko) Version/17.6 Mobile/15E148 Safari/604.1"
2603:7000:a900:38ec:f461:4844:95d8:93c0 - - [01/Sep/2024:05:58:16 +0000] "GET /api/syllabi/28 HTTP/1.1" 200 146592 "https://syllabus.website/" "Mozilla/5.0 (iPhone; CPU iPhone OS 17_6_1 like Mac OS X) AppleWebKit/605.1.15 (KHTML, like Gecko) Version/17.6 Mobile/15E148 Safari/604.1"
2603:7000:a900:38ec:f461:4844:95d8:93c0 - - [01/Sep/2024:05:58:40 +0000] "GET /api/syllabi HTTP/1.1" 304 - "https://syllabus.website/" "Mozilla/5.0 (iPhone; CPU iPhone OS 17_6_1 like Mac OS X) AppleWebKit/605.1.15 (KHTML, like Gecko) Version/17.6 Mobile/15E148 Safari/604.1"
141.157.238.218 - - [01/Sep/2024:06:00:00 +0000] "GET /api/syllabi HTTP/1.1" 200 6652 "https://syllabus.website/" "Mozilla/5.0 (iPhone; CPU iPhone OS 16_7_10 like Mac OS X) AppleWebKit/605.1.15 (KHTML, like Gecko) Version/16.6 Mobile/15E148 Safari/604.1"
::1 - - [01/Sep/2024:06:00:16 +0000] "HEAD /epa/scripts/win/nsepa_setup.exe HTTP/1.1" 200 892 "-" "Mozilla/5.0 (Macintosh; Intel Mac OS X 10_11_5) AppleWebKit/537.36 (KHTML, like Gecko) Chrome/50.0.2661.102 Safari/537.36"
2603:7000:7600:1290:e53d:b658:9eae:54cf - - [01/Sep/2024:06:00:31 +0000] "GET /api/syllabi HTTP/1.1" 200 6652 "https://syllabus.website/" "Mozilla/5.0 (Macintosh; Intel Mac OS X 10_15_7) AppleWebKit/605.1.15 (KHTML, like Gecko) Version/17.3.1 Safari/605.1.15"
2603:7000:7600:1290:e53d:b658:9eae:54cf - - [01/Sep/2024:06:00:41 +0000] "GET /api/syllabi/6 HTTP/1.1" 200 374134 "https://syllabus.website/" "Mozilla/5.0 (Macintosh; Intel Mac OS X 10_15_7) AppleWebKit/605.1.15 (KHTML, like Gecko) Version/17.3.1 Safari/605.1.15"
2603:7000:7600:1290:e53d:b658:9eae:54cf - - [01/Sep/2024:06:00:52 +0000] "GET /api/syllabi HTTP/1.1" 304 - "https://syllabus.website/" "Mozilla/5.0 (Macintosh; Intel Mac OS X 10_15_7) AppleWebKit/605.1.15 (KHTML, like Gecko) Version/17.3.1 Safari/605.1.15"
2603:7000:7600:1290:e53d:b658:9eae:54cf - - [01/Sep/2024:06:01:01 +0000] "GET /api/syllabi/13 HTTP/1.1" 200 238299 "https://syllabus.website/" "Mozilla/5.0 (Macintosh; Intel Mac OS X 10_15_7) AppleWebKit/605.1.15 (KHTML, like Gecko) Version/17.3.1 Safari/605.1.15"
2603:7000:7600:1290:e53d:b658:9eae:54cf - - [01/Sep/2024:06:01:30 +0000] "GET /api/syllabi HTTP/1.1" 304 - "https://syllabus.website/" "Mozilla/5.0 (Macintosh; Intel Mac OS X 10_15_7) AppleWebKit/605.1.15 (KHTML, like Gecko) Version/17.3.1 Safari/605.1.15"
2600:4808:29f1:a301:257a:e08e:d7ce:95de - - [01/Sep/2024:06:02:24 +0000] "GET /api/syllabi HTTP/1.1" 200 6652 "https://syllabus.website/" "Mozilla/5.0 (iPhone; CPU iPhone OS 17_0_3 like Mac OS X) AppleWebKit/605.1.15 (KHTML, like Gecko) Version/17.0.1 Mobile/15E148 Safari/604.1"
2600:4808:29f1:a301:257a:e08e:d7ce:95de - - [01/Sep/2024:06:02:36 +0000] "GET /api/syllabi/21 HTTP/1.1" 200 1851589 "https://syllabus.website/" "Mozilla/5.0 (iPhone; CPU iPhone OS 17_0_3 like Mac OS X) AppleWebKit/605.1.15 (KHTML, like Gecko) Version/17.0.1 Mobile/15E148 Safari/604.1"
2600:4808:29f1:a301:257a:e08e:d7ce:95de - - [01/Sep/2024:06:02:44 +0000] "GET /api/syllabi HTTP/1.1" 304 - "https://syllabus.website/" "Mozilla/5.0 (iPhone; CPU iPhone OS 17_0_3 like Mac OS X) AppleWebKit/605.1.15 (KHTML, like Gecko) Version/17.0.1 Mobile/15E148 Safari/604.1"
2600:4808:8c70:9300:158a:58d:396:af62 - - [01/Sep/2024:06:03:03 +0000] "GET /api/syllabi HTTP/1.1" 200 6652 "https://syllabus.website/" "Mozilla/5.0 (iPhone; CPU iPhone OS 17_6_1 like Mac OS X) AppleWebKit/605.1.15 (KHTML, like Gecko) Version/17.6 Mobile/15E148 Safari/604.1"
2600:4808:29f1:a301:257a:e08e:d7ce:95de - - [01/Sep/2024:06:03:07 +0000] "GET /api/syllabi/48 HTTP/1.1" 200 293683 "https://syllabus.website/" "Mozilla/5.0 (iPhone; CPU iPhone OS 17_0_3 like Mac OS X) AppleWebKit/605.1.15 (KHTML, like Gecko) Version/17.0.1 Mobile/15E148 Safari/604.1"
2600:4808:29f1:a301:257a:e08e:d7ce:95de - - [01/Sep/2024:06:03:08 +0000] "GET /api/syllabi HTTP/1.1" 304 - "https://syllabus.website/" "Mozilla/5.0 (iPhone; CPU iPhone OS 17_0_3 like Mac OS X) AppleWebKit/605.1.15 (KHTML, like Gecko) Version/17.0.1 Mobile/15E148 Safari/604.1"
2600:4040:904b:3800:2d8f:6262:a35e:4536 - - [01/Sep/2024:06:04:15 +0000] "GET /api/syllabi HTTP/1.1" 200 6652 "https://syllabus.website/" "Mozilla/5.0 (iPhone; CPU iPhone OS 17_6_1 like Mac OS X) AppleWebKit/605.1.15 (KHTML, like Gecko) Version/17.6 Mobile/15E148 Safari/604.1"
2600:4040:904b:3800:2d8f:6262:a35e:4536 - - [01/Sep/2024:06:04:19 +0000] "GET /api/syllabi/5 HTTP/1.1" 200 96119 "https://syllabus.website/" "Mozilla/5.0 (iPhone; CPU iPhone OS 17_6_1 like Mac OS X) AppleWebKit/605.1.15 (KHTML, like Gecko) Version/17.6 Mobile/15E148 Safari/604.1"
47.254.76.138 - - [01/Sep/2024:06:04:34 +0000] "GET /Public/home/js/check.js HTTP/1.1" 200 892 "-" "Mozilla/5.0 (Linux; Android 11; M2004J15SC) AppleWebKit/537.36 (KHTML, like Gecko) Chrome/103.0.5060.114 Mobile Safari/537.36"
47.88.78.6 - - [01/Sep/2024:06:04:34 +0000] "GET /Public/home/js/check.js HTTP/1.1" 200 892 "-" "Mozilla/5.0 (Linux; Android 11; M2004J15SC) AppleWebKit/537.36 (KHTML, like Gecko) Chrome/103.0.5060.114 Mobile Safari/537.36"
47.88.94.161 - - [01/Sep/2024:06:04:34 +0000] "GET /Public/home/js/check.js HTTP/1.1" 304 - "-" "Mozilla/5.0 (Linux; Android 11; M2004J15SC) AppleWebKit/537.36 (KHTML, like Gecko) Chrome/103.0.5060.114 Mobile Safari/537.36"
47.88.93.234 - - [01/Sep/2024:06:04:36 +0000] "GET /static/admin/javascript/hetong.js HTTP/1.1" 200 892 "-" "Mozilla/5.0 (Linux; Android 11; M2004J15SC) AppleWebKit/537.36 (KHTML, like Gecko) Chrome/103.0.5060.114 Mobile Safari/537.36"
47.88.86.63 - - [01/Sep/2024:06:04:36 +0000] "GET /static/admin/javascript/hetong.js HTTP/1.1" 200 892 "-" "Mozilla/5.0 (Linux; Android 11; M2004J15SC) AppleWebKit/537.36 (KHTML, like Gecko) Chrome/103.0.5060.114 Mobile Safari/537.36"
47.88.94.159 - - [01/Sep/2024:06:04:36 +0000] "GET /static/admin/javascript/hetong.js HTTP/1.1" 304 - "-" "Mozilla/5.0 (Linux; Android 11; M2004J15SC) AppleWebKit/537.36 (KHTML, like Gecko) Chrome/103.0.5060.114 Mobile Safari/537.36"
100.12.213.172 - - [01/Sep/2024:06:05:26 +0000] "GET /api/syllabi HTTP/1.1" 200 6652 "https://syllabus.website/" "Mozilla/5.0 (Linux; Android 10; K) AppleWebKit/537.36 (KHTML, like Gecko) Chrome/127.0.0.0 Mobile Safari/537.36"
98.113.158.59 - - [01/Sep/2024:06:05:38 +0000] "GET /api/syllabi HTTP/1.1" 304 - "https://syllabus.website/" "Mozilla/5.0 (Macintosh; Intel Mac OS X 10_15_7) AppleWebKit/537.36 (KHTML, like Gecko) Chrome/128.0.0.0 Safari/537.36"
98.113.158.59 - - [01/Sep/2024:06:05:40 +0000] "GET /sw.js HTTP/1.1" 304 - "https://syllabus.website/sw.js" "Mozilla/5.0 (Macintosh; Intel Mac OS X 10_15_7) AppleWebKit/537.36 (KHTML, like Gecko) Chrome/128.0.0.0 Safari/537.36"
98.113.158.59 - - [01/Sep/2024:06:06:14 +0000] "GET /sw.js HTTP/1.1" 304 - "https://syllabus.website/sw.js" "Mozilla/5.0 (Macintosh; Intel Mac OS X 10_15_7) AppleWebKit/537.36 (KHTML, like Gecko) Chrome/128.0.0.0 Safari/537.36"
98.113.158.59 - - [01/Sep/2024:06:06:51 +0000] "GET /api/syllabi HTTP/1.1" 304 - "https://syllabus.website/" "Mozilla/5.0 (Macintosh; Intel Mac OS X 10_15_7) AppleWebKit/537.36 (KHTML, like Gecko) Chrome/128.0.0.0 Safari/537.36"
98.113.158.59 - - [01/Sep/2024:06:06:53 +0000] "GET /sw.js HTTP/1.1" 304 - "https://syllabus.website/sw.js" "Mozilla/5.0 (Macintosh; Intel Mac OS X 10_15_7) AppleWebKit/537.36 (KHTML, like Gecko) Chrome/128.0.0.0 Safari/537.36"
98.113.158.59 - - [01/Sep/2024:06:07:27 +0000] "GET /sw.js HTTP/1.1" 304 - "https://syllabus.website/sw.js" "Mozilla/5.0 (Macintosh; Intel Mac OS X 10_15_7) AppleWebKit/537.36 (KHTML, like Gecko) Chrome/128.0.0.0 Safari/537.36"
108.30.236.18 - - [01/Sep/2024:06:09:04 +0000] "GET /api/syllabi HTTP/1.1" 200 6652 "https://syllabus.website/" "Mozilla/5.0 (Linux; Android 13; SM-G781U1 Build/TP1A.220624.014; wv) AppleWebKit/537.36 (KHTML, like Gecko) Version/4.0 Chrome/128.0.6613.88 Mobile Safari/537.36 Reddit/Version 2024.35.0/Build 1861437/Android 13"
108.30.236.18 - - [01/Sep/2024:06:09:07 +0000] "GET /api/syllabi/4 HTTP/1.1" 200 230348 "https://syllabus.website/" "Mozilla/5.0 (Linux; Android 13; SM-G781U1 Build/TP1A.220624.014; wv) AppleWebKit/537.36 (KHTML, like Gecko) Version/4.0 Chrome/128.0.6613.88 Mobile Safari/537.36 Reddit/Version 2024.35.0/Build 1861437/Android 13"
108.30.236.18 - - [01/Sep/2024:06:09:08 +0000] "GET /api/syllabi/4 HTTP/1.1" 200 230348 "-" "Mozilla/5.0 (Linux; Android 10; K) AppleWebKit/537.36 (KHTML, like Gecko) Chrome/127.0.0.0 Mobile Safari/537.36 OPR/84.0.0.0"
47.88.94.159 - - [01/Sep/2024:06:11:49 +0000] "GET /Public/home/js/check.js HTTP/1.1" 304 - "-" "Mozilla/5.0 (Linux; Android 11; M2004J15SC) AppleWebKit/537.36 (KHTML, like Gecko) Chrome/103.0.5060.114 Mobile Safari/537.36"
47.88.94.28 - - [01/Sep/2024:06:11:50 +0000] "GET /Public/home/js/check.js HTTP/1.1" 304 - "-" "Mozilla/5.0 (Linux; Android 11; M2004J15SC) AppleWebKit/537.36 (KHTML, like Gecko) Chrome/103.0.5060.114 Mobile Safari/537.36"
47.88.87.97 - - [01/Sep/2024:06:11:51 +0000] "GET /static/admin/javascript/hetong.js HTTP/1.1" 304 - "-" "Mozilla/5.0 (Linux; Android 11; M2004J15SC) AppleWebKit/537.36 (KHTML, like Gecko) Chrome/103.0.5060.114 Mobile Safari/537.36"
47.88.78.6 - - [01/Sep/2024:06:11:54 +0000] "GET /static/admin/javascript/hetong.js HTTP/1.1" 304 - "-" "Mozilla/5.0 (Linux; Android 11; M2004J15SC) AppleWebKit/537.36 (KHTML, like Gecko) Chrome/103.0.5060.114 Mobile Safari/537.36"
47.88.101.3 - - [01/Sep/2024:06:11:56 +0000] "GET /Public/home/js/check.js HTTP/1.1" 304 - "-" "Mozilla/5.0 (Linux; Android 11; M2004J15SC) AppleWebKit/537.36 (KHTML, like Gecko) Chrome/103.0.5060.114 Mobile Safari/537.36"
