2603:7000:201:c633:a349:8cf9:acd5:5bc0 - - [01/Sep/2024:18:40:50 +0000] "GET /api/syllabi/48 HTTP/1.1" 206 31539 "https://syllabus.website/" "Mozilla/5.0 (Android 14; Mobile; rv:129.0) Gecko/129.0 Firefox/129.0"
71.167.94.180 - - [01/Sep/2024:18:40:59 +0000] "GET /api/syllabi HTTP/1.1" 200 16169 "https://syllabus.website/" "Mozilla/5.0 (iPhone; CPU iPhone OS 17_6_1 like Mac OS X) AppleWebKit/605.1.15 (KHTML, like Gecko) Version/17.6 Mobile/15E148 Safari/604.1"
100.38.90.207 - - [01/Sep/2024:18:41:42 +0000] "GET /api/syllabi HTTP/1.1" 200 16169 "https://syllabus.website/" "Mozilla/5.0 (iPhone; CPU iPhone OS 17_6_1 like Mac OS X) AppleWebKit/605.1.15 (KHTML, like Gecko) Version/17.6 Mobile/15E148 Safari/604.1"
100.38.90.207 - - [01/Sep/2024:18:41:46 +0000] "GET /api/syllabi HTTP/1.1" 200 16169 "https://syllabus.website/" "Mozilla/5.0 (iPhone; CPU iPhone OS 17_6 like Mac OS X) AppleWebKit/605.1.15 (KHTML, like Gecko) CriOS/128.0.6613.92 Mobile/15E148 Safari/604.1"
2a09:bac2:a629:197d::28a:44 - - [01/Sep/2024:18:42:55 +0000] "GET /api/syllabi HTTP/1.1" 200 16169 "https://syllabus.website/" "Mozilla/5.0 (iPhone; CPU iPhone OS 17_5_1 like Mac OS X) AppleWebKit/605.1.15 (KHTML, like Gecko) Version/17.5 Mobile/15E148 Safari/604.1"
2a09:bac2:a629:197d::28a:44 - - [01/Sep/2024:18:43:10 +0000] "GET /api/syllabi/31 HTTP/1.1" 200 219607 "https://syllabus.website/" "Mozilla/5.0 (iPhone; CPU iPhone OS 17_5_1 like Mac OS X) AppleWebKit/605.1.15 (KHTML, like Gecko) Version/17.5 Mobile/15E148 Safari/604.1"
2603:7000:201:c633:a349:8cf9:acd5:5bc0 - - [01/Sep/2024:18:46:52 +0000] "GET /api/syllabi/37 HTTP/1.1" 200 89725 "https://syllabus.website/" "Mozilla/5.0 (Android 14; Mobile; rv:129.0) Gecko/129.0 Firefox/129.0"
66.249.79.132 - - [01/Sep/2024:18:47:54 +0000] "GET /api/syllabi HTTP/1.1" 200 16169 "https://syllabus.website/" "Mozilla/5.0 (Linux; Android 6.0.1; Nexus 5X Build/MMB29P) AppleWebKit/537.36 (KHTML, like Gecko) Chrome/127.0.6533.99 Mobile Safari/537.36 (compatible; Googlebot/2.1; +http://www.google.com/bot.html)"
71.249.123.72 - - [01/Sep/2024:18:48:42 +0000] "GET /api/syllabi HTTP/1.1" 200 16169 "https://syllabus.website/" "Mozilla/5.0 (Windows NT 10.0; Win64; x64) AppleWebKit/537.36 (KHTML, like Gecko) Chrome/128.0.0.0 Safari/537.36"
34.45.39.177 - - [01/Sep/2024:18:49:07 +0000] "GET //wp-includes/wlwmanifest.xml HTTP/1.1" 200 892 "-" "Mozilla/5.0 (Windows NT 10.0; Win64; x64) AppleWebKit/537.36 (KHTML, like Gecko) Chrome/78.0.3904.108 Safari/537.36"
34.45.39.177 - - [01/Sep/2024:18:49:07 +0000] "GET //xmlrpc.php?rsd HTTP/1.1" 200 892 "-" "Mozilla/5.0 (Windows NT 10.0; Win64; x64) AppleWebKit/537.36 (KHTML, like Gecko) Chrome/78.0.3904.108 Safari/537.36"
34.45.39.177 - - [01/Sep/2024:18:49:07 +0000] "GET //blog/wp-includes/wlwmanifest.xml HTTP/1.1" 200 892 "-" "Mozilla/5.0 (Windows NT 10.0; Win64; x64) AppleWebKit/537.36 (KHTML, like Gecko) Chrome/78.0.3904.108 Safari/537.36"
34.45.39.177 - - [01/Sep/2024:18:49:07 +0000] "GET //web/wp-includes/wlwmanifest.xml HTTP/1.1" 200 892 "-" "Mozilla/5.0 (Windows NT 10.0; Win64; x64) AppleWebKit/537.36 (KHTML, like Gecko) Chrome/78.0.3904.108 Safari/537.36"
34.45.39.177 - - [01/Sep/2024:18:49:07 +0000] "GET //wordpress/wp-includes/wlwmanifest.xml HTTP/1.1" 200 892 "-" "Mozilla/5.0 (Windows NT 10.0; Win64; x64) AppleWebKit/537.36 (KHTML, like Gecko) Chrome/78.0.3904.108 Safari/537.36"
34.45.39.177 - - [01/Sep/2024:18:49:07 +0000] "GET //website/wp-includes/wlwmanifest.xml HTTP/1.1" 200 892 "-" "Mozilla/5.0 (Windows NT 10.0; Win64; x64) AppleWebKit/537.36 (KHTML, like Gecko) Chrome/78.0.3904.108 Safari/537.36"
34.45.39.177 - - [01/Sep/2024:18:49:07 +0000] "GET //wp/wp-includes/wlwmanifest.xml HTTP/1.1" 200 892 "-" "Mozilla/5.0 (Windows NT 10.0; Win64; x64) AppleWebKit/537.36 (KHTML, like Gecko) Chrome/78.0.3904.108 Safari/537.36"
34.45.39.177 - - [01/Sep/2024:18:49:07 +0000] "GET //news/wp-includes/wlwmanifest.xml HTTP/1.1" 200 892 "-" "Mozilla/5.0 (Windows NT 10.0; Win64; x64) AppleWebKit/537.36 (KHTML, like Gecko) Chrome/78.0.3904.108 Safari/537.36"
34.45.39.177 - - [01/Sep/2024:18:49:07 +0000] "GET //2018/wp-includes/wlwmanifest.xml HTTP/1.1" 200 892 "-" "Mozilla/5.0 (Windows NT 10.0; Win64; x64) AppleWebKit/537.36 (KHTML, like Gecko) Chrome/78.0.3904.108 Safari/537.36"
34.45.39.177 - - [01/Sep/2024:18:49:07 +0000] "GET //2019/wp-includes/wlwmanifest.xml HTTP/1.1" 200 892 "-" "Mozilla/5.0 (Windows NT 10.0; Win64; x64) AppleWebKit/537.36 (KHTML, like Gecko) Chrome/78.0.3904.108 Safari/537.36"
34.45.39.177 - - [01/Sep/2024:18:49:07 +0000] "GET //shop/wp-includes/wlwmanifest.xml HTTP/1.1" 200 892 "-" "Mozilla/5.0 (Windows NT 10.0; Win64; x64) AppleWebKit/537.36 (KHTML, like Gecko) Chrome/78.0.3904.108 Safari/537.36"
34.45.39.177 - - [01/Sep/2024:18:49:07 +0000] "GET //wp1/wp-includes/wlwmanifest.xml HTTP/1.1" 200 892 "-" "Mozilla/5.0 (Windows NT 10.0; Win64; x64) AppleWebKit/537.36 (KHTML, like Gecko) Chrome/78.0.3904.108 Safari/537.36"
34.45.39.177 - - [01/Sep/2024:18:49:08 +0000] "GET //test/wp-includes/wlwmanifest.xml HTTP/1.1" 200 892 "-" "Mozilla/5.0 (Windows NT 10.0; Win64; x64) AppleWebKit/537.36 (KHTML, like Gecko) Chrome/78.0.3904.108 Safari/537.36"
34.45.39.177 - - [01/Sep/2024:18:49:08 +0000] "GET //media/wp-includes/wlwmanifest.xml HTTP/1.1" 200 892 "-" "Mozilla/5.0 (Windows NT 10.0; Win64; x64) AppleWebKit/537.36 (KHTML, like Gecko) Chrome/78.0.3904.108 Safari/537.36"
34.45.39.177 - - [01/Sep/2024:18:49:08 +0000] "GET //wp2/wp-includes/wlwmanifest.xml HTTP/1.1" 200 892 "-" "Mozilla/5.0 (Windows NT 10.0; Win64; x64) AppleWebKit/537.36 (KHTML, like Gecko) Chrome/78.0.3904.108 Safari/537.36"
34.45.39.177 - - [01/Sep/2024:18:49:08 +0000] "GET //site/wp-includes/wlwmanifest.xml HTTP/1.1" 200 892 "-" "Mozilla/5.0 (Windows NT 10.0; Win64; x64) AppleWebKit/537.36 (KHTML, like Gecko) Chrome/78.0.3904.108 Safari/537.36"
34.45.39.177 - - [01/Sep/2024:18:49:08 +0000] "GET //cms/wp-includes/wlwmanifest.xml HTTP/1.1" 200 892 "-" "Mozilla/5.0 (Windows NT 10.0; Win64; x64) AppleWebKit/537.36 (KHTML, like Gecko) Chrome/78.0.3904.108 Safari/537.36"
34.45.39.177 - - [01/Sep/2024:18:49:08 +0000] "GET //sito/wp-includes/wlwmanifest.xml HTTP/1.1" 200 892 "-" "Mozilla/5.0 (Windows NT 10.0; Win64; x64) AppleWebKit/537.36 (KHTML, like Gecko) Chrome/78.0.3904.108 Safari/537.36"
2603:7000:201:c633:a349:8cf9:acd5:5bc0 - - [01/Sep/2024:18:49:09 +0000] "GET /api/syllabi/105 HTTP/1.1" 200 111491 "https://syllabus.website/" "Mozilla/5.0 (Android 14; Mobile; rv:129.0) Gecko/129.0 Firefox/129.0"
2603:7000:dd06:c20e:dc9d:c4d6:fc3d:fcaf - - [01/Sep/2024:18:50:29 +0000] "GET /api/syllabi HTTP/1.1" 200 16169 "https://syllabus.website/" "Mozilla/5.0 (iPhone; CPU iPhone OS 17_5_1 like Mac OS X) AppleWebKit/605.1.15 (KHTML, like Gecko) Version/17.5 Mobile/15E148 Safari/604.1"
2603:7000:dd06:c20e:dc9d:c4d6:fc3d:fcaf - - [01/Sep/2024:18:50:44 +0000] "GET /api/syllabi/20 HTTP/1.1" 200 3431660 "https://syllabus.website/" "Mozilla/5.0 (iPhone; CPU iPhone OS 17_5_1 like Mac OS X) AppleWebKit/605.1.15 (KHTML, like Gecko) Version/17.5 Mobile/15E148 Safari/604.1"
130.245.192.11 - - [01/Sep/2024:18:51:45 +0000] "GET /api/syllabi HTTP/1.1" 200 16169 "https://syllabus.website/" "Mozilla/5.0 (Macintosh; Intel Mac OS X 10_15_7) AppleWebKit/537.36 (KHTML, like Gecko) Chrome/126.0.0.0 Safari/537.36"
2600:4808:2b70:9400:b4f2:c96f:1d19:9d51 - - [01/Sep/2024:18:51:51 +0000] "GET /api/syllabi HTTP/1.1" 200 16169 "https://syllabus.website/" "Mozilla/5.0 (iPhone; CPU iPhone OS 17_6_1 like Mac OS X) AppleWebKit/605.1.15 (KHTML, like Gecko) Version/17.6 Mobile/15E148 Safari/604.1"
2603:7000:201:c633:a349:8cf9:acd5:5bc0 - - [01/Sep/2024:18:52:27 +0000] "GET /api/syllabi/105 HTTP/1.1" 304 - "https://syllabus.website/" "Mozilla/5.0 (Android 14; Mobile; rv:129.0) Gecko/129.0 Firefox/129.0"
178.128.26.152 - - [01/Sep/2024:18:56:30 +0000] "GET //wp-includes/wlwmanifest.xml HTTP/1.1" 200 892 "-" "Mozilla/5.0 (Windows NT 10.0; Win64; x64) AppleWebKit/537.36 (KHTML, like Gecko) Chrome/89.0.4389.114 Safari/537.36"
178.128.26.152 - - [01/Sep/2024:18:56:30 +0000] "GET //xmlrpc.php?rsd HTTP/1.1" 200 892 "-" "Mozilla/5.0 (Windows NT 10.0; Win64; x64) AppleWebKit/537.36 (KHTML, like Gecko) Chrome/89.0.4389.114 Safari/537.36"
178.128.26.152 - - [01/Sep/2024:18:56:30 +0000] "GET //blog/wp-includes/wlwmanifest.xml HTTP/1.1" 200 892 "-" "Mozilla/5.0 (Windows NT 10.0; Win64; x64) AppleWebKit/537.36 (KHTML, like Gecko) Chrome/89.0.4389.114 Safari/537.36"
178.128.26.152 - - [01/Sep/2024:18:56:31 +0000] "GET //web/wp-includes/wlwmanifest.xml HTTP/1.1" 200 892 "-" "Mozilla/5.0 (Windows NT 10.0; Win64; x64) AppleWebKit/537.36 (KHTML, like Gecko) Chrome/89.0.4389.114 Safari/537.36"
178.128.26.152 - - [01/Sep/2024:18:56:31 +0000] "GET //wordpress/wp-includes/wlwmanifest.xml HTTP/1.1" 200 892 "-" "Mozilla/5.0 (Windows NT 10.0; Win64; x64) AppleWebKit/537.36 (KHTML, like Gecko) Chrome/89.0.4389.114 Safari/537.36"
178.128.26.152 - - [01/Sep/2024:18:56:31 +0000] "GET //website/wp-includes/wlwmanifest.xml HTTP/1.1" 200 892 "-" "Mozilla/5.0 (Windows NT 10.0; Win64; x64) AppleWebKit/537.36 (KHTML, like Gecko) Chrome/89.0.4389.114 Safari/537.36"
178.128.26.152 - - [01/Sep/2024:18:56:31 +0000] "GET //wp/wp-includes/wlwmanifest.xml HTTP/1.1" 200 892 "-" "Mozilla/5.0 (Windows NT 10.0; Win64; x64) AppleWebKit/537.36 (KHTML, like Gecko) Chrome/89.0.4389.114 Safari/537.36"
178.128.26.152 - - [01/Sep/2024:18:56:31 +0000] "GET //news/wp-includes/wlwmanifest.xml HTTP/1.1" 200 892 "-" "Mozilla/5.0 (Windows NT 10.0; Win64; x64) AppleWebKit/537.36 (KHTML, like Gecko) Chrome/89.0.4389.114 Safari/537.36"
178.128.26.152 - - [01/Sep/2024:18:56:32 +0000] "GET //2020/wp-includes/wlwmanifest.xml HTTP/1.1" 200 892 "-" "Mozilla/5.0 (Windows NT 10.0; Win64; x64) AppleWebKit/537.36 (KHTML, like Gecko) Chrome/89.0.4389.114 Safari/537.36"
178.128.26.152 - - [01/Sep/2024:18:56:32 +0000] "GET //2019/wp-includes/wlwmanifest.xml HTTP/1.1" 200 892 "-" "Mozilla/5.0 (Windows NT 10.0; Win64; x64) AppleWebKit/537.36 (KHTML, like Gecko) Chrome/89.0.4389.114 Safari/537.36"
178.128.26.152 - - [01/Sep/2024:18:56:32 +0000] "GET //shop/wp-includes/wlwmanifest.xml HTTP/1.1" 200 892 "-" "Mozilla/5.0 (Windows NT 10.0; Win64; x64) AppleWebKit/537.36 (KHTML, like Gecko) Chrome/89.0.4389.114 Safari/537.36"
178.128.26.152 - - [01/Sep/2024:18:56:32 +0000] "GET //wp1/wp-includes/wlwmanifest.xml HTTP/1.1" 200 892 "-" "Mozilla/5.0 (Windows NT 10.0; Win64; x64) AppleWebKit/537.36 (KHTML, like Gecko) Chrome/89.0.4389.114 Safari/537.36"
178.128.26.152 - - [01/Sep/2024:18:56:33 +0000] "GET //test/wp-includes/wlwmanifest.xml HTTP/1.1" 200 892 "-" "Mozilla/5.0 (Windows NT 10.0; Win64; x64) AppleWebKit/537.36 (KHTML, like Gecko) Chrome/89.0.4389.114 Safari/537.36"
178.128.26.152 - - [01/Sep/2024:18:56:33 +0000] "GET //wp2/wp-includes/wlwmanifest.xml HTTP/1.1" 200 892 "-" "Mozilla/5.0 (Windows NT 10.0; Win64; x64) AppleWebKit/537.36 (KHTML, like Gecko) Chrome/89.0.4389.114 Safari/537.36"
178.128.26.152 - - [01/Sep/2024:18:56:33 +0000] "GET //site/wp-includes/wlwmanifest.xml HTTP/1.1" 200 892 "-" "Mozilla/5.0 (Windows NT 10.0; Win64; x64) AppleWebKit/537.36 (KHTML, like Gecko) Chrome/89.0.4389.114 Safari/537.36"
178.128.26.152 - - [01/Sep/2024:18:56:33 +0000] "GET //cms/wp-includes/wlwmanifest.xml HTTP/1.1" 200 892 "-" "Mozilla/5.0 (Windows NT 10.0; Win64; x64) AppleWebKit/537.36 (KHTML, like Gecko) Chrome/89.0.4389.114 Safari/537.36"
178.128.26.152 - - [01/Sep/2024:18:56:34 +0000] "GET //sito/wp-includes/wlwmanifest.xml HTTP/1.1" 200 892 "-" "Mozilla/5.0 (Windows NT 10.0; Win64; x64) AppleWebKit/537.36 (KHTML, like Gecko) Chrome/89.0.4389.114 Safari/537.36"
98.116.54.75 - - [01/Sep/2024:18:59:44 +0000] "GET /api/syllabi HTTP/1.1" 200 16169 "https://syllabus.website/" "Mozilla/5.0 (Windows NT 10.0; Win64; x64) AppleWebKit/537.36 (KHTML, like Gecko) Chrome/128.0.0.0 Safari/537.36"
2a09:bac3:a628:6e::b:231 - - [01/Sep/2024:18:59:58 +0000] "GET /api/syllabi HTTP/1.1" 200 16169 "https://syllabus.website/" "Mozilla/5.0 (iPhone; CPU iPhone OS 17_6_1 like Mac OS X) AppleWebKit/605.1.15 (KHTML, like Gecko) Version/17.6 Mobile/15E148 Safari/604.1"
98.116.54.75 - - [01/Sep/2024:19:00:10 +0000] "GET /api/syllabi/66 HTTP/1.1" 200 304145 "https://syllabus.website/" "Mozilla/5.0 (Windows NT 10.0; Win64; x64) AppleWebKit/537.36 (KHTML, like Gecko) Chrome/128.0.0.0 Safari/537.36"
98.116.54.75 - - [01/Sep/2024:19:00:18 +0000] "GET /api/syllabi/94 HTTP/1.1" 200 417486 "https://syllabus.website/" "Mozilla/5.0 (Windows NT 10.0; Win64; x64) AppleWebKit/537.36 (KHTML, like Gecko) Chrome/128.0.0.0 Safari/537.36"
2a09:bac3:a628:197d::28a:5e - - [01/Sep/2024:19:01:08 +0000] "GET /api/syllabi HTTP/1.1" 200 16169 "https://syllabus.website/" "Mozilla/5.0 (iPhone; CPU iPhone OS 17_6_1 like Mac OS X) AppleWebKit/605.1.15 (KHTML, like Gecko) Version/17.6 Mobile/15E148 Safari/604.1"
100.38.90.207 - - [01/Sep/2024:19:06:09 +0000] "GET /api/syllabi HTTP/1.1" 200 16169 "https://syllabus.website/" "Mozilla/5.0 (Windows NT 10.0; Win64; x64) AppleWebKit/537.36 (KHTML, like Gecko) Chrome/128.0.0.0 Safari/537.36"
2603:7000:a0f0:a810:e039:4c6a:d556:55ca - - [01/Sep/2024:19:09:23 +0000] "GET /api/syllabi HTTP/1.1" 200 16169 "https://syllabus.website/" "Mozilla/5.0 (iPhone; CPU iPhone OS 17_6_1 like Mac OS X) AppleWebKit/605.1.15 (KHTML, like Gecko) Version/17.6 Mobile/15E148 Safari/604.1"
100.38.90.207 - - [01/Sep/2024:19:09:43 +0000] "GET /api/syllabi/65 HTTP/1.1" 200 260812 "https://syllabus.website/" "Mozilla/5.0 (Windows NT 10.0; Win64; x64) AppleWebKit/537.36 (KHTML, like Gecko) Chrome/128.0.0.0 Safari/537.36"
2607:fb91:3139:8d06:dc7d:131f:935:5ffd - - [01/Sep/2024:19:10:35 +0000] "GET /api/syllabi HTTP/1.1" 200 16169 "https://syllabus.website/" "Mozilla/5.0 (iPhone; CPU iPhone OS 17_5_1 like Mac OS X) AppleWebKit/605.1.15 (KHTML, like Gecko) Version/17.5 Mobile/15E148 Safari/604.1"
2607:fb91:3139:8d06:dc7d:131f:935:5ffd - - [01/Sep/2024:19:10:38 +0000] "GET /api/syllabi HTTP/1.1" 200 16169 "https://syllabus.website/" "Mozilla/5.0 (iPhone; CPU iPhone OS 17_5_1 like Mac OS X) AppleWebKit/605.1.15 (KHTML, like Gecko) Version/17.5 Mobile/15E148 Safari/604.1"
143.110.236.170 - - [01/Sep/2024:19:12:21 +0000] "GET //wp-includes/wlwmanifest.xml HTTP/1.1" 200 892 "-" "Mozilla/5.0 (Windows NT 10.0; Win64; x64) AppleWebKit/537.36 (KHTML, like Gecko) Chrome/78.0.3904.108 Safari/537.36"
143.110.236.170 - - [01/Sep/2024:19:12:21 +0000] "GET //xmlrpc.php?rsd HTTP/1.1" 200 892 "-" "Mozilla/5.0 (Windows NT 10.0; Win64; x64) AppleWebKit/537.36 (KHTML, like Gecko) Chrome/78.0.3904.108 Safari/537.36"
143.110.236.170 - - [01/Sep/2024:19:12:21 +0000] "GET //blog/wp-includes/wlwmanifest.xml HTTP/1.1" 200 892 "-" "Mozilla/5.0 (Windows NT 10.0; Win64; x64) AppleWebKit/537.36 (KHTML, like Gecko) Chrome/78.0.3904.108 Safari/537.36"
143.110.236.170 - - [01/Sep/2024:19:12:22 +0000] "GET //web/wp-includes/wlwmanifest.xml HTTP/1.1" 200 892 "-" "Mozilla/5.0 (Windows NT 10.0; Win64; x64) AppleWebKit/537.36 (KHTML, like Gecko) Chrome/78.0.3904.108 Safari/537.36"
143.110.236.170 - - [01/Sep/2024:19:12:22 +0000] "GET //wordpress/wp-includes/wlwmanifest.xml HTTP/1.1" 200 892 "-" "Mozilla/5.0 (Windows NT 10.0; Win64; x64) AppleWebKit/537.36 (KHTML, like Gecko) Chrome/78.0.3904.108 Safari/537.36"
143.110.236.170 - - [01/Sep/2024:19:12:22 +0000] "GET //website/wp-includes/wlwmanifest.xml HTTP/1.1" 200 892 "-" "Mozilla/5.0 (Windows NT 10.0; Win64; x64) AppleWebKit/537.36 (KHTML, like Gecko) Chrome/78.0.3904.108 Safari/537.36"
143.110.236.170 - - [01/Sep/2024:19:12:22 +0000] "GET //wp/wp-includes/wlwmanifest.xml HTTP/1.1" 200 892 "-" "Mozilla/5.0 (Windows NT 10.0; Win64; x64) AppleWebKit/537.36 (KHTML, like Gecko) Chrome/78.0.3904.108 Safari/537.36"
143.110.236.170 - - [01/Sep/2024:19:12:22 +0000] "GET //news/wp-includes/wlwmanifest.xml HTTP/1.1" 200 892 "-" "Mozilla/5.0 (Windows NT 10.0; Win64; x64) AppleWebKit/537.36 (KHTML, like Gecko) Chrome/78.0.3904.108 Safari/537.36"
143.110.236.170 - - [01/Sep/2024:19:12:22 +0000] "GET //2018/wp-includes/wlwmanifest.xml HTTP/1.1" 200 892 "-" "Mozilla/5.0 (Windows NT 10.0; Win64; x64) AppleWebKit/537.36 (KHTML, like Gecko) Chrome/78.0.3904.108 Safari/537.36"
143.110.236.170 - - [01/Sep/2024:19:12:22 +0000] "GET //2019/wp-includes/wlwmanifest.xml HTTP/1.1" 200 892 "-" "Mozilla/5.0 (Windows NT 10.0; Win64; x64) AppleWebKit/537.36 (KHTML, like Gecko) Chrome/78.0.3904.108 Safari/537.36"
143.110.236.170 - - [01/Sep/2024:19:12:22 +0000] "GET //shop/wp-includes/wlwmanifest.xml HTTP/1.1" 200 892 "-" "Mozilla/5.0 (Windows NT 10.0; Win64; x64) AppleWebKit/537.36 (KHTML, like Gecko) Chrome/78.0.3904.108 Safari/537.36"
143.110.236.170 - - [01/Sep/2024:19:12:22 +0000] "GET //wp1/wp-includes/wlwmanifest.xml HTTP/1.1" 200 892 "-" "Mozilla/5.0 (Windows NT 10.0; Win64; x64) AppleWebKit/537.36 (KHTML, like Gecko) Chrome/78.0.3904.108 Safari/537.36"
143.110.236.170 - - [01/Sep/2024:19:12:22 +0000] "GET //test/wp-includes/wlwmanifest.xml HTTP/1.1" 200 892 "-" "Mozilla/5.0 (Windows NT 10.0; Win64; x64) AppleWebKit/537.36 (KHTML, like Gecko) Chrome/78.0.3904.108 Safari/537.36"
143.110.236.170 - - [01/Sep/2024:19:12:22 +0000] "GET //media/wp-includes/wlwmanifest.xml HTTP/1.1" 200 892 "-" "Mozilla/5.0 (Windows NT 10.0; Win64; x64) AppleWebKit/537.36 (KHTML, like Gecko) Chrome/78.0.3904.108 Safari/537.36"
143.110.236.170 - - [01/Sep/2024:19:12:22 +0000] "GET //wp2/wp-includes/wlwmanifest.xml HTTP/1.1" 200 892 "-" "Mozilla/5.0 (Windows NT 10.0; Win64; x64) AppleWebKit/537.36 (KHTML, like Gecko) Chrome/78.0.3904.108 Safari/537.36"
143.110.236.170 - - [01/Sep/2024:19:12:23 +0000] "GET //site/wp-includes/wlwmanifest.xml HTTP/1.1" 200 892 "-" "Mozilla/5.0 (Windows NT 10.0; Win64; x64) AppleWebKit/537.36 (KHTML, like Gecko) Chrome/78.0.3904.108 Safari/537.36"
143.110.236.170 - - [01/Sep/2024:19:12:23 +0000] "GET //cms/wp-includes/wlwmanifest.xml HTTP/1.1" 200 892 "-" "Mozilla/5.0 (Windows NT 10.0; Win64; x64) AppleWebKit/537.36 (KHTML, like Gecko) Chrome/78.0.3904.108 Safari/537.36"
143.110.236.170 - - [01/Sep/2024:19:12:23 +0000] "GET //sito/wp-includes/wlwmanifest.xml HTTP/1.1" 200 892 "-" "Mozilla/5.0 (Windows NT 10.0; Win64; x64) AppleWebKit/537.36 (KHTML, like Gecko) Chrome/78.0.3904.108 Safari/537.36"
100.38.90.207 - - [01/Sep/2024:19:12:37 +0000] "POST /api/upload HTTP/1.1" 200 193 "https://syllabus.website/" "Mozilla/5.0 (Windows NT 10.0; Win64; x64) AppleWebKit/537.36 (KHTML, like Gecko) Chrome/128.0.0.0 Safari/537.36"
100.38.90.207 - - [01/Sep/2024:19:13:05 +0000] "GET /api/syllabi/42 HTTP/1.1" 200 376031 "https://syllabus.website/" "Mozilla/5.0 (Windows NT 10.0; Win64; x64) AppleWebKit/537.36 (KHTML, like Gecko) Chrome/128.0.0.0 Safari/537.36"
::ffff:127.0.0.1 - - [01/Sep/2024:19:13:44 +0000] "GET /owa/auth/logon.aspx HTTP/1.1" 200 892 "-" "Mozilla/5.0 (Macintosh; Intel Mac OS X 10_11_5) AppleWebKit/537.36 (KHTML, like Gecko) Chrome/50.0.2661.102 Safari/537.36"
2607:fb90:55af:4035:bd4e:59ad:d12d:ee77 - - [01/Sep/2024:19:14:21 +0000] "GET /api/syllabi HTTP/1.1" 200 16363 "https://syllabus.website/" "Mozilla/5.0 (iPhone; CPU iPhone OS 17_6_1 like Mac OS X) AppleWebKit/605.1.15 (KHTML, like Gecko) Version/17.6 Mobile/15E148 Safari/604.1"
2607:fb90:55af:4035:bd4e:59ad:d12d:ee77 - - [01/Sep/2024:19:14:47 +0000] "GET /api/syllabi/82 HTTP/1.1" 200 50731 "https://syllabus.website/" "Mozilla/5.0 (iPhone; CPU iPhone OS 17_6_1 like Mac OS X) AppleWebKit/605.1.15 (KHTML, like Gecko) Version/17.6 Mobile/15E148 Safari/604.1"
143.110.236.170 - - [01/Sep/2024:19:16:03 +0000] "GET //wp-includes/wlwmanifest.xml HTTP/1.1" 200 892 "-" "Mozilla/5.0 (Windows NT 10.0; Win64; x64) AppleWebKit/537.36 (KHTML, like Gecko) Chrome/78.0.3904.108 Safari/537.36"
143.110.236.170 - - [01/Sep/2024:19:16:03 +0000] "GET //xmlrpc.php?rsd HTTP/1.1" 200 892 "-" "Mozilla/5.0 (Windows NT 10.0; Win64; x64) AppleWebKit/537.36 (KHTML, like Gecko) Chrome/78.0.3904.108 Safari/537.36"
143.110.236.170 - - [01/Sep/2024:19:16:03 +0000] "GET //blog/wp-includes/wlwmanifest.xml HTTP/1.1" 200 892 "-" "Mozilla/5.0 (Windows NT 10.0; Win64; x64) AppleWebKit/537.36 (KHTML, like Gecko) Chrome/78.0.3904.108 Safari/537.36"
143.110.236.170 - - [01/Sep/2024:19:16:03 +0000] "GET //web/wp-includes/wlwmanifest.xml HTTP/1.1" 200 892 "-" "Mozilla/5.0 (Windows NT 10.0; Win64; x64) AppleWebKit/537.36 (KHTML, like Gecko) Chrome/78.0.3904.108 Safari/537.36"
143.110.236.170 - - [01/Sep/2024:19:16:03 +0000] "GET //wordpress/wp-includes/wlwmanifest.xml HTTP/1.1" 200 892 "-" "Mozilla/5.0 (Windows NT 10.0; Win64; x64) AppleWebKit/537.36 (KHTML, like Gecko) Chrome/78.0.3904.108 Safari/537.36"
143.110.236.170 - - [01/Sep/2024:19:16:03 +0000] "GET //website/wp-includes/wlwmanifest.xml HTTP/1.1" 200 892 "-" "Mozilla/5.0 (Windows NT 10.0; Win64; x64) AppleWebKit/537.36 (KHTML, like Gecko) Chrome/78.0.3904.108 Safari/537.36"
143.110.236.170 - - [01/Sep/2024:19:16:03 +0000] "GET //wp/wp-includes/wlwmanifest.xml HTTP/1.1" 200 892 "-" "Mozilla/5.0 (Windows NT 10.0; Win64; x64) AppleWebKit/537.36 (KHTML, like Gecko) Chrome/78.0.3904.108 Safari/537.36"
143.110.236.170 - - [01/Sep/2024:19:16:03 +0000] "GET //news/wp-includes/wlwmanifest.xml HTTP/1.1" 200 892 "-" "Mozilla/5.0 (Windows NT 10.0; Win64; x64) AppleWebKit/537.36 (KHTML, like Gecko) Chrome/78.0.3904.108 Safari/537.36"
143.110.236.170 - - [01/Sep/2024:19:16:04 +0000] "GET //2018/wp-includes/wlwmanifest.xml HTTP/1.1" 200 892 "-" "Mozilla/5.0 (Windows NT 10.0; Win64; x64) AppleWebKit/537.36 (KHTML, like Gecko) Chrome/78.0.3904.108 Safari/537.36"
143.110.236.170 - - [01/Sep/2024:19:16:04 +0000] "GET //2019/wp-includes/wlwmanifest.xml HTTP/1.1" 200 892 "-" "Mozilla/5.0 (Windows NT 10.0; Win64; x64) AppleWebKit/537.36 (KHTML, like Gecko) Chrome/78.0.3904.108 Safari/537.36"
143.110.236.170 - - [01/Sep/2024:19:16:04 +0000] "GET //shop/wp-includes/wlwmanifest.xml HTTP/1.1" 200 892 "-" "Mozilla/5.0 (Windows NT 10.0; Win64; x64) AppleWebKit/537.36 (KHTML, like Gecko) Chrome/78.0.3904.108 Safari/537.36"
143.110.236.170 - - [01/Sep/2024:19:16:04 +0000] "GET //wp1/wp-includes/wlwmanifest.xml HTTP/1.1" 200 892 "-" "Mozilla/5.0 (Windows NT 10.0; Win64; x64) AppleWebKit/537.36 (KHTML, like Gecko) Chrome/78.0.3904.108 Safari/537.36"
143.110.236.170 - - [01/Sep/2024:19:16:04 +0000] "GET //test/wp-includes/wlwmanifest.xml HTTP/1.1" 200 892 "-" "Mozilla/5.0 (Windows NT 10.0; Win64; x64) AppleWebKit/537.36 (KHTML, like Gecko) Chrome/78.0.3904.108 Safari/537.36"
143.110.236.170 - - [01/Sep/2024:19:16:04 +0000] "GET //media/wp-includes/wlwmanifest.xml HTTP/1.1" 200 892 "-" "Mozilla/5.0 (Windows NT 10.0; Win64; x64) AppleWebKit/537.36 (KHTML, like Gecko) Chrome/78.0.3904.108 Safari/537.36"
143.110.236.170 - - [01/Sep/2024:19:16:04 +0000] "GET //wp2/wp-includes/wlwmanifest.xml HTTP/1.1" 200 892 "-" "Mozilla/5.0 (Windows NT 10.0; Win64; x64) AppleWebKit/537.36 (KHTML, like Gecko) Chrome/78.0.3904.108 Safari/537.36"
143.110.236.170 - - [01/Sep/2024:19:16:04 +0000] "GET //site/wp-includes/wlwmanifest.xml HTTP/1.1" 200 892 "-" "Mozilla/5.0 (Windows NT 10.0; Win64; x64) AppleWebKit/537.36 (KHTML, like Gecko) Chrome/78.0.3904.108 Safari/537.36"
143.110.236.170 - - [01/Sep/2024:19:16:04 +0000] "GET //cms/wp-includes/wlwmanifest.xml HTTP/1.1" 200 892 "-" "Mozilla/5.0 (Windows NT 10.0; Win64; x64) AppleWebKit/537.36 (KHTML, like Gecko) Chrome/78.0.3904.108 Safari/537.36"
143.110.236.170 - - [01/Sep/2024:19:16:04 +0000] "GET //sito/wp-includes/wlwmanifest.xml HTTP/1.1" 200 892 "-" "Mozilla/5.0 (Windows NT 10.0; Win64; x64) AppleWebKit/537.36 (KHTML, like Gecko) Chrome/78.0.3904.108 Safari/537.36"
70.23.169.87 - - [01/Sep/2024:19:16:14 +0000] "GET /api/syllabi HTTP/1.1" 200 16363 "https://syllabus.website/" "Mozilla/5.0 (Macintosh; Intel Mac OS X 10_15_7) AppleWebKit/605.1.15 (KHTML, like Gecko) Version/17.5 Safari/605.1.15"
100.38.90.207 - - [01/Sep/2024:19:17:43 +0000] "POST /api/upload HTTP/1.1" 200 179 "https://syllabus.website/" "Mozilla/5.0 (Windows NT 10.0; Win64; x64) AppleWebKit/537.36 (KHTML, like Gecko) Chrome/128.0.0.0 Safari/537.36"
130.245.192.10 - - [01/Sep/2024:19:17:56 +0000] "GET /api/syllabi HTTP/1.1" 200 16543 "https://syllabus.website/" "Mozilla/5.0 (Windows NT 10.0; Win64; x64) AppleWebKit/537.36 (KHTML, like Gecko) Chrome/128.0.0.0 Safari/537.36"
100.38.90.207 - - [01/Sep/2024:19:19:17 +0000] "POST /api/upload HTTP/1.1" 200 171 "https://syllabus.website/" "Mozilla/5.0 (Windows NT 10.0; Win64; x64) AppleWebKit/537.36 (KHTML, like Gecko) Chrome/128.0.0.0 Safari/537.36"
100.38.90.207 - - [01/Sep/2024:19:20:46 +0000] "POST /api/upload HTTP/1.1" 200 169 "https://syllabus.website/" "Mozilla/5.0 (Windows NT 10.0; Win64; x64) AppleWebKit/537.36 (KHTML, like Gecko) Chrome/128.0.0.0 Safari/537.36"
130.245.192.15 - - [01/Sep/2024:19:21:47 +0000] "GET /api/syllabi HTTP/1.1" 200 16885 "https://syllabus.website/" "Mozilla/5.0 (iPhone; CPU iPhone OS 17_5_1 like Mac OS X) AppleWebKit/605.1.15 (KHTML, like Gecko) Version/17.5 Mobile/15E148 Safari/604.1"
130.245.192.15 - - [01/Sep/2024:19:21:53 +0000] "GET /api/syllabi HTTP/1.1" 304 - "https://syllabus.website/" "Mozilla/5.0 (iPhone; CPU iPhone OS 17_5_1 like Mac OS X) AppleWebKit/605.1.15 (KHTML, like Gecko) Version/17.5 Mobile/15E148 Safari/604.1"
130.245.192.15 - - [01/Sep/2024:19:21:56 +0000] "GET /apple-touch-icon-precomposed.png HTTP/1.1" 304 - "-" "NetworkingExtension/8618.2.12.10.9 CFNetwork/1496.0.7 Darwin/23.5.0"
130.245.192.15 - - [01/Sep/2024:19:21:56 +0000] "GET /apple-touch-icon.png HTTP/1.1" 304 - "-" "NetworkingExtension/8618.2.12.10.9 CFNetwork/1496.0.7 Darwin/23.5.0"
130.245.192.15 - - [01/Sep/2024:19:22:00 +0000] "GET /api/syllabi HTTP/1.1" 200 16885 "https://syllabus.website/" "Mozilla/5.0 (iPhone; CPU iPhone OS 17_5_1 like Mac OS X) AppleWebKit/605.1.15 (KHTML, like Gecko) Mobile/15E148"
130.245.192.10 - - [01/Sep/2024:19:22:16 +0000] "GET /api/syllabi/37 HTTP/1.1" 200 89725 "https://syllabus.website/" "Mozilla/5.0 (Windows NT 10.0; Win64; x64) AppleWebKit/537.36 (KHTML, like Gecko) Chrome/128.0.0.0 Safari/537.36"
130.245.224.121 - - [01/Sep/2024:19:22:20 +0000] "GET /api/syllabi HTTP/1.1" 200 16885 "https://syllabus.website/" "Mozilla/5.0 (Windows NT 10.0; Win64; x64) AppleWebKit/537.36 (KHTML, like Gecko) Chrome/128.0.0.0 Safari/537.36 Edg/128.0.0.0"
130.245.224.121 - - [01/Sep/2024:19:22:23 +0000] "GET /api/syllabi/3 HTTP/1.1" 200 379405 "https://syllabus.website/" "Mozilla/5.0 (Windows NT 10.0; Win64; x64) AppleWebKit/537.36 (KHTML, like Gecko) Chrome/128.0.0.0 Safari/537.36 Edg/128.0.0.0"
130.245.224.121 - - [01/Sep/2024:19:23:03 +0000] "GET /api/syllabi/73 HTTP/1.1" 200 188591 "https://syllabus.website/" "Mozilla/5.0 (Windows NT 10.0; Win64; x64) AppleWebKit/537.36 (KHTML, like Gecko) Chrome/128.0.0.0 Safari/537.36 Edg/128.0.0.0"
100.38.90.207 - - [01/Sep/2024:19:23:07 +0000] "POST /api/upload HTTP/1.1" 200 166 "https://syllabus.website/" "Mozilla/5.0 (Windows NT 10.0; Win64; x64) AppleWebKit/537.36 (KHTML, like Gecko) Chrome/128.0.0.0 Safari/537.36"
130.245.224.121 - - [01/Sep/2024:19:23:21 +0000] "GET /api/syllabi/42 HTTP/1.1" 200 376031 "https://syllabus.website/" "Mozilla/5.0 (Windows NT 10.0; Win64; x64) AppleWebKit/537.36 (KHTML, like Gecko) Chrome/128.0.0.0 Safari/537.36 Edg/128.0.0.0"
130.245.192.10 - - [01/Sep/2024:19:23:33 +0000] "GET /api/syllabi/45 HTTP/1.1" 200 86153 "https://syllabus.website/" "Mozilla/5.0 (Windows NT 10.0; Win64; x64) AppleWebKit/537.36 (KHTML, like Gecko) Chrome/128.0.0.0 Safari/537.36"
130.245.224.121 - - [01/Sep/2024:19:23:45 +0000] "GET /api/syllabi/47 HTTP/1.1" 200 378256 "https://syllabus.website/" "Mozilla/5.0 (Windows NT 10.0; Win64; x64) AppleWebKit/537.36 (KHTML, like Gecko) Chrome/128.0.0.0 Safari/537.36 Edg/128.0.0.0"
71.247.73.187 - - [01/Sep/2024:19:23:46 +0000] "GET /api/syllabi HTTP/1.1" 200 17052 "https://syllabus.website/" "Mozilla/5.0 (Macintosh; Intel Mac OS X 10_15_7) AppleWebKit/605.1.15 (KHTML, like Gecko) Version/16.3 Safari/605.1.15"
72.229.209.148 - - [01/Sep/2024:19:23:47 +0000] "GET /api/syllabi HTTP/1.1" 200 17052 "https://syllabus.website/" "Mozilla/5.0 (iPhone; CPU iPhone OS 17_5_1 like Mac OS X) AppleWebKit/605.1.15 (KHTML, like Gecko) Version/17.5 Mobile/15E148 Safari/604.1"
130.245.192.10 - - [01/Sep/2024:19:24:05 +0000] "GET /api/syllabi/48 HTTP/1.1" 200 293683 "https://syllabus.website/" "Mozilla/5.0 (Windows NT 10.0; Win64; x64) AppleWebKit/537.36 (KHTML, like Gecko) Chrome/128.0.0.0 Safari/537.36"
71.247.73.187 - - [01/Sep/2024:19:24:16 +0000] "GET /api/syllabi/100 HTTP/1.1" 200 141261 "https://syllabus.website/" "Mozilla/5.0 (Macintosh; Intel Mac OS X 10_15_7) AppleWebKit/605.1.15 (KHTML, like Gecko) Version/16.3 Safari/605.1.15"
71.247.73.187 - - [01/Sep/2024:19:24:43 +0000] "GET /api/syllabi/103 HTTP/1.1" 200 298255 "https://syllabus.website/" "Mozilla/5.0 (Macintosh; Intel Mac OS X 10_15_7) AppleWebKit/605.1.15 (KHTML, like Gecko) Version/16.3 Safari/605.1.15"
71.247.73.187 - - [01/Sep/2024:19:25:13 +0000] "GET /api/syllabi/106 HTTP/1.1" 200 167346 "https://syllabus.website/" "Mozilla/5.0 (Macintosh; Intel Mac OS X 10_15_7) AppleWebKit/605.1.15 (KHTML, like Gecko) Version/16.3 Safari/605.1.15"
71.247.73.187 - - [01/Sep/2024:19:26:13 +0000] "GET /api/syllabi/86 HTTP/1.1" 200 211907 "https://syllabus.website/" "Mozilla/5.0 (Macintosh; Intel Mac OS X 10_15_7) AppleWebKit/605.1.15 (KHTML, like Gecko) Version/16.3 Safari/605.1.15"
100.38.90.207 - - [01/Sep/2024:19:26:14 +0000] "POST /api/upload HTTP/1.1" 200 156 "https://syllabus.website/" "Mozilla/5.0 (Windows NT 10.0; Win64; x64) AppleWebKit/537.36 (KHTML, like Gecko) Chrome/128.0.0.0 Safari/537.36"
130.245.224.121 - - [01/Sep/2024:19:26:19 +0000] "GET /api/syllabi HTTP/1.1" 200 17209 "https://syllabus.website/" "Mozilla/5.0 (Windows NT 10.0; Win64; x64) AppleWebKit/537.36 (KHTML, like Gecko) Chrome/128.0.0.0 Safari/537.36 Edg/128.0.0.0"
130.245.192.7 - - [01/Sep/2024:19:26:19 +0000] "GET /api/syllabi HTTP/1.1" 200 17209 "https://syllabus.website/" "Mozilla/5.0 (iPhone; CPU iPhone OS 17_6_1 like Mac OS X) AppleWebKit/605.1.15 (KHTML, like Gecko) Version/17.6 Mobile/15E148 Safari/604.1"
71.247.73.187 - - [01/Sep/2024:19:26:22 +0000] "GET /api/syllabi/83 HTTP/1.1" 200 342086 "https://syllabus.website/" "Mozilla/5.0 (Macintosh; Intel Mac OS X 10_15_7) AppleWebKit/605.1.15 (KHTML, like Gecko) Version/16.3 Safari/605.1.15"
71.247.73.187 - - [01/Sep/2024:19:26:37 +0000] "GET /api/syllabi/85 HTTP/1.1" 200 1263018 "https://syllabus.website/" "Mozilla/5.0 (Macintosh; Intel Mac OS X 10_15_7) AppleWebKit/605.1.15 (KHTML, like Gecko) Version/16.3 Safari/605.1.15"
100.38.90.207 - - [01/Sep/2024:19:28:12 +0000] "POST /api/upload HTTP/1.1" 200 188 "https://syllabus.website/" "Mozilla/5.0 (Windows NT 10.0; Win64; x64) AppleWebKit/537.36 (KHTML, like Gecko) Chrome/128.0.0.0 Safari/537.36"
100.38.90.207 - - [01/Sep/2024:19:30:06 +0000] "POST /api/upload HTTP/1.1" 200 201 "https://syllabus.website/" "Mozilla/5.0 (Windows NT 10.0; Win64; x64) AppleWebKit/537.36 (KHTML, like Gecko) Chrome/128.0.0.0 Safari/537.36"
24.188.66.196 - - [01/Sep/2024:19:31:55 +0000] "GET /api/syllabi HTTP/1.1" 200 17600 "https://syllabus.website/" "Mozilla/5.0 (iPhone; CPU iPhone OS 17_6_1 like Mac OS X) AppleWebKit/605.1.15 (KHTML, like Gecko) Version/17.6 Mobile/15E148 Safari/604.1"
98.14.11.32 - - [01/Sep/2024:19:32:01 +0000] "GET /api/syllabi HTTP/1.1" 200 17600 "https://syllabus.website/" "Mozilla/5.0 (iPhone; CPU iPhone OS 17_5_1 like Mac OS X) AppleWebKit/605.1.15 (KHTML, like Gecko) Version/17.5 Mobile/15E148 Safari/604.1"
64.149.191.105 - - [01/Sep/2024:19:32:17 +0000] "GET /api/syllabi HTTP/1.1" 200 17600 "https://syllabus.website/" "Mozilla/5.0 (iPhone; CPU iPhone OS 17_5_1 like Mac OS X) AppleWebKit/605.1.15 (KHTML, like Gecko) Version/17.5 Mobile/15E148 Safari/604.1"
64.149.191.105 - - [01/Sep/2024:19:32:20 +0000] "GET /api/syllabi/3 HTTP/1.1" 200 379405 "https://syllabus.website/" "Mozilla/5.0 (iPhone; CPU iPhone OS 17_5_1 like Mac OS X) AppleWebKit/605.1.15 (KHTML, like Gecko) Version/17.5 Mobile/15E148 Safari/604.1"
64.149.191.105 - - [01/Sep/2024:19:32:30 +0000] "GET /api/syllabi HTTP/1.1" 304 - "https://syllabus.website/" "Mozilla/5.0 (iPhone; CPU iPhone OS 17_5_1 like Mac OS X) AppleWebKit/605.1.15 (KHTML, like Gecko) Version/17.5 Mobile/15E148 Safari/604.1"
24.188.66.196 - - [01/Sep/2024:19:32:36 +0000] "GET /api/syllabi/63 HTTP/1.1" 200 542503 "https://syllabus.website/" "Mozilla/5.0 (iPhone; CPU iPhone OS 17_6_1 like Mac OS X) AppleWebKit/605.1.15 (KHTML, like Gecko) Version/17.6 Mobile/15E148 Safari/604.1"
64.149.191.105 - - [01/Sep/2024:19:32:47 +0000] "GET /api/syllabi/103 HTTP/1.1" 200 298255 "https://syllabus.website/" "Mozilla/5.0 (iPhone; CPU iPhone OS 17_5_1 like Mac OS X) AppleWebKit/605.1.15 (KHTML, like Gecko) Version/17.5 Mobile/15E148 Safari/604.1"
100.38.90.207 - - [01/Sep/2024:19:32:50 +0000] "POST /api/upload HTTP/1.1" 200 179 "https://syllabus.website/" "Mozilla/5.0 (Windows NT 10.0; Win64; x64) AppleWebKit/537.36 (KHTML, like Gecko) Chrome/128.0.0.0 Safari/537.36"
24.188.66.196 - - [01/Sep/2024:19:32:55 +0000] "GET /api/syllabi/65 HTTP/1.1" 200 260812 "https://syllabus.website/" "Mozilla/5.0 (iPhone; CPU iPhone OS 17_6_1 like Mac OS X) AppleWebKit/605.1.15 (KHTML, like Gecko) Version/17.6 Mobile/15E148 Safari/604.1"
24.188.66.196 - - [01/Sep/2024:19:33:23 +0000] "GET /api/syllabi/103 HTTP/1.1" 200 298255 "https://syllabus.website/" "Mozilla/5.0 (iPhone; CPU iPhone OS 17_6_1 like Mac OS X) AppleWebKit/605.1.15 (KHTML, like Gecko) Version/17.6 Mobile/15E148 Safari/604.1"
2a09:bac3:a622:197d::28a:de - - [01/Sep/2024:19:33:47 +0000] "GET /api/syllabi HTTP/1.1" 200 17780 "https://syllabus.website/" "Mozilla/5.0 (iPhone; CPU iPhone OS 17_5_1 like Mac OS X) AppleWebKit/605.1.15 (KHTML, like Gecko) Version/17.5 Mobile/15E148 Safari/604.1"
2a09:bac3:a622:197d::28a:de - - [01/Sep/2024:19:34:12 +0000] "GET /api/syllabi/31 HTTP/1.1" 200 219607 "https://syllabus.website/" "Mozilla/5.0 (iPhone; CPU iPhone OS 17_5_1 like Mac OS X) AppleWebKit/605.1.15 (KHTML, like Gecko) Version/17.5 Mobile/15E148 Safari/604.1"
2603:7000:ad00:4028:8ec3:d390:e774:d28 - - [01/Sep/2024:19:35:04 +0000] "GET /api/syllabi HTTP/1.1" 200 17780 "https://syllabus.website/" "Mozilla/5.0 (X11; CrOS x86_64 14541.0.0) AppleWebKit/537.36 (KHTML, like Gecko) Chrome/127.0.0.0 Safari/537.36"
100.38.90.207 - - [01/Sep/2024:19:35:24 +0000] "POST /api/upload HTTP/1.1" 200 190 "https://syllabus.website/" "Mozilla/5.0 (Windows NT 10.0; Win64; x64) AppleWebKit/537.36 (KHTML, like Gecko) Chrome/128.0.0.0 Safari/537.36"
2603:7000:ad00:4028:8ec3:d390:e774:d28 - - [01/Sep/2024:19:35:57 +0000] "GET /api/syllabi/83 HTTP/1.1" 200 342086 "https://syllabus.website/" "Mozilla/5.0 (X11; CrOS x86_64 14541.0.0) AppleWebKit/537.36 (KHTML, like Gecko) Chrome/127.0.0.0 Safari/537.36"
130.245.192.1 - - [01/Sep/2024:19:37:31 +0000] "GET /api/syllabi HTTP/1.1" 200 17971 "https://syllabus.website/" "Mozilla/5.0 (Macintosh; Intel Mac OS X 10_15_7) AppleWebKit/537.36 (KHTML, like Gecko) Chrome/128.0.0.0 Safari/537.36"
130.245.192.1 - - [01/Sep/2024:19:37:44 +0000] "GET /api/syllabi/64 HTTP/1.1" 200 246519 "https://syllabus.website/" "Mozilla/5.0 (Macintosh; Intel Mac OS X 10_15_7) AppleWebKit/537.36 (KHTML, like Gecko) Chrome/128.0.0.0 Safari/537.36"
130.245.192.1 - - [01/Sep/2024:19:38:09 +0000] "GET /api/syllabi/72 HTTP/1.1" 200 104543 "https://syllabus.website/" "Mozilla/5.0 (Macintosh; Intel Mac OS X 10_15_7) AppleWebKit/537.36 (KHTML, like Gecko) Chrome/128.0.0.0 Safari/537.36"
130.245.192.1 - - [01/Sep/2024:19:38:15 +0000] "GET /api/syllabi/75 HTTP/1.1" 200 259499 "https://syllabus.website/" "Mozilla/5.0 (Macintosh; Intel Mac OS X 10_15_7) AppleWebKit/537.36 (KHTML, like Gecko) Chrome/128.0.0.0 Safari/537.36"
130.245.192.1 - - [01/Sep/2024:19:38:43 +0000] "GET /api/syllabi/21 HTTP/1.1" 200 1851589 "https://syllabus.website/" "Mozilla/5.0 (Macintosh; Intel Mac OS X 10_15_7) AppleWebKit/537.36 (KHTML, like Gecko) Chrome/128.0.0.0 Safari/537.36"
178.128.26.152 - - [01/Sep/2024:19:38:58 +0000] "GET //wp-includes/wlwmanifest.xml HTTP/1.1" 200 892 "-" "Mozilla/5.0 (Windows NT 10.0; Win64; x64) AppleWebKit/537.36 (KHTML, like Gecko) Chrome/89.0.4389.114 Safari/537.36"
178.128.26.152 - - [01/Sep/2024:19:38:59 +0000] "GET //xmlrpc.php?rsd HTTP/1.1" 200 892 "-" "Mozilla/5.0 (Windows NT 10.0; Win64; x64) AppleWebKit/537.36 (KHTML, like Gecko) Chrome/89.0.4389.114 Safari/537.36"
178.128.26.152 - - [01/Sep/2024:19:38:59 +0000] "GET //blog/wp-includes/wlwmanifest.xml HTTP/1.1" 200 892 "-" "Mozilla/5.0 (Windows NT 10.0; Win64; x64) AppleWebKit/537.36 (KHTML, like Gecko) Chrome/89.0.4389.114 Safari/537.36"
178.128.26.152 - - [01/Sep/2024:19:38:59 +0000] "GET //web/wp-includes/wlwmanifest.xml HTTP/1.1" 200 892 "-" "Mozilla/5.0 (Windows NT 10.0; Win64; x64) AppleWebKit/537.36 (KHTML, like Gecko) Chrome/89.0.4389.114 Safari/537.36"
178.128.26.152 - - [01/Sep/2024:19:39:00 +0000] "GET //wordpress/wp-includes/wlwmanifest.xml HTTP/1.1" 200 892 "-" "Mozilla/5.0 (Windows NT 10.0; Win64; x64) AppleWebKit/537.36 (KHTML, like Gecko) Chrome/89.0.4389.114 Safari/537.36"
178.128.26.152 - - [01/Sep/2024:19:39:00 +0000] "GET //website/wp-includes/wlwmanifest.xml HTTP/1.1" 200 892 "-" "Mozilla/5.0 (Windows NT 10.0; Win64; x64) AppleWebKit/537.36 (KHTML, like Gecko) Chrome/89.0.4389.114 Safari/537.36"
178.128.26.152 - - [01/Sep/2024:19:39:00 +0000] "GET //wp/wp-includes/wlwmanifest.xml HTTP/1.1" 200 892 "-" "Mozilla/5.0 (Windows NT 10.0; Win64; x64) AppleWebKit/537.36 (KHTML, like Gecko) Chrome/89.0.4389.114 Safari/537.36"
178.128.26.152 - - [01/Sep/2024:19:39:00 +0000] "GET //news/wp-includes/wlwmanifest.xml HTTP/1.1" 200 892 "-" "Mozilla/5.0 (Windows NT 10.0; Win64; x64) AppleWebKit/537.36 (KHTML, like Gecko) Chrome/89.0.4389.114 Safari/537.36"
178.128.26.152 - - [01/Sep/2024:19:39:01 +0000] "GET //2020/wp-includes/wlwmanifest.xml HTTP/1.1" 200 892 "-" "Mozilla/5.0 (Windows NT 10.0; Win64; x64) AppleWebKit/537.36 (KHTML, like Gecko) Chrome/89.0.4389.114 Safari/537.36"
178.128.26.152 - - [01/Sep/2024:19:39:01 +0000] "GET //2019/wp-includes/wlwmanifest.xml HTTP/1.1" 200 892 "-" "Mozilla/5.0 (Windows NT 10.0; Win64; x64) AppleWebKit/537.36 (KHTML, like Gecko) Chrome/89.0.4389.114 Safari/537.36"
178.128.26.152 - - [01/Sep/2024:19:39:01 +0000] "GET //shop/wp-includes/wlwmanifest.xml HTTP/1.1" 200 892 "-" "Mozilla/5.0 (Windows NT 10.0; Win64; x64) AppleWebKit/537.36 (KHTML, like Gecko) Chrome/89.0.4389.114 Safari/537.36"
178.128.26.152 - - [01/Sep/2024:19:39:01 +0000] "GET //wp1/wp-includes/wlwmanifest.xml HTTP/1.1" 200 892 "-" "Mozilla/5.0 (Windows NT 10.0; Win64; x64) AppleWebKit/537.36 (KHTML, like Gecko) Chrome/89.0.4389.114 Safari/537.36"
178.128.26.152 - - [01/Sep/2024:19:39:01 +0000] "GET //test/wp-includes/wlwmanifest.xml HTTP/1.1" 200 892 "-" "Mozilla/5.0 (Windows NT 10.0; Win64; x64) AppleWebKit/537.36 (KHTML, like Gecko) Chrome/89.0.4389.114 Safari/537.36"
178.128.26.152 - - [01/Sep/2024:19:39:02 +0000] "GET //wp2/wp-includes/wlwmanifest.xml HTTP/1.1" 200 892 "-" "Mozilla/5.0 (Windows NT 10.0; Win64; x64) AppleWebKit/537.36 (KHTML, like Gecko) Chrome/89.0.4389.114 Safari/537.36"
178.128.26.152 - - [01/Sep/2024:19:39:02 +0000] "GET //site/wp-includes/wlwmanifest.xml HTTP/1.1" 200 892 "-" "Mozilla/5.0 (Windows NT 10.0; Win64; x64) AppleWebKit/537.36 (KHTML, like Gecko) Chrome/89.0.4389.114 Safari/537.36"
178.128.26.152 - - [01/Sep/2024:19:39:02 +0000] "GET //cms/wp-includes/wlwmanifest.xml HTTP/1.1" 200 892 "-" "Mozilla/5.0 (Windows NT 10.0; Win64; x64) AppleWebKit/537.36 (KHTML, like Gecko) Chrome/89.0.4389.114 Safari/537.36"
178.128.26.152 - - [01/Sep/2024:19:39:02 +0000] "GET //sito/wp-includes/wlwmanifest.xml HTTP/1.1" 200 892 "-" "Mozilla/5.0 (Windows NT 10.0; Win64; x64) AppleWebKit/537.36 (KHTML, like Gecko) Chrome/89.0.4389.114 Safari/537.36"
130.245.192.1 - - [01/Sep/2024:19:39:03 +0000] "GET /api/syllabi/5 HTTP/1.1" 200 96119 "https://syllabus.website/" "Mozilla/5.0 (Macintosh; Intel Mac OS X 10_15_7) AppleWebKit/537.36 (KHTML, like Gecko) Chrome/128.0.0.0 Safari/537.36"
100.38.90.207 - - [01/Sep/2024:19:39:16 +0000] "POST /api/upload HTTP/1.1" 200 168 "https://syllabus.website/" "Mozilla/5.0 (Windows NT 10.0; Win64; x64) AppleWebKit/537.36 (KHTML, like Gecko) Chrome/128.0.0.0 Safari/537.36"
47.18.216.78 - - [01/Sep/2024:19:39:23 +0000] "GET /api/syllabi HTTP/1.1" 200 18140 "https://syllabus.website/" "Mozilla/5.0 (Linux; Android 10; K) AppleWebKit/537.36 (KHTML, like Gecko) Chrome/127.0.0.0 Mobile Safari/537.36"
108.1.103.99 - - [01/Sep/2024:19:40:17 +0000] "GET /api/syllabi HTTP/1.1" 200 18140 "https://syllabus.website/" "Mozilla/5.0 (iPhone; CPU iPhone OS 16_6 like Mac OS X) AppleWebKit/605.1.15 (KHTML, like Gecko) Version/16.6 Mobile/15E148 Safari/604.1"
108.1.103.99 - - [01/Sep/2024:19:40:25 +0000] "GET /api/syllabi/21 HTTP/1.1" 200 1851589 "https://syllabus.website/" "Mozilla/5.0 (iPhone; CPU iPhone OS 16_6 like Mac OS X) AppleWebKit/605.1.15 (KHTML, like Gecko) Version/16.6 Mobile/15E148 Safari/604.1"
108.1.103.99 - - [01/Sep/2024:19:40:36 +0000] "GET /api/syllabi HTTP/1.1" 304 - "https://syllabus.website/" "Mozilla/5.0 (iPhone; CPU iPhone OS 16_6 like Mac OS X) AppleWebKit/605.1.15 (KHTML, like Gecko) Version/16.6 Mobile/15E148 Safari/604.1"
100.38.90.207 - - [01/Sep/2024:19:41:00 +0000] "POST /api/upload HTTP/1.1" 200 167 "https://syllabus.website/" "Mozilla/5.0 (Windows NT 10.0; Win64; x64) AppleWebKit/537.36 (KHTML, like Gecko) Chrome/128.0.0.0 Safari/537.36"
2607:fb91:3029:694:15ed:727b:b0a2:6cf1 - - [01/Sep/2024:19:41:38 +0000] "GET /api/syllabi HTTP/1.1" 200 18308 "https://syllabus.website/" "Mozilla/5.0 (iPhone; CPU iPhone OS 17_5_1 like Mac OS X) AppleWebKit/605.1.15 (KHTML, like Gecko) Version/17.5 Mobile/15E148 Safari/604.1"
2607:fb91:3029:694:15ed:727b:b0a2:6cf1 - - [01/Sep/2024:19:41:46 +0000] "GET /api/syllabi/4 HTTP/1.1" 200 230348 "https://syllabus.website/" "Mozilla/5.0 (iPhone; CPU iPhone OS 17_5_1 like Mac OS X) AppleWebKit/605.1.15 (KHTML, like Gecko) Version/17.5 Mobile/15E148 Safari/604.1"
130.245.192.2 - - [01/Sep/2024:19:43:53 +0000] "GET /api/syllabi HTTP/1.1" 200 18308 "https://syllabus.website/" "Mozilla/5.0 (iPhone; CPU iPhone OS 17_6_1 like Mac OS X) AppleWebKit/605.1.15 (KHTML, like Gecko) Version/17.6 Mobile/15E148 Safari/604.1"
100.38.90.207 - - [01/Sep/2024:19:44:45 +0000] "POST /api/upload HTTP/1.1" 200 171 "https://syllabus.website/" "Mozilla/5.0 (Windows NT 10.0; Win64; x64) AppleWebKit/537.36 (KHTML, like Gecko) Chrome/128.0.0.0 Safari/537.36"
100.33.74.202 - - [01/Sep/2024:19:45:01 +0000] "GET /api/syllabi HTTP/1.1" 200 18480 "https://syllabus.website/" "Mozilla/5.0 (iPhone; CPU iPhone OS 17_6_1 like Mac OS X) AppleWebKit/605.1.15 (KHTML, like Gecko) Version/17.6 Mobile/15E148 Safari/604.1"
24.228.93.218 - - [01/Sep/2024:19:45:11 +0000] "GET /api/syllabi HTTP/1.1" 200 18480 "https://syllabus.website/" "Mozilla/5.0 (iPhone; CPU iPhone OS 17_5_1 like Mac OS X) AppleWebKit/605.1.15 (KHTML, like Gecko) Version/17.5 Mobile/15E148 Safari/604.1"
100.33.74.202 - - [01/Sep/2024:19:45:28 +0000] "GET /api/syllabi/26 HTTP/1.1" 200 163837 "https://syllabus.website/" "Mozilla/5.0 (iPhone; CPU iPhone OS 17_6_1 like Mac OS X) AppleWebKit/605.1.15 (KHTML, like Gecko) Version/17.6 Mobile/15E148 Safari/604.1"
100.33.74.202 - - [01/Sep/2024:19:45:33 +0000] "GET /api/syllabi HTTP/1.1" 304 - "https://syllabus.website/" "Mozilla/5.0 (iPhone; CPU iPhone OS 17_6_1 like Mac OS X) AppleWebKit/605.1.15 (KHTML, like Gecko) Version/17.6 Mobile/15E148 Safari/604.1"
24.228.93.218 - - [01/Sep/2024:19:45:56 +0000] "GET /api/syllabi HTTP/1.1" 304 - "https://syllabus.website/" "Mozilla/5.0 (iPhone; CPU iPhone OS 17_5_1 like Mac OS X) AppleWebKit/605.1.15 (KHTML, like Gecko) Version/17.5 Mobile/15E148 Safari/604.1"
24.228.93.218 - - [01/Sep/2024:19:46:00 +0000] "GET /api/syllabi/6 HTTP/1.1" 200 374134 "https://syllabus.website/" "Mozilla/5.0 (iPhone; CPU iPhone OS 17_5_1 like Mac OS X) AppleWebKit/605.1.15 (KHTML, like Gecko) Version/17.5 Mobile/15E148 Safari/604.1"
178.128.26.152 - - [01/Sep/2024:19:46:05 +0000] "GET //wp-includes/wlwmanifest.xml HTTP/1.1" 200 892 "-" "Mozilla/5.0 (Windows NT 10.0; Win64; x64) AppleWebKit/537.36 (KHTML, like Gecko) Chrome/89.0.4389.114 Safari/537.36"
178.128.26.152 - - [01/Sep/2024:19:46:05 +0000] "GET //xmlrpc.php?rsd HTTP/1.1" 200 892 "-" "Mozilla/5.0 (Windows NT 10.0; Win64; x64) AppleWebKit/537.36 (KHTML, like Gecko) Chrome/89.0.4389.114 Safari/537.36"
178.128.26.152 - - [01/Sep/2024:19:46:06 +0000] "GET //blog/wp-includes/wlwmanifest.xml HTTP/1.1" 200 892 "-" "Mozilla/5.0 (Windows NT 10.0; Win64; x64) AppleWebKit/537.36 (KHTML, like Gecko) Chrome/89.0.4389.114 Safari/537.36"
178.128.26.152 - - [01/Sep/2024:19:46:06 +0000] "GET //web/wp-includes/wlwmanifest.xml HTTP/1.1" 200 892 "-" "Mozilla/5.0 (Windows NT 10.0; Win64; x64) AppleWebKit/537.36 (KHTML, like Gecko) Chrome/89.0.4389.114 Safari/537.36"
178.128.26.152 - - [01/Sep/2024:19:46:06 +0000] "GET //wordpress/wp-includes/wlwmanifest.xml HTTP/1.1" 200 892 "-" "Mozilla/5.0 (Windows NT 10.0; Win64; x64) AppleWebKit/537.36 (KHTML, like Gecko) Chrome/89.0.4389.114 Safari/537.36"
178.128.26.152 - - [01/Sep/2024:19:46:07 +0000] "GET //website/wp-includes/wlwmanifest.xml HTTP/1.1" 200 892 "-" "Mozilla/5.0 (Windows NT 10.0; Win64; x64) AppleWebKit/537.36 (KHTML, like Gecko) Chrome/89.0.4389.114 Safari/537.36"
178.128.26.152 - - [01/Sep/2024:19:46:07 +0000] "GET //wp/wp-includes/wlwmanifest.xml HTTP/1.1" 200 892 "-" "Mozilla/5.0 (Windows NT 10.0; Win64; x64) AppleWebKit/537.36 (KHTML, like Gecko) Chrome/89.0.4389.114 Safari/537.36"
178.128.26.152 - - [01/Sep/2024:19:46:07 +0000] "GET //news/wp-includes/wlwmanifest.xml HTTP/1.1" 200 892 "-" "Mozilla/5.0 (Windows NT 10.0; Win64; x64) AppleWebKit/537.36 (KHTML, like Gecko) Chrome/89.0.4389.114 Safari/537.36"
178.128.26.152 - - [01/Sep/2024:19:46:07 +0000] "GET //2020/wp-includes/wlwmanifest.xml HTTP/1.1" 200 892 "-" "Mozilla/5.0 (Windows NT 10.0; Win64; x64) AppleWebKit/537.36 (KHTML, like Gecko) Chrome/89.0.4389.114 Safari/537.36"
178.128.26.152 - - [01/Sep/2024:19:46:07 +0000] "GET //2019/wp-includes/wlwmanifest.xml HTTP/1.1" 200 892 "-" "Mozilla/5.0 (Windows NT 10.0; Win64; x64) AppleWebKit/537.36 (KHTML, like Gecko) Chrome/89.0.4389.114 Safari/537.36"
178.128.26.152 - - [01/Sep/2024:19:46:08 +0000] "GET //shop/wp-includes/wlwmanifest.xml HTTP/1.1" 200 892 "-" "Mozilla/5.0 (Windows NT 10.0; Win64; x64) AppleWebKit/537.36 (KHTML, like Gecko) Chrome/89.0.4389.114 Safari/537.36"
178.128.26.152 - - [01/Sep/2024:19:46:08 +0000] "GET //wp1/wp-includes/wlwmanifest.xml HTTP/1.1" 200 892 "-" "Mozilla/5.0 (Windows NT 10.0; Win64; x64) AppleWebKit/537.36 (KHTML, like Gecko) Chrome/89.0.4389.114 Safari/537.36"
178.128.26.152 - - [01/Sep/2024:19:46:08 +0000] "GET //test/wp-includes/wlwmanifest.xml HTTP/1.1" 200 892 "-" "Mozilla/5.0 (Windows NT 10.0; Win64; x64) AppleWebKit/537.36 (KHTML, like Gecko) Chrome/89.0.4389.114 Safari/537.36"
178.128.26.152 - - [01/Sep/2024:19:46:08 +0000] "GET //wp2/wp-includes/wlwmanifest.xml HTTP/1.1" 200 892 "-" "Mozilla/5.0 (Windows NT 10.0; Win64; x64) AppleWebKit/537.36 (KHTML, like Gecko) Chrome/89.0.4389.114 Safari/537.36"
178.128.26.152 - - [01/Sep/2024:19:46:09 +0000] "GET //site/wp-includes/wlwmanifest.xml HTTP/1.1" 200 892 "-" "Mozilla/5.0 (Windows NT 10.0; Win64; x64) AppleWebKit/537.36 (KHTML, like Gecko) Chrome/89.0.4389.114 Safari/537.36"
178.128.26.152 - - [01/Sep/2024:19:46:09 +0000] "GET //cms/wp-includes/wlwmanifest.xml HTTP/1.1" 200 892 "-" "Mozilla/5.0 (Windows NT 10.0; Win64; x64) AppleWebKit/537.36 (KHTML, like Gecko) Chrome/89.0.4389.114 Safari/537.36"
178.128.26.152 - - [01/Sep/2024:19:46:09 +0000] "GET //sito/wp-includes/wlwmanifest.xml HTTP/1.1" 200 892 "-" "Mozilla/5.0 (Windows NT 10.0; Win64; x64) AppleWebKit/537.36 (KHTML, like Gecko) Chrome/89.0.4389.114 Safari/537.36"
24.228.93.218 - - [01/Sep/2024:19:46:17 +0000] "GET /api/syllabi HTTP/1.1" 304 - "https://syllabus.website/" "Mozilla/5.0 (iPhone; CPU iPhone OS 17_5_1 like Mac OS X) AppleWebKit/605.1.15 (KHTML, like Gecko) Version/17.5 Mobile/15E148 Safari/604.1"
130.245.192.6 - - [01/Sep/2024:19:46:34 +0000] "GET /api/syllabi HTTP/1.1" 200 18480 "https://syllabus.website/" "Mozilla/5.0 (Linux; Android 10; K) AppleWebKit/537.36 (KHTML, like Gecko) Chrome/127.0.0.0 Mobile Safari/537.36"
100.38.90.207 - - [01/Sep/2024:19:46:46 +0000] "GET /api/syllabi HTTP/1.1" 200 18480 "https://syllabus.website/" "Mozilla/5.0 (iPhone; CPU iPhone OS 17_6 like Mac OS X) AppleWebKit/605.1.15 (KHTML, like Gecko) CriOS/128.0.6613.92 Mobile/15E148 Safari/604.1"
24.228.93.218 - - [01/Sep/2024:19:46:51 +0000] "GET /api/syllabi/16 HTTP/1.1" 200 1497059 "https://syllabus.website/" "Mozilla/5.0 (iPhone; CPU iPhone OS 17_5_1 like Mac OS X) AppleWebKit/605.1.15 (KHTML, like Gecko) Version/17.5 Mobile/15E148 Safari/604.1"
130.245.192.15 - - [01/Sep/2024:19:47:12 +0000] "GET /api/syllabi HTTP/1.1" 200 18480 "https://syllabus.website/" "Mozilla/5.0 (iPhone; CPU iPhone OS 17_5_1 like Mac OS X) AppleWebKit/605.1.15 (KHTML, like Gecko) Version/17.5 Mobile/15E148 Safari/604.1"
130.245.192.6 - - [01/Sep/2024:19:47:30 +0000] "GET /api/syllabi HTTP/1.1" 304 - "https://syllabus.website/" "Mozilla/5.0 (Linux; Android 10; K) AppleWebKit/537.36 (KHTML, like Gecko) Chrome/127.0.0.0 Mobile Safari/537.36"
130.245.192.6 - - [01/Sep/2024:19:47:37 +0000] "GET /api/syllabi HTTP/1.1" 200 18480 "https://syllabus.website/" "Mozilla/5.0 (Windows NT 10.0; Win64; x64) AppleWebKit/537.36 (KHTML, like Gecko) Chrome/128.0.0.0 Safari/537.36"
2607:fb91:3294:4ee9:9cf0:fb78:2dc1:7859 - - [01/Sep/2024:19:47:42 +0000] "GET /api/syllabi HTTP/1.1" 200 18480 "https://syllabus.website/" "Mozilla/5.0 (iPhone; CPU iPhone OS 17_6 like Mac OS X) AppleWebKit/605.1.15 (KHTML, like Gecko) CriOS/128.0.6613.98 Mobile/15E148 Safari/604.1"
